Archive member included to satisfy reference by file (symbol)

c:/program files (x86)/gnu tools arm embedded/5.4 2016q3/bin/../lib/gcc/arm-none-eabi/5.4.1/../../../../arm-none-eabi/lib/armv6-m\libc_nano.a(lib_a-exit.o)
                              c:/program files (x86)/gnu tools arm embedded/5.4 2016q3/bin/../lib/gcc/arm-none-eabi/5.4.1/../../../../arm-none-eabi/lib/armv6-m/crt0.o (exit)
c:/program files (x86)/gnu tools arm embedded/5.4 2016q3/bin/../lib/gcc/arm-none-eabi/5.4.1/../../../../arm-none-eabi/lib/armv6-m\libc_nano.a(lib_a-impure.o)
                              c:/program files (x86)/gnu tools arm embedded/5.4 2016q3/bin/../lib/gcc/arm-none-eabi/5.4.1/../../../../arm-none-eabi/lib/armv6-m\libc_nano.a(lib_a-exit.o) (_global_impure_ptr)
c:/program files (x86)/gnu tools arm embedded/5.4 2016q3/bin/../lib/gcc/arm-none-eabi/5.4.1/../../../../arm-none-eabi/lib/armv6-m\libc_nano.a(lib_a-init.o)
                              c:/program files (x86)/gnu tools arm embedded/5.4 2016q3/bin/../lib/gcc/arm-none-eabi/5.4.1/../../../../arm-none-eabi/lib/armv6-m/crt0.o (__libc_init_array)
c:/program files (x86)/gnu tools arm embedded/5.4 2016q3/bin/../lib/gcc/arm-none-eabi/5.4.1/../../../../arm-none-eabi/lib/armv6-m\libc_nano.a(lib_a-memset.o)
                              c:/program files (x86)/gnu tools arm embedded/5.4 2016q3/bin/../lib/gcc/arm-none-eabi/5.4.1/../../../../arm-none-eabi/lib/armv6-m/crt0.o (memset)
c:/program files (x86)/gnu tools arm embedded/5.4 2016q3/bin/../lib/gcc/arm-none-eabi/5.4.1/../../../../arm-none-eabi/lib/armv6-m\libnosys.a(_exit.o)
                              c:/program files (x86)/gnu tools arm embedded/5.4 2016q3/bin/../lib/gcc/arm-none-eabi/5.4.1/../../../../arm-none-eabi/lib/armv6-m\libc_nano.a(lib_a-exit.o) (_exit)
c:/program files (x86)/gnu tools arm embedded/5.4 2016q3/bin/../lib/gcc/arm-none-eabi/5.4.1/armv6-m\libgcc.a(_udivsi3.o)
                              _build/pstorage.o (__aeabi_uidiv)
c:/program files (x86)/gnu tools arm embedded/5.4 2016q3/bin/../lib/gcc/arm-none-eabi/5.4.1/armv6-m\libgcc.a(_divsi3.o)
                              _build/pstorage.o (__aeabi_idiv)
c:/program files (x86)/gnu tools arm embedded/5.4 2016q3/bin/../lib/gcc/arm-none-eabi/5.4.1/armv6-m\libgcc.a(_dvmd_tls.o)
                              c:/program files (x86)/gnu tools arm embedded/5.4 2016q3/bin/../lib/gcc/arm-none-eabi/5.4.1/armv6-m\libgcc.a(_udivsi3.o) (__aeabi_idiv0)
c:/program files (x86)/gnu tools arm embedded/5.4 2016q3/bin/../lib/gcc/arm-none-eabi/5.4.1/../../../../arm-none-eabi/lib/armv6-m\libc_nano.a(lib_a-memcmp.o)
                              _build/main.o (memcmp)
c:/program files (x86)/gnu tools arm embedded/5.4 2016q3/bin/../lib/gcc/arm-none-eabi/5.4.1/../../../../arm-none-eabi/lib/armv6-m\libc_nano.a(lib_a-memcpy-stub.o)
                              _build/pstorage.o (memcpy)
c:/program files (x86)/gnu tools arm embedded/5.4 2016q3/bin/../lib/gcc/arm-none-eabi/5.4.1/../../../../arm-none-eabi/lib/armv6-m\libc_nano.a(lib_a-strlen.o)
                              _build/ble_srv_common.o (strlen)

Allocating common symbols
Common symbol       size              file

__stdin             0x68              _build/retarget.o
__stdout            0x68              _build/retarget.o

Discarded input sections

 .text          0x00000000        0x0 c:/program files (x86)/gnu tools arm embedded/5.4 2016q3/bin/../lib/gcc/arm-none-eabi/5.4.1/armv6-m/crti.o
 .data          0x00000000        0x0 c:/program files (x86)/gnu tools arm embedded/5.4 2016q3/bin/../lib/gcc/arm-none-eabi/5.4.1/armv6-m/crti.o
 .bss           0x00000000        0x0 c:/program files (x86)/gnu tools arm embedded/5.4 2016q3/bin/../lib/gcc/arm-none-eabi/5.4.1/armv6-m/crti.o
 .data          0x00000000        0x4 c:/program files (x86)/gnu tools arm embedded/5.4 2016q3/bin/../lib/gcc/arm-none-eabi/5.4.1/armv6-m/crtbegin.o
 .data          0x00000000        0x0 c:/program files (x86)/gnu tools arm embedded/5.4 2016q3/bin/../lib/gcc/arm-none-eabi/5.4.1/../../../../arm-none-eabi/lib/armv6-m/crt0.o
 .bss           0x00000000        0x0 c:/program files (x86)/gnu tools arm embedded/5.4 2016q3/bin/../lib/gcc/arm-none-eabi/5.4.1/../../../../arm-none-eabi/lib/armv6-m/crt0.o
 .ARM.extab     0x00000000        0x0 c:/program files (x86)/gnu tools arm embedded/5.4 2016q3/bin/../lib/gcc/arm-none-eabi/5.4.1/../../../../arm-none-eabi/lib/armv6-m/crt0.o
 .text          0x00000000        0x0 c:/program files (x86)/gnu tools arm embedded/5.4 2016q3/bin/../lib/gcc/arm-none-eabi/5.4.1/../../../../arm-none-eabi/lib/armv6-m\libc_nano.a(lib_a-exit.o)
 .data          0x00000000        0x0 c:/program files (x86)/gnu tools arm embedded/5.4 2016q3/bin/../lib/gcc/arm-none-eabi/5.4.1/../../../../arm-none-eabi/lib/armv6-m\libc_nano.a(lib_a-exit.o)
 .bss           0x00000000        0x0 c:/program files (x86)/gnu tools arm embedded/5.4 2016q3/bin/../lib/gcc/arm-none-eabi/5.4.1/../../../../arm-none-eabi/lib/armv6-m\libc_nano.a(lib_a-exit.o)
 .text          0x00000000        0x0 c:/program files (x86)/gnu tools arm embedded/5.4 2016q3/bin/../lib/gcc/arm-none-eabi/5.4.1/../../../../arm-none-eabi/lib/armv6-m\libc_nano.a(lib_a-impure.o)
 .data          0x00000000        0x0 c:/program files (x86)/gnu tools arm embedded/5.4 2016q3/bin/../lib/gcc/arm-none-eabi/5.4.1/../../../../arm-none-eabi/lib/armv6-m\libc_nano.a(lib_a-impure.o)
 .bss           0x00000000        0x0 c:/program files (x86)/gnu tools arm embedded/5.4 2016q3/bin/../lib/gcc/arm-none-eabi/5.4.1/../../../../arm-none-eabi/lib/armv6-m\libc_nano.a(lib_a-impure.o)
 .data._impure_ptr
                0x00000000        0x4 c:/program files (x86)/gnu tools arm embedded/5.4 2016q3/bin/../lib/gcc/arm-none-eabi/5.4.1/../../../../arm-none-eabi/lib/armv6-m\libc_nano.a(lib_a-impure.o)
 .text          0x00000000        0x0 c:/program files (x86)/gnu tools arm embedded/5.4 2016q3/bin/../lib/gcc/arm-none-eabi/5.4.1/../../../../arm-none-eabi/lib/armv6-m\libc_nano.a(lib_a-init.o)
 .data          0x00000000        0x0 c:/program files (x86)/gnu tools arm embedded/5.4 2016q3/bin/../lib/gcc/arm-none-eabi/5.4.1/../../../../arm-none-eabi/lib/armv6-m\libc_nano.a(lib_a-init.o)
 .bss           0x00000000        0x0 c:/program files (x86)/gnu tools arm embedded/5.4 2016q3/bin/../lib/gcc/arm-none-eabi/5.4.1/../../../../arm-none-eabi/lib/armv6-m\libc_nano.a(lib_a-init.o)
 .text          0x00000000        0x0 c:/program files (x86)/gnu tools arm embedded/5.4 2016q3/bin/../lib/gcc/arm-none-eabi/5.4.1/../../../../arm-none-eabi/lib/armv6-m\libc_nano.a(lib_a-memset.o)
 .data          0x00000000        0x0 c:/program files (x86)/gnu tools arm embedded/5.4 2016q3/bin/../lib/gcc/arm-none-eabi/5.4.1/../../../../arm-none-eabi/lib/armv6-m\libc_nano.a(lib_a-memset.o)
 .bss           0x00000000        0x0 c:/program files (x86)/gnu tools arm embedded/5.4 2016q3/bin/../lib/gcc/arm-none-eabi/5.4.1/../../../../arm-none-eabi/lib/armv6-m\libc_nano.a(lib_a-memset.o)
 .text          0x00000000        0x0 c:/program files (x86)/gnu tools arm embedded/5.4 2016q3/bin/../lib/gcc/arm-none-eabi/5.4.1/../../../../arm-none-eabi/lib/armv6-m\libnosys.a(_exit.o)
 .data          0x00000000        0x0 c:/program files (x86)/gnu tools arm embedded/5.4 2016q3/bin/../lib/gcc/arm-none-eabi/5.4.1/../../../../arm-none-eabi/lib/armv6-m\libnosys.a(_exit.o)
 .bss           0x00000000        0x0 c:/program files (x86)/gnu tools arm embedded/5.4 2016q3/bin/../lib/gcc/arm-none-eabi/5.4.1/../../../../arm-none-eabi/lib/armv6-m\libnosys.a(_exit.o)
 .text          0x00000000        0x0 _build/app_error.o
 .data          0x00000000        0x0 _build/app_error.o
 .bss           0x00000000        0x0 _build/app_error.o
 .text          0x00000000        0x0 _build/app_fifo.o
 .data          0x00000000        0x0 _build/app_fifo.o
 .bss           0x00000000        0x0 _build/app_fifo.o
 .text.app_fifo_init
                0x00000000       0x28 _build/app_fifo.o
 .text.app_fifo_put
                0x00000000       0x28 _build/app_fifo.o
 .text.app_fifo_get
                0x00000000       0x28 _build/app_fifo.o
 .text.app_fifo_flush
                0x00000000        0x8 _build/app_fifo.o
 .text.app_fifo_read
                0x00000000       0x50 _build/app_fifo.o
 .text.app_fifo_write
                0x00000000       0x54 _build/app_fifo.o
 .comment       0x00000000       0x6f _build/app_fifo.o
 .ARM.attributes
                0x00000000       0x31 _build/app_fifo.o
 .text          0x00000000        0x0 _build/app_timer.o
 .data          0x00000000        0x0 _build/app_timer.o
 .bss           0x00000000        0x0 _build/app_timer.o
 .text.app_timer_init
                0x00000000       0xe4 _build/app_timer.o
 .text.app_timer_create
                0x00000000       0x34 _build/app_timer.o
 .text.app_timer_start
                0x00000000       0xec _build/app_timer.o
 .text.app_timer_stop
                0x00000000       0xc4 _build/app_timer.o
 .text.app_timer_stop_all
                0x00000000       0xb8 _build/app_timer.o
 .text.app_timer_cnt_get
                0x00000000       0x14 _build/app_timer.o
 .text.app_timer_cnt_diff_compute
                0x00000000        0xc _build/app_timer.o
 .text          0x00000000        0x0 _build/app_trace.o
 .data          0x00000000        0x0 _build/app_trace.o
 .bss           0x00000000        0x0 _build/app_trace.o
 .comment       0x00000000       0x6f _build/app_trace.o
 .ARM.attributes
                0x00000000       0x31 _build/app_trace.o
 .text          0x00000000        0x0 _build/nrf_assert.o
 .data          0x00000000        0x0 _build/nrf_assert.o
 .bss           0x00000000        0x0 _build/nrf_assert.o
 .comment       0x00000000       0x6f _build/nrf_assert.o
 .ARM.attributes
                0x00000000       0x31 _build/nrf_assert.o
 .text          0x00000000        0x0 _build/retarget.o
 .data          0x00000000        0x0 _build/retarget.o
 .bss           0x00000000        0x0 _build/retarget.o
 .text._write   0x00000000       0x1c _build/retarget.o
 .text._read    0x00000000       0x14 _build/retarget.o
 .comment       0x00000000       0x6f _build/retarget.o
 .ARM.attributes
                0x00000000       0x31 _build/retarget.o
 COMMON         0x00000000       0xd0 _build/retarget.o
 .text          0x00000000        0x0 _build/app_uart_fifo.o
 .data          0x00000000        0x0 _build/app_uart_fifo.o
 .bss           0x00000000        0x0 _build/app_uart_fifo.o
 .text.uart_event_handler
                0x00000000       0xc0 _build/app_uart_fifo.o
 .text.app_uart_init
                0x00000000       0xa4 _build/app_uart_fifo.o
 .text.app_uart_flush
                0x00000000       0x1c _build/app_uart_fifo.o
 .text.app_uart_get
                0x00000000       0x34 _build/app_uart_fifo.o
 .text.app_uart_put
                0x00000000       0x28 _build/app_uart_fifo.o
 .text.app_uart_close
                0x00000000        0xc _build/app_uart_fifo.o
 .rodata        0x00000000       0x20 _build/app_uart_fifo.o
 .bss.tx_buffer
                0x00000000        0x1 _build/app_uart_fifo.o
 .bss.m_event_handler
                0x00000000        0x4 _build/app_uart_fifo.o
 .bss.rx_buffer
                0x00000000        0x1 _build/app_uart_fifo.o
 .bss.m_tx_fifo
                0x00000000       0x10 _build/app_uart_fifo.o
 .bss.m_rx_fifo
                0x00000000       0x10 _build/app_uart_fifo.o
 .bss.tx_tmp    0x00000000        0x1 _build/app_uart_fifo.o
 .comment       0x00000000       0x6f _build/app_uart_fifo.o
 .ARM.attributes
                0x00000000       0x31 _build/app_uart_fifo.o
 .text          0x00000000        0x0 _build/nrf_delay.o
 .data          0x00000000        0x0 _build/nrf_delay.o
 .bss           0x00000000        0x0 _build/nrf_delay.o
 .text.nrf_delay_ms
                0x00000000       0x3c _build/nrf_delay.o
 .comment       0x00000000       0x6f _build/nrf_delay.o
 .ARM.attributes
                0x00000000       0x31 _build/nrf_delay.o
 .text          0x00000000        0x0 _build/nrf_drv_common.o
 .data          0x00000000        0x0 _build/nrf_drv_common.o
 .bss           0x00000000        0x0 _build/nrf_drv_common.o
 .text.nrf_drv_common_irq_enable
                0x00000000       0x7c _build/nrf_drv_common.o
 .comment       0x00000000       0x6f _build/nrf_drv_common.o
 .ARM.attributes
                0x00000000       0x31 _build/nrf_drv_common.o
 .text          0x00000000        0x0 _build/nrf_drv_uart.o
 .data          0x00000000        0x0 _build/nrf_drv_uart.o
 .bss           0x00000000        0x0 _build/nrf_drv_uart.o
 .text.nrf_drv_uart_init
                0x00000000      0x110 _build/nrf_drv_uart.o
 .text.nrf_drv_uart_uninit
                0x00000000       0xbc _build/nrf_drv_uart.o
 .text.nrf_drv_uart_tx
                0x00000000       0xb4 _build/nrf_drv_uart.o
 .text.nrf_drv_uart_rx
                0x00000000       0xf0 _build/nrf_drv_uart.o
 .text.nrf_drv_uart_rx_enable
                0x00000000       0x2c _build/nrf_drv_uart.o
 .text.nrf_drv_uart_rx_disable
                0x00000000       0x18 _build/nrf_drv_uart.o
 .text.nrf_drv_uart_errorsrc_get
                0x00000000       0x1c _build/nrf_drv_uart.o
 .text.nrf_drv_uart_tx_abort
                0x00000000       0x3c _build/nrf_drv_uart.o
 .text.nrf_drv_uart_rx_abort
                0x00000000       0x1c _build/nrf_drv_uart.o
 .rodata.m_default_config
                0x00000000       0x20 _build/nrf_drv_uart.o
 .text          0x00000000        0x0 _build/pstorage.o
 .data          0x00000000        0x0 _build/pstorage.o
 .bss           0x00000000        0x0 _build/pstorage.o
 .text          0x00000000        0x0 _build/client_handling.o
 .data          0x00000000        0x0 _build/client_handling.o
 .bss           0x00000000        0x0 _build/client_handling.o
 .text.client_handling_count
                0x00000000        0xc _build/client_handling.o
 .text          0x00000000        0x0 _build/main.o
 .data          0x00000000        0x0 _build/main.o
 .bss           0x00000000        0x0 _build/main.o
 .text          0x00000000        0x0 _build/ble_advdata.o
 .data          0x00000000        0x0 _build/ble_advdata.o
 .bss           0x00000000        0x0 _build/ble_advdata.o
 .text.sd_ble_gap_address_get
                0x00000000        0x4 _build/ble_advdata.o
 .text.sd_ble_gap_adv_data_set
                0x00000000        0x4 _build/ble_advdata.o
 .text.sd_ble_gap_appearance_get
                0x00000000        0x4 _build/ble_advdata.o
 .text.sd_ble_gap_device_name_get
                0x00000000        0x4 _build/ble_advdata.o
 .text.sd_ble_uuid_encode
                0x00000000        0x4 _build/ble_advdata.o
 .text.uuid_list_sized_encode
                0x00000000       0xf8 _build/ble_advdata.o
 .text.adv_data_encode
                0x00000000      0x5b8 _build/ble_advdata.o
 .text.ble_advdata_set
                0x00000000       0x68 _build/ble_advdata.o
 .comment       0x00000000       0x6f _build/ble_advdata.o
 .ARM.attributes
                0x00000000       0x31 _build/ble_advdata.o
 .text          0x00000000        0x0 _build/ble_conn_params.o
 .data          0x00000000        0x0 _build/ble_conn_params.o
 .bss           0x00000000        0x0 _build/ble_conn_params.o
 .text.sd_ble_gap_conn_param_update
                0x00000000        0x4 _build/ble_conn_params.o
 .text.sd_ble_gap_disconnect
                0x00000000        0x4 _build/ble_conn_params.o
 .text.sd_ble_gap_ppcp_set
                0x00000000        0x4 _build/ble_conn_params.o
 .text.sd_ble_gap_ppcp_get
                0x00000000        0x4 _build/ble_conn_params.o
 .text.update_timeout_handler
                0x00000000       0x78 _build/ble_conn_params.o
 .text.conn_params_negotiation
                0x00000000       0x88 _build/ble_conn_params.o
 .text.ble_conn_params_init
                0x00000000       0x78 _build/ble_conn_params.o
 .text.ble_conn_params_stop
                0x00000000       0x10 _build/ble_conn_params.o
 .text.ble_conn_params_on_ble_evt
                0x00000000       0xac _build/ble_conn_params.o
 .text.ble_conn_params_change_conn_params
                0x00000000       0x70 _build/ble_conn_params.o
 .bss.m_change_param
                0x00000000        0x1 _build/ble_conn_params.o
 .bss.m_current_conn_params
                0x00000000        0x8 _build/ble_conn_params.o
 .bss.m_update_count
                0x00000000        0x1 _build/ble_conn_params.o
 .bss.m_conn_params_config
                0x00000000       0x1c _build/ble_conn_params.o
 .bss.m_conn_params_timer_id_data
                0x00000000       0x20 _build/ble_conn_params.o
 .rodata.m_conn_params_timer_id
                0x00000000        0x4 _build/ble_conn_params.o
 .bss.m_conn_handle
                0x00000000        0x2 _build/ble_conn_params.o
 .bss.m_preferred_conn_params
                0x00000000        0x8 _build/ble_conn_params.o
 .comment       0x00000000       0x6f _build/ble_conn_params.o
 .ARM.attributes
                0x00000000       0x31 _build/ble_conn_params.o
 .text          0x00000000        0x0 _build/ble_db_discovery.o
 .data          0x00000000        0x0 _build/ble_db_discovery.o
 .bss           0x00000000        0x0 _build/ble_db_discovery.o
 .text.ble_db_discovery_close
                0x00000000       0x20 _build/ble_db_discovery.o
 .text          0x00000000        0x0 _build/ble_srv_common.o
 .data          0x00000000        0x0 _build/ble_srv_common.o
 .bss           0x00000000        0x0 _build/ble_srv_common.o
 .text.sd_ble_gatts_characteristic_add
                0x00000000        0x4 _build/ble_srv_common.o
 .text.sd_ble_gatts_descriptor_add
                0x00000000        0x4 _build/ble_srv_common.o
 .text.ble_srv_report_ref_encode
                0x00000000        0xc _build/ble_srv_common.o
 .text.ble_srv_ascii_to_utf8
                0x00000000       0x14 _build/ble_srv_common.o
 .text.characteristic_add
                0x00000000      0x368 _build/ble_srv_common.o
 .rodata.characteristic_add
                0x00000000       0x78 _build/ble_srv_common.o
 .text.descriptor_add
                0x00000000      0x15c _build/ble_srv_common.o
 .rodata.descriptor_add
                0x00000000       0x30 _build/ble_srv_common.o
 .comment       0x00000000       0x6f _build/ble_srv_common.o
 .ARM.attributes
                0x00000000       0x31 _build/ble_srv_common.o
 .text          0x00000000        0x0 _build/device_manager_central.o
 .data          0x00000000        0x0 _build/device_manager_central.o
 .bss           0x00000000        0x0 _build/device_manager_central.o
 .text.dm_security_status_req
                0x00000000       0x7c _build/device_manager_central.o
 .text.dm_whitelist_create
                0x00000000      0x160 _build/device_manager_central.o
 .text.dm_device_add
                0x00000000        0x8 _build/device_manager_central.o
 .text.dm_device_delete
                0x00000000       0xb4 _build/device_manager_central.o
 .text.dm_device_delete_all
                0x00000000       0xb4 _build/device_manager_central.o
 .text.dm_service_context_set
                0x00000000       0xc8 _build/device_manager_central.o
 .text.dm_service_context_get
                0x00000000       0xd4 _build/device_manager_central.o
 .text.dm_service_context_delete
                0x00000000       0x5c _build/device_manager_central.o
 .text.dm_application_context_set
                0x00000000        0x8 _build/device_manager_central.o
 .text.dm_application_context_get
                0x00000000        0x8 _build/device_manager_central.o
 .text.dm_application_context_delete
                0x00000000        0x8 _build/device_manager_central.o
 .text.dm_application_instance_set
                0x00000000       0x3c _build/device_manager_central.o
 .text.dm_handle_initialize
                0x00000000       0x1c _build/device_manager_central.o
 .text.dm_peer_addr_set
                0x00000000       0xbc _build/device_manager_central.o
 .text.dm_peer_addr_get
                0x00000000       0x8c _build/device_manager_central.o
 .text.dm_distributed_keys_get
                0x00000000       0xc4 _build/device_manager_central.o
 .bss.m_local_id_info
                0x00000000       0x17 _build/device_manager_central.o
 .rodata.m_context_init_len
                0x00000000        0x4 _build/device_manager_central.o
 .text          0x00000000        0x0 _build/system_nrf51.o
 .data          0x00000000        0x0 _build/system_nrf51.o
 .bss           0x00000000        0x0 _build/system_nrf51.o
 .text.SystemCoreClockUpdate
                0x00000000       0x10 _build/system_nrf51.o
 .data.SystemCoreClock
                0x00000000        0x4 _build/system_nrf51.o
 .text          0x00000000        0x0 _build/softdevice_handler.o
 .data          0x00000000        0x0 _build/softdevice_handler.o
 .bss           0x00000000        0x0 _build/softdevice_handler.o
 .text.sd_softdevice_disable
                0x00000000        0x4 _build/softdevice_handler.o
 .text.intern_softdevice_events_execute
                0x00000000       0x14 _build/softdevice_handler.o
 .text.softdevice_handler_isEnabled
                0x00000000        0xc _build/softdevice_handler.o
 .text.softdevice_handler_sd_disable
                0x00000000       0x18 _build/softdevice_handler.o
 .data          0x00000000        0x0 _build/gcc_startup_nrf51.o
 .bss           0x00000000        0x0 _build/gcc_startup_nrf51.o
 .ARM.extab     0x00000000        0x0 _build/gcc_startup_nrf51.o
 .data          0x00000000        0x0 c:/program files (x86)/gnu tools arm embedded/5.4 2016q3/bin/../lib/gcc/arm-none-eabi/5.4.1/armv6-m\libgcc.a(_udivsi3.o)
 .bss           0x00000000        0x0 c:/program files (x86)/gnu tools arm embedded/5.4 2016q3/bin/../lib/gcc/arm-none-eabi/5.4.1/armv6-m\libgcc.a(_udivsi3.o)
 .data          0x00000000        0x0 c:/program files (x86)/gnu tools arm embedded/5.4 2016q3/bin/../lib/gcc/arm-none-eabi/5.4.1/armv6-m\libgcc.a(_divsi3.o)
 .bss           0x00000000        0x0 c:/program files (x86)/gnu tools arm embedded/5.4 2016q3/bin/../lib/gcc/arm-none-eabi/5.4.1/armv6-m\libgcc.a(_divsi3.o)
 .data          0x00000000        0x0 c:/program files (x86)/gnu tools arm embedded/5.4 2016q3/bin/../lib/gcc/arm-none-eabi/5.4.1/armv6-m\libgcc.a(_dvmd_tls.o)
 .bss           0x00000000        0x0 c:/program files (x86)/gnu tools arm embedded/5.4 2016q3/bin/../lib/gcc/arm-none-eabi/5.4.1/armv6-m\libgcc.a(_dvmd_tls.o)
 .text          0x00000000        0x0 c:/program files (x86)/gnu tools arm embedded/5.4 2016q3/bin/../lib/gcc/arm-none-eabi/5.4.1/../../../../arm-none-eabi/lib/armv6-m\libc_nano.a(lib_a-memcmp.o)
 .data          0x00000000        0x0 c:/program files (x86)/gnu tools arm embedded/5.4 2016q3/bin/../lib/gcc/arm-none-eabi/5.4.1/../../../../arm-none-eabi/lib/armv6-m\libc_nano.a(lib_a-memcmp.o)
 .bss           0x00000000        0x0 c:/program files (x86)/gnu tools arm embedded/5.4 2016q3/bin/../lib/gcc/arm-none-eabi/5.4.1/../../../../arm-none-eabi/lib/armv6-m\libc_nano.a(lib_a-memcmp.o)
 .text          0x00000000        0x0 c:/program files (x86)/gnu tools arm embedded/5.4 2016q3/bin/../lib/gcc/arm-none-eabi/5.4.1/../../../../arm-none-eabi/lib/armv6-m\libc_nano.a(lib_a-memcpy-stub.o)
 .data          0x00000000        0x0 c:/program files (x86)/gnu tools arm embedded/5.4 2016q3/bin/../lib/gcc/arm-none-eabi/5.4.1/../../../../arm-none-eabi/lib/armv6-m\libc_nano.a(lib_a-memcpy-stub.o)
 .bss           0x00000000        0x0 c:/program files (x86)/gnu tools arm embedded/5.4 2016q3/bin/../lib/gcc/arm-none-eabi/5.4.1/../../../../arm-none-eabi/lib/armv6-m\libc_nano.a(lib_a-memcpy-stub.o)
 .text          0x00000000        0xe c:/program files (x86)/gnu tools arm embedded/5.4 2016q3/bin/../lib/gcc/arm-none-eabi/5.4.1/../../../../arm-none-eabi/lib/armv6-m\libc_nano.a(lib_a-strlen.o)
 .data          0x00000000        0x0 c:/program files (x86)/gnu tools arm embedded/5.4 2016q3/bin/../lib/gcc/arm-none-eabi/5.4.1/../../../../arm-none-eabi/lib/armv6-m\libc_nano.a(lib_a-strlen.o)
 .bss           0x00000000        0x0 c:/program files (x86)/gnu tools arm embedded/5.4 2016q3/bin/../lib/gcc/arm-none-eabi/5.4.1/../../../../arm-none-eabi/lib/armv6-m\libc_nano.a(lib_a-strlen.o)
 .ARM.attributes
                0x00000000       0x1c c:/program files (x86)/gnu tools arm embedded/5.4 2016q3/bin/../lib/gcc/arm-none-eabi/5.4.1/../../../../arm-none-eabi/lib/armv6-m\libc_nano.a(lib_a-strlen.o)
 .text          0x00000000        0x0 c:/program files (x86)/gnu tools arm embedded/5.4 2016q3/bin/../lib/gcc/arm-none-eabi/5.4.1/armv6-m/crtend.o
 .data          0x00000000        0x0 c:/program files (x86)/gnu tools arm embedded/5.4 2016q3/bin/../lib/gcc/arm-none-eabi/5.4.1/armv6-m/crtend.o
 .bss           0x00000000        0x0 c:/program files (x86)/gnu tools arm embedded/5.4 2016q3/bin/../lib/gcc/arm-none-eabi/5.4.1/armv6-m/crtend.o
 .eh_frame      0x00000000        0x4 c:/program files (x86)/gnu tools arm embedded/5.4 2016q3/bin/../lib/gcc/arm-none-eabi/5.4.1/armv6-m/crtend.o
 .jcr           0x00000000        0x4 c:/program files (x86)/gnu tools arm embedded/5.4 2016q3/bin/../lib/gcc/arm-none-eabi/5.4.1/armv6-m/crtend.o
 .ARM.attributes
                0x00000000       0x2c c:/program files (x86)/gnu tools arm embedded/5.4 2016q3/bin/../lib/gcc/arm-none-eabi/5.4.1/armv6-m/crtend.o
 .text          0x00000000        0x0 c:/program files (x86)/gnu tools arm embedded/5.4 2016q3/bin/../lib/gcc/arm-none-eabi/5.4.1/armv6-m/crtn.o
 .data          0x00000000        0x0 c:/program files (x86)/gnu tools arm embedded/5.4 2016q3/bin/../lib/gcc/arm-none-eabi/5.4.1/armv6-m/crtn.o
 .bss           0x00000000        0x0 c:/program files (x86)/gnu tools arm embedded/5.4 2016q3/bin/../lib/gcc/arm-none-eabi/5.4.1/armv6-m/crtn.o

Memory Configuration

Name             Origin             Length             Attributes
FLASH            0x0001c000         0x00024000         xr
RAM              0x20002800         0x00005800         xrw
*default*        0x00000000         0xffffffff

Linker script and memory map

LOAD c:/program files (x86)/gnu tools arm embedded/5.4 2016q3/bin/../lib/gcc/arm-none-eabi/5.4.1/armv6-m/crti.o
LOAD c:/program files (x86)/gnu tools arm embedded/5.4 2016q3/bin/../lib/gcc/arm-none-eabi/5.4.1/armv6-m/crtbegin.o
LOAD c:/program files (x86)/gnu tools arm embedded/5.4 2016q3/bin/../lib/gcc/arm-none-eabi/5.4.1/../../../../arm-none-eabi/lib/armv6-m/crt0.o
LOAD c:/program files (x86)/gnu tools arm embedded/5.4 2016q3/bin/../lib/gcc/arm-none-eabi/5.4.1/../../../../arm-none-eabi/lib/armv6-m\libc_nano.a
LOAD c:/program files (x86)/gnu tools arm embedded/5.4 2016q3/bin/../lib/gcc/arm-none-eabi/5.4.1/../../../../arm-none-eabi/lib/armv6-m\libnosys.a
LOAD _build/app_error.o
LOAD _build/app_fifo.o
LOAD _build/app_timer.o
LOAD _build/app_trace.o
LOAD _build/nrf_assert.o
LOAD _build/retarget.o
LOAD _build/app_uart_fifo.o
LOAD _build/nrf_delay.o
LOAD _build/nrf_drv_common.o
LOAD _build/nrf_drv_uart.o
LOAD _build/pstorage.o
LOAD _build/client_handling.o
LOAD _build/main.o
LOAD _build/ble_advdata.o
LOAD _build/ble_conn_params.o
LOAD _build/ble_db_discovery.o
LOAD _build/ble_srv_common.o
LOAD _build/device_manager_central.o
LOAD _build/system_nrf51.o
LOAD _build/softdevice_handler.o
LOAD _build/gcc_startup_nrf51.o
START GROUP
LOAD c:/program files (x86)/gnu tools arm embedded/5.4 2016q3/bin/../lib/gcc/arm-none-eabi/5.4.1/armv6-m\libgcc.a
LOAD c:/program files (x86)/gnu tools arm embedded/5.4 2016q3/bin/../lib/gcc/arm-none-eabi/5.4.1/../../../../arm-none-eabi/lib/armv6-m\libc_nano.a
END GROUP
START GROUP
LOAD c:/program files (x86)/gnu tools arm embedded/5.4 2016q3/bin/../lib/gcc/arm-none-eabi/5.4.1/armv6-m\libgcc.a
LOAD c:/program files (x86)/gnu tools arm embedded/5.4 2016q3/bin/../lib/gcc/arm-none-eabi/5.4.1/../../../../arm-none-eabi/lib/armv6-m\libc_nano.a
END GROUP
LOAD c:/program files (x86)/gnu tools arm embedded/5.4 2016q3/bin/../lib/gcc/arm-none-eabi/5.4.1/armv6-m/crtend.o
LOAD c:/program files (x86)/gnu tools arm embedded/5.4 2016q3/bin/../lib/gcc/arm-none-eabi/5.4.1/armv6-m/crtn.o
START GROUP
LOAD c:/program files (x86)/gnu tools arm embedded/5.4 2016q3/bin/../lib/gcc/arm-none-eabi/5.4.1/armv6-m\libgcc.a
LOAD c:/program files (x86)/gnu tools arm embedded/5.4 2016q3/bin/../lib/gcc/arm-none-eabi/5.4.1/../../../../arm-none-eabi/lib/armv6-m\libc.a
LOAD c:/program files (x86)/gnu tools arm embedded/5.4 2016q3/bin/../lib/gcc/arm-none-eabi/5.4.1/../../../../arm-none-eabi/lib/armv6-m\libnosys.a
END GROUP

.fs_data_out    0x00000000        0x0
                [!provide]                PROVIDE (__start_fs_data, .)
 *(fs_data)
                [!provide]                PROVIDE (__stop_fs_data, .)

.text           0x0001c000     0x4750
 *(.Vectors)
 .Vectors       0x0001c000       0xc0 _build/gcc_startup_nrf51.o
                0x0001c000                __Vectors
 *(.text*)
 .text          0x0001c0c0       0x60 c:/program files (x86)/gnu tools arm embedded/5.4 2016q3/bin/../lib/gcc/arm-none-eabi/5.4.1/armv6-m/crtbegin.o
 .text          0x0001c120       0x78 c:/program files (x86)/gnu tools arm embedded/5.4 2016q3/bin/../lib/gcc/arm-none-eabi/5.4.1/../../../../arm-none-eabi/lib/armv6-m/crt0.o
                0x0001c120                _start
                0x0001c120                _mainCRTStartup
 .text.exit     0x0001c198       0x2c c:/program files (x86)/gnu tools arm embedded/5.4 2016q3/bin/../lib/gcc/arm-none-eabi/5.4.1/../../../../arm-none-eabi/lib/armv6-m\libc_nano.a(lib_a-exit.o)
                0x0001c198                exit
 .text.__libc_init_array
                0x0001c1c4       0x4c c:/program files (x86)/gnu tools arm embedded/5.4 2016q3/bin/../lib/gcc/arm-none-eabi/5.4.1/../../../../arm-none-eabi/lib/armv6-m\libc_nano.a(lib_a-init.o)
                0x0001c1c4                __libc_init_array
 .text.memset   0x0001c210       0x10 c:/program files (x86)/gnu tools arm embedded/5.4 2016q3/bin/../lib/gcc/arm-none-eabi/5.4.1/../../../../arm-none-eabi/lib/armv6-m\libc_nano.a(lib_a-memset.o)
                0x0001c210                memset
 .text._exit    0x0001c220        0x4 c:/program files (x86)/gnu tools arm embedded/5.4 2016q3/bin/../lib/gcc/arm-none-eabi/5.4.1/../../../../arm-none-eabi/lib/armv6-m\libnosys.a(_exit.o)
                0x0001c220                _exit
 .text.app_error_handler
                0x0001c224       0x18 _build/app_error.o
                0x0001c224                app_error_handler
 .text.rtc1_stop
                0x0001c23c       0x78 _build/app_timer.o
 .text.RTC1_IRQHandler
                0x0001c2b4       0xe0 _build/app_timer.o
                0x0001c2b4                RTC1_IRQHandler
 .text.SWI0_IRQHandler
                0x0001c394      0x4c0 _build/app_timer.o
                0x0001c394                SWI0_IRQHandler
 .text.UART0_IRQHandler
                0x0001c854      0x16c _build/nrf_drv_uart.o
                0x0001c854                UART0_IRQHandler
 .text.sd_flash_write
                0x0001c9c0        0x4 _build/pstorage.o
 .text.sd_flash_page_erase
                0x0001c9c4        0x4 _build/pstorage.o
 .text.state_entry_action_run
                0x0001c9c8      0x184 _build/pstorage.o
 .text.clear_operation_execute
                0x0001cb4c      0x194 _build/pstorage.o
 .text.tail_restore_state_run
                0x0001cce0       0xb4 _build/pstorage.o
 .text.state_restore_head_entry_run
                0x0001cd94       0xb4 _build/pstorage.o
 .text.state_write_data_swap_entry_run
                0x0001ce48       0xb0 _build/pstorage.o
 .text.state_restore_tail_entry_run
                0x0001cef8       0xc4 _build/pstorage.o
 .text.data_to_swap_write_state_run
                0x0001cfbc       0xa4 _build/pstorage.o
 .text.state_swap_erase_entry_run
                0x0001d060       0xa4 _build/pstorage.o
 .text.swap_erase_state_run
                0x0001d104       0xd8 _build/pstorage.o
 .text.head_restore_state_run
                0x0001d1dc      0x1c8 _build/pstorage.o
 .text.store_cmd_flash_write_execute
                0x0001d3a4      0x134 _build/pstorage.o
 .text.data_page_erase_state_run
                0x0001d4d8      0x1f8 _build/pstorage.o
 .text.state_erase_data_page_entry_run
                0x0001d6d0       0x70 _build/pstorage.o
 .text.unlikely.cmd_queue_enqueue
                0x0001d740       0x94 _build/pstorage.o
 .text.pstorage_sys_event_handler
                0x0001d7d4      0x208 _build/pstorage.o
                0x0001d7d4                pstorage_sys_event_handler
 .text.pstorage_init
                0x0001d9dc       0xc8 _build/pstorage.o
                0x0001d9dc                pstorage_init
 .text.pstorage_register
                0x0001daa4       0xe4 _build/pstorage.o
                0x0001daa4                pstorage_register
 .text.pstorage_block_identifier_get
                0x0001db88       0x50 _build/pstorage.o
                0x0001db88                pstorage_block_identifier_get
 .text.pstorage_store
                0x0001dbd8       0x84 _build/pstorage.o
                0x0001dbd8                pstorage_store
 .text.pstorage_update
                0x0001dc5c       0x84 _build/pstorage.o
                0x0001dc5c                pstorage_update
 .text.pstorage_load
                0x0001dce0       0xac _build/pstorage.o
                0x0001dce0                pstorage_load
 .text.pstorage_clear
                0x0001dd8c       0x9c _build/pstorage.o
                0x0001dd8c                pstorage_clear
 .text.pstorage_access_status_get
                0x0001de28       0x28 _build/pstorage.o
                0x0001de28                pstorage_access_status_get
 .text.sd_ble_gattc_write
                0x0001de50        0x4 _build/client_handling.o
 .text.sd_ble_uuid_vs_add
                0x0001de54        0x4 _build/client_handling.o
 .text.db_discovery_evt_handler
                0x0001de58      0x120 _build/client_handling.o
 .text.client_handling_dm_event_handler
                0x0001df78       0x6c _build/client_handling.o
                0x0001df78                client_handling_dm_event_handler
 .text.client_handling_ble_evt_handler
                0x0001dfe4      0x1ac _build/client_handling.o
                0x0001dfe4                client_handling_ble_evt_handler
 .text.client_handling_init
                0x0001e190       0xb0 _build/client_handling.o
                0x0001e190                client_handling_init
 .text.client_handling_create
                0x0001e240       0x70 _build/client_handling.o
                0x0001e240                client_handling_create
 .text.client_handling_destroy
                0x0001e2b0       0x70 _build/client_handling.o
                0x0001e2b0                client_handling_destroy
 .text.sd_app_evt_wait
                0x0001e320        0x4 _build/main.o
 .text.sd_ble_gap_scan_start
                0x0001e324        0x4 _build/main.o
 .text.sd_ble_gap_scan_stop
                0x0001e328        0x4 _build/main.o
 .text.sd_ble_gap_connect
                0x0001e32c        0x4 _build/main.o
 .text.sd_ble_enable
                0x0001e330        0x4 _build/main.o
 .text.ble_evt_dispatch
                0x0001e334       0x9c _build/main.o
 .text.sys_evt_dispatch
                0x0001e3d0       0x5c _build/main.o
 .text.device_manager_event_handler
                0x0001e42c      0x124 _build/main.o
 .text.assert_nrf_callback
                0x0001e550       0x14 _build/main.o
                0x0001e550                assert_nrf_callback
 .text.startup.main
                0x0001e564      0x1a8 _build/main.o
                0x0001e564                main
 .text.sd_ble_gattc_primary_services_discover
                0x0001e70c        0x4 _build/ble_db_discovery.o
 .text.sd_ble_gattc_characteristics_discover
                0x0001e710        0x4 _build/ble_db_discovery.o
 .text.sd_ble_gattc_descriptors_discover
                0x0001e714        0x4 _build/ble_db_discovery.o
 .text.discovery_complete_evt_trigger
                0x0001e718       0xfc _build/ble_db_discovery.o
 .text.descriptors_discover
                0x0001e814       0xb0 _build/ble_db_discovery.o
 .text.on_srv_disc_completion.part.1
                0x0001e8c4      0x108 _build/ble_db_discovery.o
 .text.ble_db_discovery_init
                0x0001e9cc       0x20 _build/ble_db_discovery.o
                0x0001e9cc                ble_db_discovery_init
 .text.ble_db_discovery_evt_register
                0x0001e9ec       0x54 _build/ble_db_discovery.o
                0x0001e9ec                ble_db_discovery_evt_register
 .text.ble_db_discovery_start
                0x0001ea40       0x6c _build/ble_db_discovery.o
                0x0001ea40                ble_db_discovery_start
 .text.ble_db_discovery_on_ble_evt
                0x0001eaac      0x698 _build/ble_db_discovery.o
                0x0001eaac                ble_db_discovery_on_ble_evt
 .text.sd_ble_gap_authenticate
                0x0001f144        0x4 _build/device_manager_central.o
 .text.sd_ble_gap_sec_params_reply
                0x0001f148        0x4 _build/device_manager_central.o
 .text.sd_ble_gap_encrypt
                0x0001f14c        0x4 _build/device_manager_central.o
 .text.sd_ble_gatts_sys_attr_set
                0x0001f150        0x4 _build/device_manager_central.o
 .text.sd_ble_gatts_sys_attr_get
                0x0001f154        0x4 _build/device_manager_central.o
 .text.storage_operation_dummy_handler
                0x0001f158        0x4 _build/device_manager_central.o
 .text.gattc_context_load
                0x0001f15c        0x4 _build/device_manager_central.o
 .text.gatts_context_apply
                0x0001f160       0x58 _build/device_manager_central.o
 .text.gattc_context_apply
                0x0001f1b8        0x4 _build/device_manager_central.o
 .text.gatts_context_store
                0x0001f1bc       0xbc _build/device_manager_central.o
 .text.gatts_context_load
                0x0001f278       0x38 _build/device_manager_central.o
 .text.dm_pstorage_cb_handler
                0x0001f2b0      0x150 _build/device_manager_central.o
 .text.no_service_context_load
                0x0001f400        0x4 _build/device_manager_central.o
 .text.no_service_context_store
                0x0001f404        0x4 _build/device_manager_central.o
 .text.gattc_context_store
                0x0001f408        0x4 _build/device_manager_central.o
 .text.no_service_context_apply
                0x0001f40c        0x4 _build/device_manager_central.o
 .text.gattsc_context_load
                0x0001f410       0x38 _build/device_manager_central.o
 .text.gattsc_context_apply
                0x0001f448       0x58 _build/device_manager_central.o
 .text.gattsc_context_store
                0x0001f4a0       0xbc _build/device_manager_central.o
 .text.initiate_security_request
                0x0001f55c       0x68 _build/device_manager_central.o
                0x0001f55c                initiate_security_request
 .text.dm_init  0x0001f5c4      0x12c _build/device_manager_central.o
                0x0001f5c4                dm_init
 .text.dm_register
                0x0001f6f0       0x5c _build/device_manager_central.o
                0x0001f6f0                dm_register
 .text.dm_security_setup_req
                0x0001f74c      0x168 _build/device_manager_central.o
                0x0001f74c                dm_security_setup_req
 .text.dm_ble_evt_handler
                0x0001f8b4      0x750 _build/device_manager_central.o
                0x0001f8b4                dm_ble_evt_handler
 .text.SystemInit
                0x00020004       0x94 _build/system_nrf51.o
                0x00020004                SystemInit
 .text.sd_nvic_EnableIRQ
                0x00020098        0x4 _build/softdevice_handler.o
 .text.sd_evt_get
                0x0002009c        0x4 _build/softdevice_handler.o
 .text.sd_softdevice_enable
                0x000200a0        0x4 _build/softdevice_handler.o
 .text.sd_ble_evt_get
                0x000200a4        0x4 _build/softdevice_handler.o
 .text.softdevice_assertion_handler
                0x000200a8        0xc _build/softdevice_handler.o
                0x000200a8                softdevice_assertion_handler
 .text.intern_softdevice_events_execute.part.0
                0x000200b4       0xec _build/softdevice_handler.o
 .text.softdevice_handler_init
                0x000201a0       0x4c _build/softdevice_handler.o
                0x000201a0                softdevice_handler_init
 .text.softdevice_ble_evt_handler_set
                0x000201ec       0x14 _build/softdevice_handler.o
                0x000201ec                softdevice_ble_evt_handler_set
 .text.softdevice_sys_evt_handler_set
                0x00020200       0x14 _build/softdevice_handler.o
                0x00020200                softdevice_sys_evt_handler_set
 .text.SWI2_IRQHandler
                0x00020214       0x34 _build/softdevice_handler.o
                0x00020214                SWI2_IRQHandler
 .text          0x00020248       0x54 _build/gcc_startup_nrf51.o
                0x00020248                Reset_Handler
                0x00020290                NMI_Handler
                0x00020292                HardFault_Handler
                0x00020294                SVC_Handler
                0x00020296                PendSV_Handler
                0x00020298                SysTick_Handler
                0x0002029a                GPIOTE_IRQHandler
                0x0002029a                RTC0_IRQHandler
                0x0002029a                SPI0_TWI0_IRQHandler
                0x0002029a                RADIO_IRQHandler
                0x0002029a                LPCOMP_IRQHandler
                0x0002029a                SWI4_IRQHandler
                0x0002029a                TEMP_IRQHandler
                0x0002029a                QDEC_IRQHandler
                0x0002029a                SWI5_IRQHandler
                0x0002029a                TIMER0_IRQHandler
                0x0002029a                POWER_CLOCK_IRQHandler
                0x0002029a                TIMER1_IRQHandler
                0x0002029a                ECB_IRQHandler
                0x0002029a                Default_Handler
                0x0002029a                ADC_IRQHandler
                0x0002029a                SWI3_IRQHandler
                0x0002029a                CCM_AAR_IRQHandler
                0x0002029a                WDT_IRQHandler
                0x0002029a                TIMER2_IRQHandler
                0x0002029a                RNG_IRQHandler
                0x0002029a                SPI1_TWI1_IRQHandler
                0x0002029a                SWI1_IRQHandler
 .text          0x0002029c      0x114 c:/program files (x86)/gnu tools arm embedded/5.4 2016q3/bin/../lib/gcc/arm-none-eabi/5.4.1/armv6-m\libgcc.a(_udivsi3.o)
                0x0002029c                __aeabi_uidiv
                0x0002029c                __udivsi3
                0x000203a8                __aeabi_uidivmod
 .text          0x000203b0      0x1d4 c:/program files (x86)/gnu tools arm embedded/5.4 2016q3/bin/../lib/gcc/arm-none-eabi/5.4.1/armv6-m\libgcc.a(_divsi3.o)
                0x000203b0                __divsi3
                0x000203b0                __aeabi_idiv
                0x0002057c                __aeabi_idivmod
 .text          0x00020584        0x4 c:/program files (x86)/gnu tools arm embedded/5.4 2016q3/bin/../lib/gcc/arm-none-eabi/5.4.1/armv6-m\libgcc.a(_dvmd_tls.o)
                0x00020584                __aeabi_idiv0
                0x00020584                __aeabi_ldiv0
 .text.memcmp   0x00020588       0x1e c:/program files (x86)/gnu tools arm embedded/5.4 2016q3/bin/../lib/gcc/arm-none-eabi/5.4.1/../../../../arm-none-eabi/lib/armv6-m\libc_nano.a(lib_a-memcmp.o)
                0x00020588                memcmp
 .text.memcpy   0x000205a6       0x12 c:/program files (x86)/gnu tools arm embedded/5.4 2016q3/bin/../lib/gcc/arm-none-eabi/5.4.1/../../../../arm-none-eabi/lib/armv6-m\libc_nano.a(lib_a-memcpy-stub.o)
                0x000205a6                memcpy
 *(.init)
 .init          0x000205b8        0x4 c:/program files (x86)/gnu tools arm embedded/5.4 2016q3/bin/../lib/gcc/arm-none-eabi/5.4.1/armv6-m/crti.o
                0x000205b8                _init
 .init          0x000205bc        0x8 c:/program files (x86)/gnu tools arm embedded/5.4 2016q3/bin/../lib/gcc/arm-none-eabi/5.4.1/armv6-m/crtn.o
 *(.fini)
 .fini          0x000205c4        0x4 c:/program files (x86)/gnu tools arm embedded/5.4 2016q3/bin/../lib/gcc/arm-none-eabi/5.4.1/armv6-m/crti.o
                0x000205c4                _fini
 .fini          0x000205c8        0x8 c:/program files (x86)/gnu tools arm embedded/5.4 2016q3/bin/../lib/gcc/arm-none-eabi/5.4.1/armv6-m/crtn.o
 *crtbegin.o(.ctors)
 *crtbegin?.o(.ctors)
 *(EXCLUDE_FILE(*crtend.o *crtend?.o) .ctors)
 *(SORT(.ctors.*))
 *(.ctors)
 *crtbegin.o(.dtors)
 *crtbegin?.o(.dtors)
 *(EXCLUDE_FILE(*crtend.o *crtend?.o) .dtors)
 *(SORT(.dtors.*))
 *(.dtors)
 *(.rodata*)
 .rodata._global_impure_ptr
                0x000205d0        0x4 c:/program files (x86)/gnu tools arm embedded/5.4 2016q3/bin/../lib/gcc/arm-none-eabi/5.4.1/../../../../arm-none-eabi/lib/armv6-m\libc_nano.a(lib_a-impure.o)
                0x000205d0                _global_impure_ptr
 .rodata.swap_sub_state_sm_lut.5969
                0x000205d4       0x14 _build/pstorage.o
 .rodata.swap_sub_state_sm_lut.6044
                0x000205e8       0x14 _build/pstorage.o
 .rodata        0x000205fc       0x24 _build/client_handling.o
 .rodata.device_manager_event_handler
                0x00020620       0x4c _build/main.o
 .rodata.m_connection_param
                0x0002066c        0x8 _build/main.o
 .rodata.str1.4
                0x00020674        0xc _build/main.o
                                  0xa (size before relaxing)
 .rodata.m_scan_param
                0x00020680       0x10 _build/main.o
 .rodata.ble_db_discovery_on_ble_evt
                0x00020690       0x90 _build/ble_db_discovery.o
 .rodata.m_service_context_apply
                0x00020720       0x10 _build/device_manager_central.o
                0x00020720                m_service_context_apply
 .rodata.m_service_context_store
                0x00020730       0x10 _build/device_manager_central.o
                0x00020730                m_service_context_store
 .rodata.m_service_context_load
                0x00020740       0x10 _build/device_manager_central.o
                0x00020740                m_service_context_load
 *(.eh_frame*)
 .eh_frame      0x00020750        0x0 c:/program files (x86)/gnu tools arm embedded/5.4 2016q3/bin/../lib/gcc/arm-none-eabi/5.4.1/armv6-m/crtbegin.o
                0x00020750                . = ALIGN (0x4)

.glue_7         0x00020750        0x0
 .glue_7        0x00020750        0x0 linker stubs

.glue_7t        0x00020750        0x0
 .glue_7t       0x00020750        0x0 linker stubs

.vfp11_veneer   0x00020750        0x0
 .vfp11_veneer  0x00020750        0x0 linker stubs

.v4_bx          0x00020750        0x0
 .v4_bx         0x00020750        0x0 linker stubs

.iplt           0x00020750        0x0
 .iplt          0x00020750        0x0 c:/program files (x86)/gnu tools arm embedded/5.4 2016q3/bin/../lib/gcc/arm-none-eabi/5.4.1/armv6-m/crtbegin.o

.ARM.extab      0x00020750        0x0
 *(.ARM.extab* .gnu.linkonce.armextab.*)
                0x00020750                . = ALIGN (0x4)
                0x00020750                __exidx_start = .

.ARM.exidx      0x00020750        0x8
 *(.ARM.exidx* .gnu.linkonce.armexidx.*)
 .ARM.exidx     0x00020750        0x8 c:/program files (x86)/gnu tools arm embedded/5.4 2016q3/bin/../lib/gcc/arm-none-eabi/5.4.1/../../../../arm-none-eabi/lib/armv6-m/crt0.o
 .ARM.exidx     0x00020758        0x0 _build/gcc_startup_nrf51.o
                                  0x8 (size before relaxing)
                0x00020758                . = ALIGN (0x4)
                0x00020758                __exidx_end = .
                0x00020758                __etext = .

.rel.dyn        0x00020758        0x0
 .rel.iplt      0x00020758        0x0 c:/program files (x86)/gnu tools arm embedded/5.4 2016q3/bin/../lib/gcc/arm-none-eabi/5.4.1/armv6-m/crtbegin.o

.data           0x20002800       0x68 load address 0x00020758
                0x20002800                __data_start__ = .
 *(vtable)
 *(.data*)
 .data.impure_data
                0x20002800       0x60 c:/program files (x86)/gnu tools arm embedded/5.4 2016q3/bin/../lib/gcc/arm-none-eabi/5.4.1/../../../../arm-none-eabi/lib/armv6-m\libc_nano.a(lib_a-impure.o)
                0x20002860                . = ALIGN (0x4)
                0x20002860                PROVIDE (__preinit_array_start, .)
 *(.preinit_array)
                0x20002860                PROVIDE (__preinit_array_end, .)
                0x20002860                . = ALIGN (0x4)
                0x20002860                PROVIDE (__init_array_start, .)
 *(SORT(.init_array.*))
 *(.init_array)
 .init_array    0x20002860        0x4 c:/program files (x86)/gnu tools arm embedded/5.4 2016q3/bin/../lib/gcc/arm-none-eabi/5.4.1/armv6-m/crtbegin.o
                0x20002864                PROVIDE (__init_array_end, .)
                0x20002864                . = ALIGN (0x4)
                [!provide]                PROVIDE (__fini_array_start, .)
 *(SORT(.fini_array.*))
 *(.fini_array)
 .fini_array    0x20002864        0x4 c:/program files (x86)/gnu tools arm embedded/5.4 2016q3/bin/../lib/gcc/arm-none-eabi/5.4.1/armv6-m/crtbegin.o
                [!provide]                PROVIDE (__fini_array_end, .)
 *(.jcr)
 .jcr           0x20002868        0x0 c:/program files (x86)/gnu tools arm embedded/5.4 2016q3/bin/../lib/gcc/arm-none-eabi/5.4.1/armv6-m/crtbegin.o
                0x20002868                . = ALIGN (0x4)
                0x20002868                __data_end__ = .

.igot.plt       0x20002868        0x0 load address 0x000207c0
 .igot.plt      0x20002868        0x0 c:/program files (x86)/gnu tools arm embedded/5.4 2016q3/bin/../lib/gcc/arm-none-eabi/5.4.1/armv6-m/crtbegin.o

.bss            0x20002868      0x870 load address 0x000207c0
                0x20002868                . = ALIGN (0x4)
                0x20002868                __bss_start__ = .
 *(.bss*)
 .bss           0x20002868       0x1c c:/program files (x86)/gnu tools arm embedded/5.4 2016q3/bin/../lib/gcc/arm-none-eabi/5.4.1/armv6-m/crtbegin.o
 .bss.m_ticks_latest
                0x20002884        0x4 _build/app_timer.o
 .bss.mp_timer_id_head
                0x20002888        0x4 _build/app_timer.o
 .bss.m_evt_schedule_func
                0x2000288c        0x4 _build/app_timer.o
 .bss.m_user_array_size
                0x20002890        0x1 _build/app_timer.o
 *fill*         0x20002891        0x3 
 .bss.mp_users  0x20002894        0x4 _build/app_timer.o
 .bss.m_ticks_elapsed_q_read_ind
                0x20002898        0x1 _build/app_timer.o
 .bss.m_ticks_elapsed_q_write_ind
                0x20002899        0x1 _build/app_timer.o
 .bss.m_rtc1_reset
                0x2000289a        0x1 _build/app_timer.o
 *fill*         0x2000289b        0x1 
 .bss.m_ticks_elapsed
                0x2000289c        0x8 _build/app_timer.o
 .bss.m_rtc1_running
                0x200028a4        0x1 _build/app_timer.o
 *fill*         0x200028a5        0x3 
 .bss.m_cb      0x200028a8       0x18 _build/nrf_drv_uart.o
 .bss.m_cmd_queue
                0x200028c0       0x54 _build/pstorage.o
 .bss.m_current_page_id
                0x20002914        0x4 _build/pstorage.o
 .bss.m_tail_word_size
                0x20002918        0x4 _build/pstorage.o
 .bss.m_num_of_bytes_written
                0x2000291c        0x4 _build/pstorage.o
 .bss.m_next_app_instance
                0x20002920        0x2 _build/pstorage.o
 .bss.m_state   0x20002922        0x1 _build/pstorage.o
 .bss.m_swap_sub_state
                0x20002923        0x1 _build/pstorage.o
 .bss.m_head_word_size
                0x20002924        0x4 _build/pstorage.o
 .bss.m_next_page_addr
                0x20002928        0x4 _build/pstorage.o
 .bss.m_app_data_size
                0x2000292c        0x4 _build/pstorage.o
 .bss.m_flags   0x20002930        0x4 _build/pstorage.o
 .bss.m_num_of_command_retries
                0x20002934        0x4 _build/pstorage.o
 .bss.m_app_table
                0x20002938        0xc _build/pstorage.o
 .bss.m_base_uuid_type
                0x20002944        0x1 _build/client_handling.o
 .bss.m_client_count
                0x20002945        0x1 _build/client_handling.o
 *fill*         0x20002946        0x2 
 .bss.m_client  0x20002948      0x410 _build/client_handling.o
 .bss.BLE_EVT_BUFFER.8121
                0x20002d58       0x48 _build/main.o
 .bss.m_dm_app_id
                0x20002da0        0x1 _build/main.o
 .bss.m_peer_count
                0x20002da1        0x1 _build/main.o
 .bss.m_memory_access_in_progress
                0x20002da2        0x1 _build/main.o
 *fill*         0x20002da3        0x1 
 .bss.m_pending_user_evts
                0x20002da4       0x88 _build/ble_db_discovery.o
 .bss.m_pending_usr_evt_index
                0x20002e2c        0x4 _build/ble_db_discovery.o
 .bss.m_registered_handlers
                0x20002e30       0x10 _build/ble_db_discovery.o
 .bss.m_initialized
                0x20002e40        0x1 _build/ble_db_discovery.o
 *fill*         0x20002e41        0x3 
 .bss.m_num_of_handlers_reg
                0x20002e44        0x4 _build/ble_db_discovery.o
 .bss.m_module_initialized
                0x20002e48        0x1 _build/device_manager_central.o
 *fill*         0x20002e49        0x3 
 .bss.m_connection_table
                0x20002e4c       0x60 _build/device_manager_central.o
 .bss.m_peer_table
                0x20002eac       0xc0 _build/device_manager_central.o
 .bss.m_storage_handle
                0x20002f6c        0x8 _build/device_manager_central.o
 .bss.m_bond_table
                0x20002f74       0xe0 _build/device_manager_central.o
 .bss.m_gatts_table
                0x20003054       0x60 _build/device_manager_central.o
 .bss.m_peer_addr_update
                0x200030b4        0x4 _build/device_manager_central.o
 .bss.m_application_table
                0x200030b8        0xc _build/device_manager_central.o
 .bss.m_softdevice_enabled
                0x200030c4        0x1 _build/softdevice_handler.o
 *fill*         0x200030c5        0x1 
 .bss.m_ble_evt_buffer_size
                0x200030c6        0x2 _build/softdevice_handler.o
 .bss.mp_ble_evt_buffer
                0x200030c8        0x4 _build/softdevice_handler.o
 .bss.m_sys_evt_handler
                0x200030cc        0x4 _build/softdevice_handler.o
 .bss.m_ble_evt_handler
                0x200030d0        0x4 _build/softdevice_handler.o
 .bss.m_evt_schedule_func
                0x200030d4        0x4 _build/softdevice_handler.o
 *(COMMON)
                0x200030d8                . = ALIGN (0x4)
                0x200030d8                __bss_end__ = .

.heap           0x200030d8        0x0
                0x200030d8                __end__ = .
                0x200030d8                end = __end__
 *(.heap*)
 .heap          0x200030d8        0x0 _build/gcc_startup_nrf51.o
                0x200030d8                __HeapLimit = .

.stack_dummy    0x200030d8      0x800
 *(.stack*)
 .stack         0x200030d8      0x800 _build/gcc_startup_nrf51.o
                0x20008000                __StackTop = (ORIGIN (RAM) + LENGTH (RAM))
                0x20007800                __StackLimit = (__StackTop - SIZEOF (.stack_dummy))
                0x20008000                PROVIDE (__stack, __StackTop)
                0x00000001                ASSERT ((__StackLimit >= __HeapLimit), region RAM overflowed with stack)
OUTPUT(_build/nrf51422_xxac_s130.out elf32-littlearm)

.ARM.attributes
                0x00000000       0x28
 .ARM.attributes
                0x00000000       0x1e c:/program files (x86)/gnu tools arm embedded/5.4 2016q3/bin/../lib/gcc/arm-none-eabi/5.4.1/armv6-m/crti.o
 .ARM.attributes
                0x0000001e       0x2c c:/program files (x86)/gnu tools arm embedded/5.4 2016q3/bin/../lib/gcc/arm-none-eabi/5.4.1/armv6-m/crtbegin.o
 .ARM.attributes
                0x0000004a       0x1b c:/program files (x86)/gnu tools arm embedded/5.4 2016q3/bin/../lib/gcc/arm-none-eabi/5.4.1/../../../../arm-none-eabi/lib/armv6-m/crt0.o
 .ARM.attributes
                0x00000065       0x2c c:/program files (x86)/gnu tools arm embedded/5.4 2016q3/bin/../lib/gcc/arm-none-eabi/5.4.1/../../../../arm-none-eabi/lib/armv6-m\libc_nano.a(lib_a-exit.o)
 .ARM.attributes
                0x00000091       0x2c c:/program files (x86)/gnu tools arm embedded/5.4 2016q3/bin/../lib/gcc/arm-none-eabi/5.4.1/../../../../arm-none-eabi/lib/armv6-m\libc_nano.a(lib_a-impure.o)
 .ARM.attributes
                0x000000bd       0x2c c:/program files (x86)/gnu tools arm embedded/5.4 2016q3/bin/../lib/gcc/arm-none-eabi/5.4.1/../../../../arm-none-eabi/lib/armv6-m\libc_nano.a(lib_a-init.o)
 .ARM.attributes
                0x000000e9       0x2c c:/program files (x86)/gnu tools arm embedded/5.4 2016q3/bin/../lib/gcc/arm-none-eabi/5.4.1/../../../../arm-none-eabi/lib/armv6-m\libc_nano.a(lib_a-memset.o)
 .ARM.attributes
                0x00000115       0x2c c:/program files (x86)/gnu tools arm embedded/5.4 2016q3/bin/../lib/gcc/arm-none-eabi/5.4.1/../../../../arm-none-eabi/lib/armv6-m\libnosys.a(_exit.o)
 .ARM.attributes
                0x00000141       0x31 _build/app_error.o
 .ARM.attributes
                0x00000172       0x31 _build/app_timer.o
 .ARM.attributes
                0x000001a3       0x31 _build/nrf_drv_uart.o
 .ARM.attributes
                0x000001d4       0x31 _build/pstorage.o
 .ARM.attributes
                0x00000205       0x31 _build/client_handling.o
 .ARM.attributes
                0x00000236       0x31 _build/main.o
 .ARM.attributes
                0x00000267       0x31 _build/ble_db_discovery.o
 .ARM.attributes
                0x00000298       0x31 _build/device_manager_central.o
 .ARM.attributes
                0x000002c9       0x31 _build/system_nrf51.o
 .ARM.attributes
                0x000002fa       0x31 _build/softdevice_handler.o
 .ARM.attributes
                0x0000032b       0x1b _build/gcc_startup_nrf51.o
 .ARM.attributes
                0x00000346       0x1e c:/program files (x86)/gnu tools arm embedded/5.4 2016q3/bin/../lib/gcc/arm-none-eabi/5.4.1/armv6-m\libgcc.a(_udivsi3.o)
 .ARM.attributes
                0x00000364       0x1e c:/program files (x86)/gnu tools arm embedded/5.4 2016q3/bin/../lib/gcc/arm-none-eabi/5.4.1/armv6-m\libgcc.a(_divsi3.o)
 .ARM.attributes
                0x00000382       0x1e c:/program files (x86)/gnu tools arm embedded/5.4 2016q3/bin/../lib/gcc/arm-none-eabi/5.4.1/armv6-m\libgcc.a(_dvmd_tls.o)
 .ARM.attributes
                0x000003a0       0x2c c:/program files (x86)/gnu tools arm embedded/5.4 2016q3/bin/../lib/gcc/arm-none-eabi/5.4.1/../../../../arm-none-eabi/lib/armv6-m\libc_nano.a(lib_a-memcmp.o)
 .ARM.attributes
                0x000003cc       0x2c c:/program files (x86)/gnu tools arm embedded/5.4 2016q3/bin/../lib/gcc/arm-none-eabi/5.4.1/../../../../arm-none-eabi/lib/armv6-m\libc_nano.a(lib_a-memcpy-stub.o)
 .ARM.attributes
                0x000003f8       0x1e c:/program files (x86)/gnu tools arm embedded/5.4 2016q3/bin/../lib/gcc/arm-none-eabi/5.4.1/armv6-m/crtn.o

.comment        0x00000000       0x6e
 .comment       0x00000000       0x6e _build/app_error.o
                                 0x6f (size before relaxing)
 .comment       0x0000006e       0x6f _build/app_timer.o
 .comment       0x0000006e       0x6f _build/nrf_drv_uart.o
 .comment       0x0000006e       0x6f _build/pstorage.o
 .comment       0x0000006e       0x6f _build/client_handling.o
 .comment       0x0000006e       0x6f _build/main.o
 .comment       0x0000006e       0x6f _build/ble_db_discovery.o
 .comment       0x0000006e       0x6f _build/device_manager_central.o
 .comment       0x0000006e       0x6f _build/system_nrf51.o
 .comment       0x0000006e       0x6f _build/softdevice_handler.o

.debug_frame    0x00000000      0x128
 .debug_frame   0x00000000       0x28 c:/program files (x86)/gnu tools arm embedded/5.4 2016q3/bin/../lib/gcc/arm-none-eabi/5.4.1/../../../../arm-none-eabi/lib/armv6-m\libc_nano.a(lib_a-exit.o)
 .debug_frame   0x00000028       0x2c c:/program files (x86)/gnu tools arm embedded/5.4 2016q3/bin/../lib/gcc/arm-none-eabi/5.4.1/../../../../arm-none-eabi/lib/armv6-m\libc_nano.a(lib_a-init.o)
 .debug_frame   0x00000054       0x20 c:/program files (x86)/gnu tools arm embedded/5.4 2016q3/bin/../lib/gcc/arm-none-eabi/5.4.1/../../../../arm-none-eabi/lib/armv6-m\libc_nano.a(lib_a-memset.o)
 .debug_frame   0x00000074       0x20 c:/program files (x86)/gnu tools arm embedded/5.4 2016q3/bin/../lib/gcc/arm-none-eabi/5.4.1/../../../../arm-none-eabi/lib/armv6-m\libnosys.a(_exit.o)
 .debug_frame   0x00000094       0x20 c:/program files (x86)/gnu tools arm embedded/5.4 2016q3/bin/../lib/gcc/arm-none-eabi/5.4.1/armv6-m\libgcc.a(_udivsi3.o)
 .debug_frame   0x000000b4       0x20 c:/program files (x86)/gnu tools arm embedded/5.4 2016q3/bin/../lib/gcc/arm-none-eabi/5.4.1/armv6-m\libgcc.a(_divsi3.o)
 .debug_frame   0x000000d4       0x2c c:/program files (x86)/gnu tools arm embedded/5.4 2016q3/bin/../lib/gcc/arm-none-eabi/5.4.1/../../../../arm-none-eabi/lib/armv6-m\libc_nano.a(lib_a-memcmp.o)
 .debug_frame   0x00000100       0x28 c:/program files (x86)/gnu tools arm embedded/5.4 2016q3/bin/../lib/gcc/arm-none-eabi/5.4.1/../../../../arm-none-eabi/lib/armv6-m\libc_nano.a(lib_a-memcpy-stub.o)
