Archive member included to satisfy reference by file (symbol)

c:/program files (x86)/gnu tools arm embedded/5.4 2016q3/bin/../lib/gcc/arm-none-eabi/5.4.1/../../../../arm-none-eabi/lib/armv6-m\libc_nano.a(lib_a-exit.o)
                              c:/program files (x86)/gnu tools arm embedded/5.4 2016q3/bin/../lib/gcc/arm-none-eabi/5.4.1/../../../../arm-none-eabi/lib/armv6-m/crt0.o (exit)
c:/program files (x86)/gnu tools arm embedded/5.4 2016q3/bin/../lib/gcc/arm-none-eabi/5.4.1/../../../../arm-none-eabi/lib/armv6-m\libc_nano.a(lib_a-impure.o)
                              c:/program files (x86)/gnu tools arm embedded/5.4 2016q3/bin/../lib/gcc/arm-none-eabi/5.4.1/../../../../arm-none-eabi/lib/armv6-m\libc_nano.a(lib_a-exit.o) (_global_impure_ptr)
c:/program files (x86)/gnu tools arm embedded/5.4 2016q3/bin/../lib/gcc/arm-none-eabi/5.4.1/../../../../arm-none-eabi/lib/armv6-m\libc_nano.a(lib_a-init.o)
                              c:/program files (x86)/gnu tools arm embedded/5.4 2016q3/bin/../lib/gcc/arm-none-eabi/5.4.1/../../../../arm-none-eabi/lib/armv6-m/crt0.o (__libc_init_array)
c:/program files (x86)/gnu tools arm embedded/5.4 2016q3/bin/../lib/gcc/arm-none-eabi/5.4.1/../../../../arm-none-eabi/lib/armv6-m\libc_nano.a(lib_a-memset.o)
                              c:/program files (x86)/gnu tools arm embedded/5.4 2016q3/bin/../lib/gcc/arm-none-eabi/5.4.1/../../../../arm-none-eabi/lib/armv6-m/crt0.o (memset)
c:/program files (x86)/gnu tools arm embedded/5.4 2016q3/bin/../lib/gcc/arm-none-eabi/5.4.1/../../../../arm-none-eabi/lib/armv6-m\libnosys.a(_exit.o)
                              c:/program files (x86)/gnu tools arm embedded/5.4 2016q3/bin/../lib/gcc/arm-none-eabi/5.4.1/../../../../arm-none-eabi/lib/armv6-m\libc_nano.a(lib_a-exit.o) (_exit)
c:/program files (x86)/gnu tools arm embedded/5.4 2016q3/bin/../lib/gcc/arm-none-eabi/5.4.1/armv6-m\libgcc.a(_udivsi3.o)
                              _build/pstorage.o (__aeabi_uidiv)
c:/program files (x86)/gnu tools arm embedded/5.4 2016q3/bin/../lib/gcc/arm-none-eabi/5.4.1/armv6-m\libgcc.a(_divsi3.o)
                              _build/pstorage.o (__aeabi_idiv)
c:/program files (x86)/gnu tools arm embedded/5.4 2016q3/bin/../lib/gcc/arm-none-eabi/5.4.1/armv6-m\libgcc.a(_dvmd_tls.o)
                              c:/program files (x86)/gnu tools arm embedded/5.4 2016q3/bin/../lib/gcc/arm-none-eabi/5.4.1/armv6-m\libgcc.a(_udivsi3.o) (__aeabi_idiv0)
c:/program files (x86)/gnu tools arm embedded/5.4 2016q3/bin/../lib/gcc/arm-none-eabi/5.4.1/../../../../arm-none-eabi/lib/armv6-m\libc_nano.a(lib_a-memcmp.o)
                              _build/device_manager_peripheral.o (memcmp)
c:/program files (x86)/gnu tools arm embedded/5.4 2016q3/bin/../lib/gcc/arm-none-eabi/5.4.1/../../../../arm-none-eabi/lib/armv6-m\libc_nano.a(lib_a-memcpy-stub.o)
                              _build/pstorage.o (memcpy)
c:/program files (x86)/gnu tools arm embedded/5.4 2016q3/bin/../lib/gcc/arm-none-eabi/5.4.1/../../../../arm-none-eabi/lib/armv6-m\libc_nano.a(lib_a-snprintf.o)
                              _build/main.o (snprintf)
c:/program files (x86)/gnu tools arm embedded/5.4 2016q3/bin/../lib/gcc/arm-none-eabi/5.4.1/../../../../arm-none-eabi/lib/armv6-m\libc_nano.a(lib_a-sprintf.o)
                              _build/main.o (sprintf)
c:/program files (x86)/gnu tools arm embedded/5.4 2016q3/bin/../lib/gcc/arm-none-eabi/5.4.1/../../../../arm-none-eabi/lib/armv6-m\libc_nano.a(lib_a-strlen.o)
                              _build/ble_srv_common.o (strlen)
c:/program files (x86)/gnu tools arm embedded/5.4 2016q3/bin/../lib/gcc/arm-none-eabi/5.4.1/../../../../arm-none-eabi/lib/armv6-m\libc_nano.a(lib_a-strncpy.o)
                              _build/main.o (strncpy)
c:/program files (x86)/gnu tools arm embedded/5.4 2016q3/bin/../lib/gcc/arm-none-eabi/5.4.1/../../../../arm-none-eabi/lib/armv6-m\libc_nano.a(lib_a-vsnprintf.o)
                              _build/main.o (vsnprintf)
c:/program files (x86)/gnu tools arm embedded/5.4 2016q3/bin/../lib/gcc/arm-none-eabi/5.4.1/../../../../arm-none-eabi/lib/armv6-m\libc_nano.a(lib_a-nano-svfprintf.o)
                              c:/program files (x86)/gnu tools arm embedded/5.4 2016q3/bin/../lib/gcc/arm-none-eabi/5.4.1/../../../../arm-none-eabi/lib/armv6-m\libc_nano.a(lib_a-snprintf.o) (_svfprintf_r)
c:/program files (x86)/gnu tools arm embedded/5.4 2016q3/bin/../lib/gcc/arm-none-eabi/5.4.1/../../../../arm-none-eabi/lib/armv6-m\libc_nano.a(lib_a-nano-vfprintf_i.o)
                              c:/program files (x86)/gnu tools arm embedded/5.4 2016q3/bin/../lib/gcc/arm-none-eabi/5.4.1/../../../../arm-none-eabi/lib/armv6-m\libc_nano.a(lib_a-nano-svfprintf.o) (_printf_i)
c:/program files (x86)/gnu tools arm embedded/5.4 2016q3/bin/../lib/gcc/arm-none-eabi/5.4.1/../../../../arm-none-eabi/lib/armv6-m\libc_nano.a(lib_a-memchr-stub.o)
[...]
Memory Configuration

Name             Origin             Length             Attributes
FLASH            0x00018000         0x00028000         xr
RAM              0x20002000         0x00006000         xrw
*default*        0x00000000         0xffffffff

Linker script and memory map

LOAD c:/program files (x86)/gnu tools arm embedded/5.4 2016q3/bin/../lib/gcc/arm-none-eabi/5.4.1/armv6-m/crti.o
LOAD c:/program files (x86)/gnu tools arm embedded/5.4 2016q3/bin/../lib/gcc/arm-none-eabi/5.4.1/armv6-m/crtbegin.o
LOAD c:/program files (x86)/gnu tools arm embedded/5.4 2016q3/bin/../lib/gcc/arm-none-eabi/5.4.1/../../../../arm-none-eabi/lib/armv6-m/crt0.o
LOAD c:/program files (x86)/gnu tools arm embedded/5.4 2016q3/bin/../lib/gcc/arm-none-eabi/5.4.1/../../../../arm-none-eabi/lib/armv6-m\libc_nano.a
LOAD c:/program files (x86)/gnu tools arm embedded/5.4 2016q3/bin/../lib/gcc/arm-none-eabi/5.4.1/../../../../arm-none-eabi/lib/armv6-m\libnosys.a
LOAD _build/app_button.o
LOAD _build/app_error.o
LOAD _build/app_fifo.o
LOAD _build/nrf_assert.o
LOAD _build/retarget.o
LOAD _build/app_uart_fifo.o
LOAD _build/nrf_delay.o
LOAD _build/nrf_drv_common.o
LOAD _build/nrf_drv_gpiote.o
LOAD _build/pstorage.o
LOAD _build/bsp.o
LOAD _build/bsp_btn_ble.o
LOAD _build/ble_advdata.o
LOAD _build/ble_advertising.o
LOAD _build/ble_conn_params.o
LOAD _build/ble_srv_common.o
LOAD _build/device_manager_peripheral.o
LOAD _build/system_nrf51.o
LOAD _build/main.o
LOAD _build/nrf_adv_conn.o
LOAD _build/nrf_advertiser.o
LOAD _build/ts_controller.o
LOAD _build/ts_peripheral.o
LOAD _build/ts_rng.o
LOAD _build/ts_whitelist.o
LOAD _build/nrf_report_disp.o
LOAD _build/nrf_report_fifo.o
LOAD _build/gcc_startup_nrf51.o
START GROUP
LOAD c:/program files (x86)/gnu tools arm embedded/5.4 2016q3/bin/../lib/gcc/arm-none-eabi/5.4.1/armv6-m\libgcc.a
LOAD c:/program files (x86)/gnu tools arm embedded/5.4 2016q3/bin/../lib/gcc/arm-none-eabi/5.4.1/../../../../arm-none-eabi/lib/armv6-m\libc_nano.a
END GROUP
START GROUP
LOAD c:/program files (x86)/gnu tools arm embedded/5.4 2016q3/bin/../lib/gcc/arm-none-eabi/5.4.1/armv6-m\libgcc.a
LOAD c:/program files (x86)/gnu tools arm embedded/5.4 2016q3/bin/../lib/gcc/arm-none-eabi/5.4.1/../../../../arm-none-eabi/lib/armv6-m\libc_nano.a
END GROUP
LOAD c:/program files (x86)/gnu tools arm embedded/5.4 2016q3/bin/../lib/gcc/arm-none-eabi/5.4.1/armv6-m/crtend.o
LOAD c:/program files (x86)/gnu tools arm embedded/5.4 2016q3/bin/../lib/gcc/arm-none-eabi/5.4.1/armv6-m/crtn.o
START GROUP
LOAD c:/program files (x86)/gnu tools arm embedded/5.4 2016q3/bin/../lib/gcc/arm-none-eabi/5.4.1/armv6-m\libgcc.a
LOAD c:/program files (x86)/gnu tools arm embedded/5.4 2016q3/bin/../lib/gcc/arm-none-eabi/5.4.1/../../../../arm-none-eabi/lib/armv6-m\libc.a
LOAD c:/program files (x86)/gnu tools arm embedded/5.4 2016q3/bin/../lib/gcc/arm-none-eabi/5.4.1/../../../../arm-none-eabi/lib/armv6-m\libnosys.a
END GROUP

.text           0x00018000     0x3118
 *(.Vectors)
 .Vectors       0x00018000       0xc0 _build/gcc_startup_nrf51.o
                0x00018000                __Vectors
 *(.text*)
 .text          0x000180c0       0x78 c:/program files (x86)/gnu tools arm embedded/5.4 2016q3/bin/../lib/gcc/arm-none-eabi/5.4.1/../../../../arm-none-eabi/lib/armv6-m/crt0.o
                0x000180c0                _start
                0x000180c0                _mainCRTStartup
 .text.exit     0x00018138       0x2c c:/program files (x86)/gnu tools arm embedded/5.4 2016q3/bin/../lib/gcc/arm-none-eabi/5.4.1/../../../../arm-none-eabi/lib/armv6-m\libc_nano.a(lib_a-exit.o)
                0x00018138                exit
 .text.__libc_init_array
                0x00018164       0x4c c:/program files (x86)/gnu tools arm embedded/5.4 2016q3/bin/../lib/gcc/arm-none-eabi/5.4.1/../../../../arm-none-eabi/lib/armv6-m\libc_nano.a(lib_a-init.o)
                0x00018164                __libc_init_array
 .text.memset   0x000181b0       0x10 c:/program files (x86)/gnu tools arm embedded/5.4 2016q3/bin/../lib/gcc/arm-none-eabi/5.4.1/../../../../arm-none-eabi/lib/armv6-m\libc_nano.a(lib_a-memset.o)
                0x000181b0                memset
 .text._exit    0x000181c0        0x4 c:/program files (x86)/gnu tools arm embedded/5.4 2016q3/bin/../lib/gcc/arm-none-eabi/5.4.1/../../../../arm-none-eabi/lib/armv6-m\libnosys.a(_exit.o)
                0x000181c0                _exit
 .text.app_fifo_init
                0x000181c4       0x28 _build/app_fifo.o
                0x000181c4                app_fifo_init
 .text.app_fifo_put
                0x000181ec       0x28 _build/app_fifo.o
                0x000181ec                app_fifo_put
 .text.app_fifo_get
                0x00018214       0x28 _build/app_fifo.o
                0x00018214                app_fifo_get
 .text.gpiote_uart_event_handler
                0x0001823c       0xc0 _build/app_uart_fifo.o
 .text.UART0_IRQHandler
                0x000182fc      0x124 _build/app_uart_fifo.o
                0x000182fc                UART0_IRQHandler
 .text.app_uart_init
                0x00018420      0x2b0 _build/app_uart_fifo.o
                0x00018420                app_uart_init
 .text.app_uart_get
                0x000186d0       0x10 _build/app_uart_fifo.o
                0x000186d0                app_uart_get
 .text.app_uart_put
                0x000186e0       0x80 _build/app_uart_fifo.o
                0x000186e0                app_uart_put
 .text.nrf_drv_common_irq_enable
                0x00018760       0x7c _build/nrf_drv_common.o
                0x00018760                nrf_drv_common_irq_enable
 .text.nrf_drv_gpiote_init
                0x000187dc       0x54 _build/nrf_drv_gpiote.o
                0x000187dc                nrf_drv_gpiote_init
 .text.nrf_drv_gpiote_is_init
                0x00018830       0x14 _build/nrf_drv_gpiote.o
                0x00018830                nrf_drv_gpiote_is_init
 .text.nrf_drv_gpiote_out_init
                0x00018844       0xd0 _build/nrf_drv_gpiote.o
                0x00018844                nrf_drv_gpiote_out_init
 .text.nrf_drv_gpiote_in_init
                0x00018914       0xf8 _build/nrf_drv_gpiote.o
                0x00018914                nrf_drv_gpiote_in_init
 .text.nrf_drv_gpiote_in_event_enable
                0x00018a0c       0xa8 _build/nrf_drv_gpiote.o
                0x00018a0c                nrf_drv_gpiote_in_event_enable
 .text.nrf_drv_gpiote_in_is_set
                0x00018ab4       0x14 _build/nrf_drv_gpiote.o
                0x00018ab4                nrf_drv_gpiote_in_is_set
 .text.GPIOTE_IRQHandler
                0x00018ac8      0x1ec _build/nrf_drv_gpiote.o
                0x00018ac8                GPIOTE_IRQHandler
 .text.sd_ble_gap_adv_data_set
                0x00018cb4        0x4 _build/ble_advdata.o
 .text.sd_ble_gap_appearance_get
                0x00018cb8        0x4 _build/ble_advdata.o
 .text.sd_ble_gap_device_name_get
                0x00018cbc        0x4 _build/ble_advdata.o
 .text.sd_ble_uuid_encode
                0x00018cc0        0x4 _build/ble_advdata.o
 .text.uuid_list_sized_encode
                0x00018cc4       0xdc _build/ble_advdata.o
 .text.ble_advdata_set
                0x00018da0      0x758 _build/ble_advdata.o
                0x00018da0                ble_advdata_set
 .text.SystemInit
                0x000194f8       0x94 _build/system_nrf51.o
                0x000194f8                SystemInit
 .text.sd_ble_evt_get
                0x0001958c        0x4 _build/main.o
 .text.sd_nvic_EnableIRQ
                0x00019590        0x4 _build/main.o
 .text.sd_app_evt_wait
                0x00019594        0x4 _build/main.o
 .text.sd_evt_get
                0x00019598        0x4 _build/main.o
 .text.sd_softdevice_enable
                0x0001959c        0x4 _build/main.o
 .text.test_logf
                0x000195a0       0x38 _build/main.o
 .text.sd_assert_cb
                0x000195d8       0x5c _build/main.o
 .text.app_error_handler
                0x00019634       0x44 _build/main.o
                0x00019634                app_error_handler
 .text.uart_event_handler
                0x00019678       0x2c _build/main.o
 .text.SWI2_IRQHandler
                0x000196a4       0x3c _build/main.o
                0x000196a4                SWI2_IRQHandler
 .text.startup.main
                0x000196e0      0x15c _build/main.o
                0x000196e0                main
 .text.SWI0_IRQHandler
                0x0001983c       0x88 _build/main.o
                0x0001983c                SWI0_IRQHandler
 .text.sd_ble_gap_address_set
                0x000198c4        0x4 _build/nrf_adv_conn.o
 .text.sd_ble_gap_adv_start
                0x000198c8        0x4 _build/nrf_adv_conn.o
 .text.sd_ble_gap_sec_params_reply
                0x000198cc        0x4 _build/nrf_adv_conn.o
 .text.sd_ble_gatts_sys_attr_set
                0x000198d0        0x4 _build/nrf_adv_conn.o
 .text.sd_ble_enable
                0x000198d4        0x4 _build/nrf_adv_conn.o
 .text.nrf_adv_conn_init
                0x000198d8       0x64 _build/nrf_adv_conn.o
                0x000198d8                nrf_adv_conn_init
 .text.nrf_adv_conn_evt_handler
                0x0001993c       0x4c _build/nrf_adv_conn.o
                0x0001993c                nrf_adv_conn_evt_handler
 .text.sd_radio_session_open
                0x00019988        0x4 _build/nrf_advertiser.o
 .text.radio_signal_callback
                0x0001998c       0x14 _build/nrf_advertiser.o
 .text.btle_hci_adv_sd_evt_handler
                0x000199a0       0x20 _build/nrf_advertiser.o
                0x000199a0                btle_hci_adv_sd_evt_handler
 .text.btle_hci_adv_init
                0x000199c0       0x24 _build/nrf_advertiser.o
                0x000199c0                btle_hci_adv_init
 .text.btle_hci_adv_report_get
                0x000199e4       0x10 _build/nrf_advertiser.o
                0x000199e4                btle_hci_adv_report_get
 .text.btle_hci_adv_params_set
                0x000199f4        0x8 _build/nrf_advertiser.o
                0x000199f4                btle_hci_adv_params_set
 .text.btle_hci_adv_enable
                0x000199fc       0x18 _build/nrf_advertiser.o
                0x000199fc                btle_hci_adv_enable
 .text.btle_hci_adv_data_set
                0x00019a14        0x8 _build/nrf_advertiser.o
                0x00019a14                btle_hci_adv_data_set
 .text.btle_hci_adv_scan_rsp_data_set
                0x00019a1c        0x8 _build/nrf_advertiser.o
                0x00019a1c                btle_hci_adv_scan_rsp_data_set
 .text.sd_radio_request
                0x00019a24        0x4 _build/ts_controller.o
 .text.ctrl_init
                0x00019a28       0x40 _build/ts_controller.o
                0x00019a28                ctrl_init
 .text.ctrl_signal_handler
                0x00019a68      0x2e4 _build/ts_controller.o
                0x00019a68                ctrl_signal_handler
 .text.ctrl_adv_param_set
                0x00019d4c       0xa0 _build/ts_controller.o
                0x00019d4c                ctrl_adv_param_set
 .text.ctrl_timeslot_order
                0x00019dec       0x28 _build/ts_controller.o
                0x00019dec                ctrl_timeslot_order
 .text.ctrl_timeslot_abort
                0x00019e14        0xc _build/ts_controller.o
                0x00019e14                ctrl_timeslot_abort
 .text.ctrl_adv_data_set
                0x00019e20       0x28 _build/ts_controller.o
                0x00019e20                ctrl_adv_data_set
 .text.ctrl_scan_data_set
                0x00019e48       0x28 _build/ts_controller.o
                0x00019e48                ctrl_scan_data_set
 .text.periph_radio_setup
                0x00019e70       0xc8 _build/ts_peripheral.o
                0x00019e70                periph_radio_setup
 .text.periph_radio_tifs_set
                0x00019f38       0x10 _build/ts_peripheral.o
                0x00019f38                periph_radio_tifs_set
 .text.periph_radio_ch_set
                0x00019f48       0x24 _build/ts_peripheral.o
                0x00019f48                periph_radio_ch_set
 .text.periph_radio_packet_ptr_set
                0x00019f6c       0x10 _build/ts_peripheral.o
                0x00019f6c                periph_radio_packet_ptr_set
 .text.periph_radio_shorts_set
                0x00019f7c       0x10 _build/ts_peripheral.o
                0x00019f7c                periph_radio_shorts_set
 .text.periph_radio_rssi_read
                0x00019f8c       0x18 _build/ts_peripheral.o
                0x00019f8c                periph_radio_rssi_read
 .text.periph_radio_intenset
                0x00019fa4       0x10 _build/ts_peripheral.o
                0x00019fa4                periph_radio_intenset
 .text.periph_radio_intenclr
                0x00019fb4       0x10 _build/ts_peripheral.o
                0x00019fb4                periph_radio_intenclr
 .text.periph_radio_channel_get
                0x00019fc4       0x18 _build/ts_peripheral.o
                0x00019fc4                periph_radio_channel_get
 .text.periph_ppi_set
                0x00019fdc       0x2c _build/ts_peripheral.o
                0x00019fdc                periph_ppi_set
 .text.periph_ppi_clear
                0x0001a008       0x14 _build/ts_peripheral.o
                0x0001a008                periph_ppi_clear
 .text.periph_timer_start
                0x0001a01c       0x40 _build/ts_peripheral.o
                0x0001a01c                periph_timer_start
 .text.periph_timer_abort
                0x0001a05c       0x18 _build/ts_peripheral.o
                0x0001a05c                periph_timer_abort
 .text.sd_rand_application_bytes_available_get
                0x0001a074        0x4 _build/ts_rng.o
 .text.sd_rand_application_vector_get
                0x0001a078        0x4 _build/ts_rng.o
 .text.adv_rng_init
                0x0001a07c       0x20 _build/ts_rng.o
                0x0001a07c                adv_rng_init
 .text.wl_enable
                0x0001a09c        0x4 _build/ts_whitelist.o
                0x0001a09c                wl_enable
 .text.wl_disable
                0x0001a0a0        0x4 _build/ts_whitelist.o
                0x0001a0a0                wl_disable
 .text.nrf_report_disp_init
                0x0001a0a4       0x60 _build/nrf_report_disp.o
                0x0001a0a4                nrf_report_disp_init
 .text.nrf_report_disp_dispatch
                0x0001a104       0x30 _build/nrf_report_disp.o
                0x0001a104                nrf_report_disp_dispatch
 .text.nrf_report_disp_get
                0x0001a134       0x18 _build/nrf_report_disp.o
                0x0001a134                nrf_report_disp_get
 .text.nrf_report_fifo_init
                0x0001a14c       0x28 _build/nrf_report_fifo.o
                0x0001a14c                nrf_report_fifo_init
 .text.nrf_report_fifo_put
                0x0001a174       0x30 _build/nrf_report_fifo.o
                0x0001a174                nrf_report_fifo_put
 .text.nrf_report_fifo_get
                0x0001a1a4       0x34 _build/nrf_report_fifo.o
                0x0001a1a4                nrf_report_fifo_get
 .text          0x0001a1d8       0x54 _build/gcc_startup_nrf51.o
                0x0001a1d8                Reset_Handler
                0x0001a220                NMI_Handler
                0x0001a222                HardFault_Handler
                0x0001a224                SVC_Handler
                0x0001a226                PendSV_Handler
                0x0001a228                SysTick_Handler
                0x0001a22a                RTC0_IRQHandler
                0x0001a22a                POWER_CLOCK_IRQHandler
                0x0001a22a                SPI0_TWI0_IRQHandler
                0x0001a22a                LPCOMP_IRQHandler
                0x0001a22a                SWI4_IRQHandler
                0x0001a22a                TEMP_IRQHandler
                0x0001a22a                QDEC_IRQHandler
                0x0001a22a                SWI5_IRQHandler
                0x0001a22a                TIMER0_IRQHandler
                0x0001a22a                RADIO_IRQHandler
                0x0001a22a                TIMER1_IRQHandler
                0x0001a22a                ECB_IRQHandler
                0x0001a22a                Default_Handler
                0x0001a22a                ADC_IRQHandler
                0x0001a22a                SWI3_IRQHandler
                0x0001a22a                CCM_AAR_IRQHandler
                0x0001a22a                WDT_IRQHandler
                0x0001a22a                TIMER2_IRQHandler
                0x0001a22a                RNG_IRQHandler
                0x0001a22a                SPI1_TWI1_IRQHandler
                0x0001a22a                RTC1_IRQHandler
                0x0001a22a                SWI1_IRQHandler
 .text          0x0001a22c      0x114 c:/program files (x86)/gnu tools arm embedded/5.4 2016q3/bin/../lib/gcc/arm-none-eabi/5.4.1/armv6-m\libgcc.a(_udivsi3.o)
                0x0001a22c                __aeabi_uidiv
                0x0001a22c                __udivsi3
                0x0001a338                __aeabi_uidivmod
 .text          0x0001a340      0x1d4 c:/program files (x86)/gnu tools arm embedded/5.4 2016q3/bin/../lib/gcc/arm-none-eabi/5.4.1/armv6-m\libgcc.a(_divsi3.o)
                0x0001a340                __divsi3
                0x0001a340                __aeabi_idiv
                0x0001a50c                __aeabi_idivmod
 .text          0x0001a514        0x4 c:/program files (x86)/gnu tools arm embedded/5.4 2016q3/bin/../lib/gcc/arm-none-eabi/5.4.1/armv6-m\libgcc.a(_dvmd_tls.o)
                0x0001a514                __aeabi_idiv0
                0x0001a514                __aeabi_ldiv0
 .text.memcmp   0x0001a518       0x1e c:/program files (x86)/gnu tools arm embedded/5.4 2016q3/bin/../lib/gcc/arm-none-eabi/5.4.1/../../../../arm-none-eabi/lib/armv6-m\libc_nano.a(lib_a-memcmp.o)
                0x0001a518                memcmp
 .text.memcpy   0x0001a536       0x12 c:/program files (x86)/gnu tools arm embedded/5.4 2016q3/bin/../lib/gcc/arm-none-eabi/5.4.1/../../../../arm-none-eabi/lib/armv6-m\libc_nano.a(lib_a-memcpy-stub.o)
                0x0001a536                memcpy
 .text.snprintf
                0x0001a548       0x64 c:/program files (x86)/gnu tools arm embedded/5.4 2016q3/bin/../lib/gcc/arm-none-eabi/5.4.1/../../../../arm-none-eabi/lib/armv6-m\libc_nano.a(lib_a-snprintf.o)
                0x0001a548                sniprintf
                0x0001a548                snprintf
 .text.sprintf  0x0001a5ac       0x44 c:/program files (x86)/gnu tools arm embedded/5.4 2016q3/bin/../lib/gcc/arm-none-eabi/5.4.1/../../../../arm-none-eabi/lib/armv6-m\libc_nano.a(lib_a-sprintf.o)
                0x0001a5ac                siprintf
                0x0001a5ac                sprintf
 .text.strncpy  0x0001a5f0       0x26 c:/program files (x86)/gnu tools arm embedded/5.4 2016q3/bin/../lib/gcc/arm-none-eabi/5.4.1/../../../../arm-none-eabi/lib/armv6-m\libc_nano.a(lib_a-strncpy.o)
                0x0001a5f0                strncpy
 .text._vsnprintf_r
                0x0001a616       0x56 c:/program files (x86)/gnu tools arm embedded/5.4 2016q3/bin/../lib/gcc/arm-none-eabi/5.4.1/../../../../arm-none-eabi/lib/armv6-m\libc_nano.a(lib_a-vsnprintf.o)
                0x0001a616                _vsniprintf_r
                0x0001a616                _vsnprintf_r
 .text.vsnprintf
                0x0001a66c       0x18 c:/program files (x86)/gnu tools arm embedded/5.4 2016q3/bin/../lib/gcc/arm-none-eabi/5.4.1/../../../../arm-none-eabi/lib/armv6-m\libc_nano.a(lib_a-vsnprintf.o)
                0x0001a66c                vsniprintf
                0x0001a66c                vsnprintf
 .text.__ssputs_r
                0x0001a684       0xc4 c:/program files (x86)/gnu tools arm embedded/5.4 2016q3/bin/../lib/gcc/arm-none-eabi/5.4.1/../../../../arm-none-eabi/lib/armv6-m\libc_nano.a(lib_a-nano-svfprintf.o)
                0x0001a684                __ssputs_r
 .text._svfprintf_r
                0x0001a748      0x1fc c:/program files (x86)/gnu tools arm embedded/5.4 2016q3/bin/../lib/gcc/arm-none-eabi/5.4.1/../../../../arm-none-eabi/lib/armv6-m\libc_nano.a(lib_a-nano-svfprintf.o)
                0x0001a748                _svfiprintf_r
                0x0001a748                _svfprintf_r
 .text._printf_common
                0x0001a944       0xdc c:/program files (x86)/gnu tools arm embedded/5.4 2016q3/bin/../lib/gcc/arm-none-eabi/5.4.1/../../../../arm-none-eabi/lib/armv6-m\libc_nano.a(lib_a-nano-vfprintf_i.o)
                0x0001a944                _printf_common
 .text._printf_i
                0x0001aa20      0x244 c:/program files (x86)/gnu tools arm embedded/5.4 2016q3/bin/../lib/gcc/arm-none-eabi/5.4.1/../../../../arm-none-eabi/lib/armv6-m\libc_nano.a(lib_a-nano-vfprintf_i.o)
                0x0001aa20                _printf_i
 .text.memchr   0x0001ac64       0x16 c:/program files (x86)/gnu tools arm embedded/5.4 2016q3/bin/../lib/gcc/arm-none-eabi/5.4.1/../../../../arm-none-eabi/lib/armv6-m\libc_nano.a(lib_a-memchr-stub.o)
                0x0001ac64                memchr
 .text.memmove  0x0001ac7a       0x2a c:/program files (x86)/gnu tools arm embedded/5.4 2016q3/bin/../lib/gcc/arm-none-eabi/5.4.1/../../../../arm-none-eabi/lib/armv6-m\libc_nano.a(lib_a-memmove.o)
                0x0001ac7a                memmove
 .text._free_r  0x0001aca4       0x98 c:/program files (x86)/gnu tools arm embedded/5.4 2016q3/bin/../lib/gcc/arm-none-eabi/5.4.1/../../../../arm-none-eabi/lib/armv6-m\libc_nano.a(lib_a-nano-freer.o)
                0x0001aca4                _free_r
 .text._malloc_r
                0x0001ad3c       0xc0 c:/program files (x86)/gnu tools arm embedded/5.4 2016q3/bin/../lib/gcc/arm-none-eabi/5.4.1/../../../../arm-none-eabi/lib/armv6-m\libc_nano.a(lib_a-nano-mallocr.o)
                0x0001ad3c                _malloc_r
 .text._realloc_r
                0x0001adfc       0x4c c:/program files (x86)/gnu tools arm embedded/5.4 2016q3/bin/../lib/gcc/arm-none-eabi/5.4.1/../../../../arm-none-eabi/lib/armv6-m\libc_nano.a(lib_a-nano-reallocr.o)
                0x0001adfc                _realloc_r
 .text._sbrk_r  0x0001ae48       0x24 c:/program files (x86)/gnu tools arm embedded/5.4 2016q3/bin/../lib/gcc/arm-none-eabi/5.4.1/../../../../arm-none-eabi/lib/armv6-m\libc_nano.a(lib_a-sbrkr.o)
                0x0001ae48                _sbrk_r
 .text.__malloc_lock
                0x0001ae6c        0x2 c:/program files (x86)/gnu tools arm embedded/5.4 2016q3/bin/../lib/gcc/arm-none-eabi/5.4.1/../../../../arm-none-eabi/lib/armv6-m\libc_nano.a(lib_a-mlock.o)
                0x0001ae6c                __malloc_lock
 .text.__malloc_unlock
                0x0001ae6e        0x2 c:/program files (x86)/gnu tools arm embedded/5.4 2016q3/bin/../lib/gcc/arm-none-eabi/5.4.1/../../../../arm-none-eabi/lib/armv6-m\libc_nano.a(lib_a-mlock.o)
                0x0001ae6e                __malloc_unlock
 .text._malloc_usable_size_r
                0x0001ae70       0x16 c:/program files (x86)/gnu tools arm embedded/5.4 2016q3/bin/../lib/gcc/arm-none-eabi/5.4.1/../../../../arm-none-eabi/lib/armv6-m\libc_nano.a(lib_a-nano-msizer.o)
                0x0001ae70                _malloc_usable_size_r
 *fill*         0x0001ae86        0x2 
 .text._sbrk    0x0001ae88       0x1c c:/program files (x86)/gnu tools arm embedded/5.4 2016q3/bin/../lib/gcc/arm-none-eabi/5.4.1/../../../../arm-none-eabi/lib/armv6-m\libnosys.a(sbrk.o)
                0x0001ae88                _sbrk
 *(.init)
 .init          0x0001aea4        0x4 c:/program files (x86)/gnu tools arm embedded/5.4 2016q3/bin/../lib/gcc/arm-none-eabi/5.4.1/armv6-m/crti.o
                0x0001aea4                _init
 .init          0x0001aea8        0x8 c:/program files (x86)/gnu tools arm embedded/5.4 2016q3/bin/../lib/gcc/arm-none-eabi/5.4.1/armv6-m/crtn.o
 *(.fini)
 .fini          0x0001aeb0        0x4 c:/program files (x86)/gnu tools arm embedded/5.4 2016q3/bin/../lib/gcc/arm-none-eabi/5.4.1/armv6-m/crti.o
                0x0001aeb0                _fini
 .fini          0x0001aeb4        0x8 c:/program files (x86)/gnu tools arm embedded/5.4 2016q3/bin/../lib/gcc/arm-none-eabi/5.4.1/armv6-m/crtn.o
 *crtbegin.o(.ctors)
 *crtbegin?.o(.ctors)
 *(EXCLUDE_FILE(*crtend.o *crtend?.o) .ctors)
 *(SORT(.ctors.*))
 *(.ctors)
 *crtbegin.o(.dtors)
 *crtbegin?.o(.dtors)
 *(EXCLUDE_FILE(*crtend.o *crtend?.o) .dtors)
 *(SORT(.dtors.*))
 *(.dtors)
 *(.rodata*)
 .rodata._global_impure_ptr
                0x0001aebc        0x4 c:/program files (x86)/gnu tools arm embedded/5.4 2016q3/bin/../lib/gcc/arm-none-eabi/5.4.1/../../../../arm-none-eabi/lib/armv6-m\libc_nano.a(lib_a-impure.o)
                0x0001aebc                _global_impure_ptr
 .rodata        0x0001aec0        0xc _build/main.o
 .rodata.__FUNCTION__.8232
                0x0001aecc        0xd _build/main.o
 *fill*         0x0001aed9        0x3 
 .rodata.str1.4
                0x0001aedc      0x1f8 _build/main.o
                                0x1f7 (size before relaxing)
 .rodata.ble_addr
                0x0001b0d4        0x7 _build/nrf_adv_conn.o
 *fill*         0x0001b0db        0x1 
 .rodata.ble_adv_type_raw
                0x0001b0dc        0x4 _build/ts_controller.o
 .rodata.freq_bins
                0x0001b0e0        0x3 _build/ts_peripheral.o
 .rodata.str1.1
                0x0001b0e3       0x11 c:/program files (x86)/gnu tools arm embedded/5.4 2016q3/bin/../lib/gcc/arm-none-eabi/5.4.1/../../../../arm-none-eabi/lib/armv6-m\libc_nano.a(lib_a-nano-svfprintf.o)
 .rodata.str1.1
                0x0001b0f4       0x22 c:/program files (x86)/gnu tools arm embedded/5.4 2016q3/bin/../lib/gcc/arm-none-eabi/5.4.1/../../../../arm-none-eabi/lib/armv6-m\libc_nano.a(lib_a-nano-vfprintf_i.o)
 *(.eh_frame*)
                0x0001b118                . = ALIGN (0x4)
 *fill*         0x0001b116        0x2 

.glue_7         0x0001b118        0x0
 .glue_7        0x0001b118        0x0 linker stubs

.glue_7t        0x0001b118        0x0
 .glue_7t       0x0001b118        0x0 linker stubs

.vfp11_veneer   0x0001b118        0x0
 .vfp11_veneer  0x0001b118        0x0 linker stubs

.v4_bx          0x0001b118        0x0
 .v4_bx         0x0001b118        0x0 linker stubs

.iplt           0x0001b118        0x0
 .iplt          0x0001b118        0x0 c:/program files (x86)/gnu tools arm embedded/5.4 2016q3/bin/../lib/gcc/arm-none-eabi/5.4.1/armv6-m/crtbegin.o

.ARM.extab      0x0001b118        0x0
 *(.ARM.extab* .gnu.linkonce.armextab.*)
                0x0001b118                . = ALIGN (0x4)
                0x0001b118                __exidx_start = .

.ARM.exidx      0x0001b118        0x8
 *(.ARM.exidx* .gnu.linkonce.armexidx.*)
 .ARM.exidx     0x0001b118        0x8 c:/program files (x86)/gnu tools arm embedded/5.4 2016q3/bin/../lib/gcc/arm-none-eabi/5.4.1/../../../../arm-none-eabi/lib/armv6-m/crt0.o
 .ARM.exidx     0x0001b120        0x0 _build/gcc_startup_nrf51.o
                                  0x8 (size before relaxing)
                0x0001b120                . = ALIGN (0x4)
                0x0001b120                __exidx_end = .
                0x0001b120                __etext = .

.rel.dyn        0x0001b120        0x0
 .rel.iplt      0x0001b120        0x0 c:/program files (x86)/gnu tools arm embedded/5.4 2016q3/bin/../lib/gcc/arm-none-eabi/5.4.1/armv6-m/crtbegin.o

.data           0x20002000       0xd8 load address 0x0001b120
                0x20002000                __data_start__ = .
 *(vtable)
 *(.data*)
 .data.impure_data
                0x20002000       0x60 c:/program files (x86)/gnu tools arm embedded/5.4 2016q3/bin/../lib/gcc/arm-none-eabi/5.4.1/../../../../arm-none-eabi/lib/armv6-m\libc_nano.a(lib_a-impure.o)
 .data._impure_ptr
                0x20002060        0x4 c:/program files (x86)/gnu tools arm embedded/5.4 2016q3/bin/../lib/gcc/arm-none-eabi/5.4.1/../../../../arm-none-eabi/lib/armv6-m\libc_nano.a(lib_a-impure.o)
                0x20002060                _impure_ptr
 .data.m_instance_counter
                0x20002064        0x1 _build/app_uart_fifo.o
 *fill*         0x20002065        0x3 
 .data.ble_adv_data
                0x20002068       0x18 _build/main.o
 .data.ble_addr
                0x20002080        0x6 _build/main.o
 *fill*         0x20002086        0x2 
 .data.ble_adv_params
                0x20002088       0x18 _build/nrf_adv_conn.o
 .data.ble_gap_bond_params
                0x200020a0        0x5 _build/nrf_adv_conn.o
 *fill*         0x200020a5        0x3 
 .data.ble_adv_man_data
                0x200020a8        0x5 _build/nrf_adv_conn.o
 *fill*         0x200020ad        0x3 
 .data.g_timeslot_req_normal
                0x200020b0       0x10 _build/ts_controller.o
 .data.ble_addr.7275
                0x200020c0        0x6 _build/ts_controller.o
 *fill*         0x200020c6        0x2 
 .data.g_timeslot_req_earliest
                0x200020c8       0x10 _build/ts_controller.o
                0x200020d8                . = ALIGN (0x4)
                0x200020d8                PROVIDE (__preinit_array_start, .)
 *(.preinit_array)
                0x200020d8                PROVIDE (__preinit_array_end, .)
                0x200020d8                . = ALIGN (0x4)
                0x200020d8                PROVIDE (__init_array_start, .)
 *(SORT(.init_array.*))
 *(.init_array)
                0x200020d8                PROVIDE (__init_array_end, .)
                0x200020d8                . = ALIGN (0x4)
                [!provide]                PROVIDE (__fini_array_start, .)
 *(SORT(.fini_array.*))
 *(.fini_array)
                [!provide]                PROVIDE (__fini_array_end, .)
 *(.jcr)
                0x200020d8                . = ALIGN (0x4)
                0x200020d8                __data_end__ = .

.igot.plt       0x200020d8        0x0 load address 0x0001b1f8
 .igot.plt      0x200020d8        0x0 c:/program files (x86)/gnu tools arm embedded/5.4 2016q3/bin/../lib/gcc/arm-none-eabi/5.4.1/armv6-m/crtbegin.o

.bss            0x200020d8      0x5e4 load address 0x0001b1f8
                0x200020d8                . = ALIGN (0x4)
                0x200020d8                __bss_start__ = .
 *(.bss*)
 .bss.m_event_handler
                0x200020d8        0x4 _build/app_uart_fifo.o
 .bss.m_tx_fifo
                0x200020dc       0x10 _build/app_uart_fifo.o
 .bss.m_current_state
                0x200020ec        0x1 _build/app_uart_fifo.o
 *fill*         0x200020ed        0x3 
 .bss.m_rx_fifo
                0x200020f0       0x10 _build/app_uart_fifo.o
 .bss.m_cb      0x20002100       0x38 _build/nrf_drv_gpiote.o
 .bss.g_sd_assert_line_num
                0x20002138        0x4 _build/main.o
 .bss.buf.8255  0x2000213c       0x96 _build/main.o
 *fill*         0x200021d2        0x2 
 .bss.g_sd_assert_file_name
                0x200021d4       0x64 _build/main.o
 .bss.rx_buf.8193
                0x20002238        0x2 _build/main.o
 *fill*         0x2000223a        0x2 
 .bss.tx_buf.8194
                0x2000223c      0x100 _build/main.o
 .bss.ble_adv_data
                0x2000233c       0x30 _build/nrf_adv_conn.o
 .bss.sm_adv_run
                0x2000236c        0x1 _build/ts_controller.o
 .bss.channel_map
                0x2000236d        0x1 _build/ts_controller.o
 *fill*         0x2000236e        0x2 
 .bss.ble_adv_data
                0x20002370       0x28 _build/ts_controller.o
 .bss.sm_state  0x20002398        0x1 _build/ts_controller.o
 *fill*         0x20002399        0x3 
 .bss.ble_scan_rsp_data
                0x2000239c       0x25 _build/ts_controller.o
 .bss.channel   0x200023c1        0x1 _build/ts_controller.o
 .bss.packet_count_invalid
                0x200023c2        0x2 _build/ts_controller.o
 .bss.packet_count_valid
                0x200023c4        0x2 _build/ts_controller.o
 *fill*         0x200023c6        0x2 
 .bss.ble_rx_buf
                0x200023c8       0x25 _build/ts_controller.o
 *fill*         0x200023ed        0x1 
 .bss.adv_int_max
                0x200023ee        0x2 _build/ts_controller.o
 .bss.adv_int_min
                0x200023f0        0x2 _build/ts_controller.o
 .bss.pool_index
                0x200023f2        0x1 _build/ts_controller.o
 *fill*         0x200023f3        0x1 
 .bss.rng_pool  0x200023f4       0xff _build/ts_controller.o
 .bss.irq_type  0x200024f3        0x1 _build/nrf_report_disp.o
 .bss.evt_buffer
                0x200024f4      0x1a0 _build/nrf_report_disp.o
 .bss.report_fifo
                0x20002694       0x10 _build/nrf_report_disp.o
 .bss.__malloc_sbrk_start
                0x200026a4        0x4 c:/program files (x86)/gnu tools arm embedded/5.4 2016q3/bin/../lib/gcc/arm-none-eabi/5.4.1/../../../../arm-none-eabi/lib/armv6-m\libc_nano.a(lib_a-nano-mallocr.o)
                0x200026a4                __malloc_sbrk_start
 .bss.__malloc_free_list
                0x200026a8        0x4 c:/program files (x86)/gnu tools arm embedded/5.4 2016q3/bin/../lib/gcc/arm-none-eabi/5.4.1/../../../../arm-none-eabi/lib/armv6-m\libc_nano.a(lib_a-nano-mallocr.o)
                0x200026a8                __malloc_free_list
 .bss.heap_end.4167
                0x200026ac        0x4 c:/program files (x86)/gnu tools arm embedded/5.4 2016q3/bin/../lib/gcc/arm-none-eabi/5.4.1/../../../../arm-none-eabi/lib/armv6-m\libnosys.a(sbrk.o)
 *(COMMON)
 COMMON         0x200026b0        0x8 _build/ts_controller.o
                0x200026b0                g_signal_callback_return_param
 COMMON         0x200026b8        0x4 c:/program files (x86)/gnu tools arm embedded/5.4 2016q3/bin/../lib/gcc/arm-none-eabi/5.4.1/../../../../arm-none-eabi/lib/armv6-m\libc_nano.a(lib_a-reent.o)
                0x200026b8                errno
                0x200026bc                . = ALIGN (0x4)
                0x200026bc                __bss_end__ = .

.heap           0x200026c0      0x800
                0x200026c0                __end__ = .
                0x200026c0                end = __end__
 *(.heap*)
 .heap          0x200026c0      0x800 _build/gcc_startup_nrf51.o
                0x200026c0                __HeapBase
                0x20002ec0                __HeapLimit = .

.stack_dummy    0x200026c0      0x800
 *(.stack*)
 .stack         0x200026c0      0x800 _build/gcc_startup_nrf51.o
                0x20008000                __StackTop = (ORIGIN (RAM) + LENGTH (RAM))
                0x20007800                __StackLimit = (__StackTop - SIZEOF (.stack_dummy))
                0x20008000                PROVIDE (__stack, __StackTop)
                0x00000001                ASSERT ((__StackLimit >= __HeapLimit), region RAM overflowed with stack)
OUTPUT(_build/nrf51422_xxac_s110.out elf32-littlearm)

.ARM.attributes
                0x00000000       0x28
 .ARM.attributes
                0x00000000       0x1e c:/program files (x86)/gnu tools arm embedded/5.4 2016q3/bin/../lib/gcc/arm-none-eabi/5.4.1/armv6-m/crti.o
 .ARM.attributes
                0x0000001e       0x1b c:/program files (x86)/gnu tools arm embedded/5.4 2016q3/bin/../lib/gcc/arm-none-eabi/5.4.1/../../../../arm-none-eabi/lib/armv6-m/crt0.o
 .ARM.attributes
                0x00000039       0x2c c:/program files (x86)/gnu tools arm embedded/5.4 2016q3/bin/../lib/gcc/arm-none-eabi/5.4.1/../../../../arm-none-eabi/lib/armv6-m\libc_nano.a(lib_a-exit.o)
 .ARM.attributes
                0x00000065       0x2c c:/program files (x86)/gnu tools arm embedded/5.4 2016q3/bin/../lib/gcc/arm-none-eabi/5.4.1/../../../../arm-none-eabi/lib/armv6-m\libc_nano.a(lib_a-impure.o)
 .ARM.attributes
                0x00000091       0x2c c:/program files (x86)/gnu tools arm embedded/5.4 2016q3/bin/../lib/gcc/arm-none-eabi/5.4.1/../../../../arm-none-eabi/lib/armv6-m\libc_nano.a(lib_a-init.o)
 .ARM.attributes
                0x000000bd       0x2c c:/program files (x86)/gnu tools arm embedded/5.4 2016q3/bin/../lib/gcc/arm-none-eabi/5.4.1/../../../../arm-none-eabi/lib/armv6-m\libc_nano.a(lib_a-memset.o)
 .ARM.attributes
                0x000000e9       0x2c c:/program files (x86)/gnu tools arm embedded/5.4 2016q3/bin/../lib/gcc/arm-none-eabi/5.4.1/../../../../arm-none-eabi/lib/armv6-m\libnosys.a(_exit.o)
 .ARM.attributes
                0x00000115       0x31 _build/app_fifo.o
 .ARM.attributes
                0x00000146       0x31 _build/app_uart_fifo.o
 .ARM.attributes
                0x00000177       0x31 _build/nrf_drv_common.o
 .ARM.attributes
                0x000001a8       0x31 _build/nrf_drv_gpiote.o
 .ARM.attributes
                0x000001d9       0x31 _build/ble_advdata.o
 .ARM.attributes
                0x0000020a       0x31 _build/system_nrf51.o
 .ARM.attributes
                0x0000023b       0x31 _build/main.o
 .ARM.attributes
                0x0000026c       0x31 _build/nrf_adv_conn.o
 .ARM.attributes
                0x0000029d       0x31 _build/nrf_advertiser.o
 .ARM.attributes
                0x000002ce       0x31 _build/ts_controller.o
 .ARM.attributes
                0x000002ff       0x31 _build/ts_peripheral.o
 .ARM.attributes
                0x00000330       0x31 _build/ts_rng.o
 .ARM.attributes
                0x00000361       0x31 _build/ts_whitelist.o
 .ARM.attributes
                0x00000392       0x31 _build/nrf_report_disp.o
 .ARM.attributes
                0x000003c3       0x31 _build/nrf_report_fifo.o
 .ARM.attributes
                0x000003f4       0x1b _build/gcc_startup_nrf51.o
 .ARM.attributes
                0x0000040f       0x1e c:/program files (x86)/gnu tools arm embedded/5.4 2016q3/bin/../lib/gcc/arm-none-eabi/5.4.1/armv6-m\libgcc.a(_udivsi3.o)
 .ARM.attributes
                0x0000042d       0x1e c:/program files (x86)/gnu tools arm embedded/5.4 2016q3/bin/../lib/gcc/arm-none-eabi/5.4.1/armv6-m\libgcc.a(_divsi3.o)
 .ARM.attributes
                0x0000044b       0x1e c:/program files (x86)/gnu tools arm embedded/5.4 2016q3/bin/../lib/gcc/arm-none-eabi/5.4.1/armv6-m\libgcc.a(_dvmd_tls.o)
 .ARM.attributes
                0x00000469       0x2c c:/program files (x86)/gnu tools arm embedded/5.4 2016q3/bin/../lib/gcc/arm-none-eabi/5.4.1/../../../../arm-none-eabi/lib/armv6-m\libc_nano.a(lib_a-memcmp.o)
 .ARM.attributes
                0x00000495       0x2c c:/program files (x86)/gnu tools arm embedded/5.4 2016q3/bin/../lib/gcc/arm-none-eabi/5.4.1/../../../../arm-none-eabi/lib/armv6-m\libc_nano.a(lib_a-memcpy-stub.o)
 .ARM.attributes
                0x000004c1       0x2c c:/program files (x86)/gnu tools arm embedded/5.4 2016q3/bin/../lib/gcc/arm-none-eabi/5.4.1/../../../../arm-none-eabi/lib/armv6-m\libc_nano.a(lib_a-snprintf.o)
 .ARM.attributes
                0x000004ed       0x2c c:/program files (x86)/gnu tools arm embedded/5.4 2016q3/bin/../lib/gcc/arm-none-eabi/5.4.1/../../../../arm-none-eabi/lib/armv6-m\libc_nano.a(lib_a-sprintf.o)
 .ARM.attributes
                0x00000519       0x2c c:/program files (x86)/gnu tools arm embedded/5.4 2016q3/bin/../lib/gcc/arm-none-eabi/5.4.1/../../../../arm-none-eabi/lib/armv6-m\libc_nano.a(lib_a-strncpy.o)
 .ARM.attributes
                0x00000545       0x2c c:/program files (x86)/gnu tools arm embedded/5.4 2016q3/bin/../lib/gcc/arm-none-eabi/5.4.1/../../../../arm-none-eabi/lib/armv6-m\libc_nano.a(lib_a-vsnprintf.o)
 .ARM.attributes
                0x00000571       0x2c c:/program files (x86)/gnu tools arm embedded/5.4 2016q3/bin/../lib/gcc/arm-none-eabi/5.4.1/../../../../arm-none-eabi/lib/armv6-m\libc_nano.a(lib_a-nano-svfprintf.o)
 .ARM.attributes
                0x0000059d       0x2c c:/program files (x86)/gnu tools arm embedded/5.4 2016q3/bin/../lib/gcc/arm-none-eabi/5.4.1/../../../../arm-none-eabi/lib/armv6-m\libc_nano.a(lib_a-nano-vfprintf_i.o)
 .ARM.attributes
                0x000005c9       0x2c c:/program files (x86)/gnu tools arm embedded/5.4 2016q3/bin/../lib/gcc/arm-none-eabi/5.4.1/../../../../arm-none-eabi/lib/armv6-m\libc_nano.a(lib_a-memchr-stub.o)
 .ARM.attributes
                0x000005f5       0x2c c:/program files (x86)/gnu tools arm embedded/5.4 2016q3/bin/../lib/gcc/arm-none-eabi/5.4.1/../../../../arm-none-eabi/lib/armv6-m\libc_nano.a(lib_a-memmove.o)
 .ARM.attributes
                0x00000621       0x2c c:/program files (x86)/gnu tools arm embedded/5.4 2016q3/bin/../lib/gcc/arm-none-eabi/5.4.1/../../../../arm-none-eabi/lib/armv6-m\libc_nano.a(lib_a-nano-freer.o)
 .ARM.attributes
                0x0000064d       0x2c c:/program files (x86)/gnu tools arm embedded/5.4 2016q3/bin/../lib/gcc/arm-none-eabi/5.4.1/../../../../arm-none-eabi/lib/armv6-m\libc_nano.a(lib_a-nano-mallocr.o)
 .ARM.attributes
                0x00000679       0x2c c:/program files (x86)/gnu tools arm embedded/5.4 2016q3/bin/../lib/gcc/arm-none-eabi/5.4.1/../../../../arm-none-eabi/lib/armv6-m\libc_nano.a(lib_a-nano-reallocr.o)
 .ARM.attributes
                0x000006a5       0x2c c:/program files (x86)/gnu tools arm embedded/5.4 2016q3/bin/../lib/gcc/arm-none-eabi/5.4.1/../../../../arm-none-eabi/lib/armv6-m\libc_nano.a(lib_a-sbrkr.o)
 .ARM.attributes
                0x000006d1       0x2c c:/program files (x86)/gnu tools arm embedded/5.4 2016q3/bin/../lib/gcc/arm-none-eabi/5.4.1/../../../../arm-none-eabi/lib/armv6-m\libc_nano.a(lib_a-mlock.o)
 .ARM.attributes
                0x000006fd       0x2c c:/program files (x86)/gnu tools arm embedded/5.4 2016q3/bin/../lib/gcc/arm-none-eabi/5.4.1/../../../../arm-none-eabi/lib/armv6-m\libc_nano.a(lib_a-nano-msizer.o)
 .ARM.attributes
                0x00000729       0x2c c:/program files (x86)/gnu tools arm embedded/5.4 2016q3/bin/../lib/gcc/arm-none-eabi/5.4.1/../../../../arm-none-eabi/lib/armv6-m\libc_nano.a(lib_a-reent.o)
 .ARM.attributes
                0x00000755       0x1e c:/program files (x86)/gnu tools arm embedded/5.4 2016q3/bin/../lib/gcc/arm-none-eabi/5.4.1/armv6-m/crtn.o
 .ARM.attributes
                0x00000773       0x2c c:/program files (x86)/gnu tools arm embedded/5.4 2016q3/bin/../lib/gcc/arm-none-eabi/5.4.1/../../../../arm-none-eabi/lib/armv6-m\libnosys.a(sbrk.o)

.comment        0x00000000       0x6e
 .comment       0x00000000       0x6e _build/app_fifo.o
                                 0x6f (size before relaxing)
 .comment       0x0000006e       0x6f _build/app_uart_fifo.o
 .comment       0x0000006e       0x6f _build/nrf_drv_common.o
 .comment       0x0000006e       0x6f _build/nrf_drv_gpiote.o
 .comment       0x0000006e       0x6f _build/ble_advdata.o
 .comment       0x0000006e       0x6f _build/system_nrf51.o
 .comment       0x0000006e       0x6f _build/main.o
 .comment       0x0000006e       0x6f _build/nrf_adv_conn.o
 .comment       0x0000006e       0x6f _build/nrf_advertiser.o
 .comment       0x0000006e       0x6f _build/ts_controller.o
 .comment       0x0000006e       0x6f _build/ts_peripheral.o
 .comment       0x0000006e       0x6f _build/ts_rng.o
 .comment       0x0000006e       0x6f _build/ts_whitelist.o
 .comment       0x0000006e       0x6f _build/nrf_report_disp.o
 .comment       0x0000006e       0x6f _build/nrf_report_fifo.o

.debug_frame    0x00000000      0x4b8
 .debug_frame   0x00000000       0x28 c:/program files (x86)/gnu tools arm embedded/5.4 2016q3/bin/../lib/gcc/arm-none-eabi/5.4.1/../../../../arm-none-eabi/lib/armv6-m\libc_nano.a(lib_a-exit.o)
 .debug_frame   0x00000028       0x2c c:/program files (x86)/gnu tools arm embedded/5.4 2016q3/bin/../lib/gcc/arm-none-eabi/5.4.1/../../../../arm-none-eabi/lib/armv6-m\libc_nano.a(lib_a-init.o)
 .debug_frame   0x00000054       0x20 c:/program files (x86)/gnu tools arm embedded/5.4 2016q3/bin/../lib/gcc/arm-none-eabi/5.4.1/../../../../arm-none-eabi/lib/armv6-m\libc_nano.a(lib_a-memset.o)
 .debug_frame   0x00000074       0x20 c:/program files (x86)/gnu tools arm embedded/5.4 2016q3/bin/../lib/gcc/arm-none-eabi/5.4.1/../../../../arm-none-eabi/lib/armv6-m\libnosys.a(_exit.o)
 .debug_frame   0x00000094       0x20 c:/program files (x86)/gnu tools arm embedded/5.4 2016q3/bin/../lib/gcc/arm-none-eabi/5.4.1/armv6-m\libgcc.a(_udivsi3.o)
 .debug_frame   0x000000b4       0x20 c:/program files (x86)/gnu tools arm embedded/5.4 2016q3/bin/../lib/gcc/arm-none-eabi/5.4.1/armv6-m\libgcc.a(_divsi3.o)
 .debug_frame   0x000000d4       0x2c c:/program files (x86)/gnu tools arm embedded/5.4 2016q3/bin/../lib/gcc/arm-none-eabi/5.4.1/../../../../arm-none-eabi/lib/armv6-m\libc_nano.a(lib_a-memcmp.o)
 .debug_frame   0x00000100       0x28 c:/program files (x86)/gnu tools arm embedded/5.4 2016q3/bin/../lib/gcc/arm-none-eabi/5.4.1/../../../../arm-none-eabi/lib/armv6-m\libc_nano.a(lib_a-memcpy-stub.o)
 .debug_frame   0x00000128       0x50 c:/program files (x86)/gnu tools arm embedded/5.4 2016q3/bin/../lib/gcc/arm-none-eabi/5.4.1/../../../../arm-none-eabi/lib/armv6-m\libc_nano.a(lib_a-snprintf.o)
 .debug_frame   0x00000178       0x50 c:/program files (x86)/gnu tools arm embedded/5.4 2016q3/bin/../lib/gcc/arm-none-eabi/5.4.1/../../../../arm-none-eabi/lib/armv6-m\libc_nano.a(lib_a-sprintf.o)
 .debug_frame   0x000001c8       0x2c c:/program files (x86)/gnu tools arm embedded/5.4 2016q3/bin/../lib/gcc/arm-none-eabi/5.4.1/../../../../arm-none-eabi/lib/armv6-m\libc_nano.a(lib_a-strncpy.o)
 .debug_frame   0x000001f4       0x48 c:/program files (x86)/gnu tools arm embedded/5.4 2016q3/bin/../lib/gcc/arm-none-eabi/5.4.1/../../../../arm-none-eabi/lib/armv6-m\libc_nano.a(lib_a-vsnprintf.o)
 .debug_frame   0x0000023c       0x74 c:/program files (x86)/gnu tools arm embedded/5.4 2016q3/bin/../lib/gcc/arm-none-eabi/5.4.1/../../../../arm-none-eabi/lib/armv6-m\libc_nano.a(lib_a-nano-svfprintf.o)
 .debug_frame   0x000002b0       0x54 c:/program files (x86)/gnu tools arm embedded/5.4 2016q3/bin/../lib/gcc/arm-none-eabi/5.4.1/../../../../arm-none-eabi/lib/armv6-m\libc_nano.a(lib_a-nano-vfprintf_i.o)
 .debug_frame   0x00000304       0x20 c:/program files (x86)/gnu tools arm embedded/5.4 2016q3/bin/../lib/gcc/arm-none-eabi/5.4.1/../../../../arm-none-eabi/lib/armv6-m\libc_nano.a(lib_a-memchr-stub.o)
 .debug_frame   0x00000324       0x28 c:/program files (x86)/gnu tools arm embedded/5.4 2016q3/bin/../lib/gcc/arm-none-eabi/5.4.1/../../../../arm-none-eabi/lib/armv6-m\libc_nano.a(lib_a-memmove.o)
 .debug_frame   0x0000034c       0x2c c:/program files (x86)/gnu tools arm embedded/5.4 2016q3/bin/../lib/gcc/arm-none-eabi/5.4.1/../../../../arm-none-eabi/lib/armv6-m\libc_nano.a(lib_a-nano-freer.o)
 .debug_frame   0x00000378       0x2c c:/program files (x86)/gnu tools arm embedded/5.4 2016q3/bin/../lib/gcc/arm-none-eabi/5.4.1/../../../../arm-none-eabi/lib/armv6-m\libc_nano.a(lib_a-nano-mallocr.o)
 .debug_frame   0x000003a4       0x30 c:/program files (x86)/gnu tools arm embedded/5.4 2016q3/bin/../lib/gcc/arm-none-eabi/5.4.1/../../../../arm-none-eabi/lib/armv6-m\libc_nano.a(lib_a-nano-reallocr.o)
 .debug_frame   0x000003d4       0x2c c:/program files (x86)/gnu tools arm embedded/5.4 2016q3/bin/../lib/gcc/arm-none-eabi/5.4.1/../../../../arm-none-eabi/lib/armv6-m\libc_nano.a(lib_a-sbrkr.o)
 .debug_frame   0x00000400       0x30 c:/program files (x86)/gnu tools arm embedded/5.4 2016q3/bin/../lib/gcc/arm-none-eabi/5.4.1/../../../../arm-none-eabi/lib/armv6-m\libc_nano.a(lib_a-mlock.o)
 .debug_frame   0x00000430       0x20 c:/program files (x86)/gnu tools arm embedded/5.4 2016q3/bin/../lib/gcc/arm-none-eabi/5.4.1/../../../../arm-none-eabi/lib/armv6-m\libc_nano.a(lib_a-nano-msizer.o)
 .debug_frame   0x00000450       0x48 c:/program files (x86)/gnu tools arm embedded/5.4 2016q3/bin/../lib/gcc/arm-none-eabi/5.4.1/../../../../arm-none-eabi/lib/armv6-m\libc_nano.a(lib_a-reent.o)
 .debug_frame   0x00000498       0x20 c:/program files (x86)/gnu tools arm embedded/5.4 2016q3/bin/../lib/gcc/arm-none-eabi/5.4.1/../../../../arm-none-eabi/lib/armv6-m\libnosys.a(sbrk.o)
