Archive member included to satisfy reference by file (symbol)

c:/program files (x86)/gnu tools arm embedded/5.4 2016q3/bin/../lib/gcc/arm-none-eabi/5.4.1/../../../../arm-none-eabi/lib/armv6-m\libc_nano.a(lib_a-exit.o)
                              c:/program files (x86)/gnu tools arm embedded/5.4 2016q3/bin/../lib/gcc/arm-none-eabi/5.4.1/../../../../arm-none-eabi/lib/armv6-m/crt0.o (exit)
c:/program files (x86)/gnu tools arm embedded/5.4 2016q3/bin/../lib/gcc/arm-none-eabi/5.4.1/../../../../arm-none-eabi/lib/armv6-m\libc_nano.a(lib_a-impure.o)
                              c:/program files (x86)/gnu tools arm embedded/5.4 2016q3/bin/../lib/gcc/arm-none-eabi/5.4.1/../../../../arm-none-eabi/lib/armv6-m\libc_nano.a(lib_a-exit.o) (_global_impure_ptr)
c:/program files (x86)/gnu tools arm embedded/5.4 2016q3/bin/../lib/gcc/arm-none-eabi/5.4.1/../../../../arm-none-eabi/lib/armv6-m\libc_nano.a(lib_a-init.o)
                              c:/program files (x86)/gnu tools arm embedded/5.4 2016q3/bin/../lib/gcc/arm-none-eabi/5.4.1/../../../../arm-none-eabi/lib/armv6-m/crt0.o (__libc_init_array)
c:/program files (x86)/gnu tools arm embedded/5.4 2016q3/bin/../lib/gcc/arm-none-eabi/5.4.1/../../../../arm-none-eabi/lib/armv6-m\libc_nano.a(lib_a-memset.o)
                              c:/program files (x86)/gnu tools arm embedded/5.4 2016q3/bin/../lib/gcc/arm-none-eabi/5.4.1/../../../../arm-none-eabi/lib/armv6-m/crt0.o (memset)
c:/program files (x86)/gnu tools arm embedded/5.4 2016q3/bin/../lib/gcc/arm-none-eabi/5.4.1/../../../../arm-none-eabi/lib/armv6-m\libnosys.a(_exit.o)
                              c:/program files (x86)/gnu tools arm embedded/5.4 2016q3/bin/../lib/gcc/arm-none-eabi/5.4.1/../../../../arm-none-eabi/lib/armv6-m\libc_nano.a(lib_a-exit.o) (_exit)
c:/program files (x86)/gnu tools arm embedded/5.4 2016q3/bin/../lib/gcc/arm-none-eabi/5.4.1/armv6-m\libgcc.a(_udivsi3.o)
                              _build/pstorage_nosd.o (__aeabi_uidiv)
c:/program files (x86)/gnu tools arm embedded/5.4 2016q3/bin/../lib/gcc/arm-none-eabi/5.4.1/armv6-m\libgcc.a(_dvmd_tls.o)
                              c:/program files (x86)/gnu tools arm embedded/5.4 2016q3/bin/../lib/gcc/arm-none-eabi/5.4.1/armv6-m\libgcc.a(_udivsi3.o) (__aeabi_idiv0)
c:/program files (x86)/gnu tools arm embedded/5.4 2016q3/bin/../lib/gcc/arm-none-eabi/5.4.1/../../../../arm-none-eabi/lib/armv6-m\libc_nano.a(lib_a-memcmp.o)
                              _build/main.o (memcmp)
c:/program files (x86)/gnu tools arm embedded/5.4 2016q3/bin/../lib/gcc/arm-none-eabi/5.4.1/../../../../arm-none-eabi/lib/armv6-m\libc_nano.a(lib_a-memcpy-stub.o)
                              _build/app_mw_ble_gap.o (memcpy)
c:/program files (x86)/gnu tools arm embedded/5.4 2016q3/bin/../lib/gcc/arm-none-eabi/5.4.1/../../../../arm-none-eabi/lib/armv6-m\libc_nano.a(lib_a-strlen.o)
                              _build/ble_srv_common.o (strlen)

Allocating common symbols
Common symbol       size              file

m_app_user_mem_table
                    0xc               _build/app_ble_user_mem.o
m_app_keys_table    0x38              _build/app_ble_gap_sec_keys.o

Discarded input sections

 .text          0x00000000        0x0 c:/program files (x86)/gnu tools arm embedded/5.4 2016q3/bin/../lib/gcc/arm-none-eabi/5.4.1/armv6-m/crti.o
 .data          0x00000000        0x0 c:/program files (x86)/gnu tools arm embedded/5.4 2016q3/bin/../lib/gcc/arm-none-eabi/5.4.1/armv6-m/crti.o
 .bss           0x00000000        0x0 c:/program files (x86)/gnu tools arm embedded/5.4 2016q3/bin/../lib/gcc/arm-none-eabi/5.4.1/armv6-m/crti.o
 .data          0x00000000        0x4 c:/program files (x86)/gnu tools arm embedded/5.4 2016q3/bin/../lib/gcc/arm-none-eabi/5.4.1/armv6-m/crtbegin.o
 .data          0x00000000        0x0 c:/program files (x86)/gnu tools arm embedded/5.4 2016q3/bin/../lib/gcc/arm-none-eabi/5.4.1/../../../../arm-none-eabi/lib/armv6-m/crt0.o
 .bss           0x00000000        0x0 c:/program files (x86)/gnu tools arm embedded/5.4 2016q3/bin/../lib/gcc/arm-none-eabi/5.4.1/../../../../arm-none-eabi/lib/armv6-m/crt0.o
 .ARM.extab     0x00000000        0x0 c:/program files (x86)/gnu tools arm embedded/5.4 2016q3/bin/../lib/gcc/arm-none-eabi/5.4.1/../../../../arm-none-eabi/lib/armv6-m/crt0.o
 .text          0x00000000        0x0 c:/program files (x86)/gnu tools arm embedded/5.4 2016q3/bin/../lib/gcc/arm-none-eabi/5.4.1/../../../../arm-none-eabi/lib/armv6-m\libc_nano.a(lib_a-exit.o)
 .data          0x00000000        0x0 c:/program files (x86)/gnu tools arm embedded/5.4 2016q3/bin/../lib/gcc/arm-none-eabi/5.4.1/../../../../arm-none-eabi/lib/armv6-m\libc_nano.a(lib_a-exit.o)
 .bss           0x00000000        0x0 c:/program files (x86)/gnu tools arm embedded/5.4 2016q3/bin/../lib/gcc/arm-none-eabi/5.4.1/../../../../arm-none-eabi/lib/armv6-m\libc_nano.a(lib_a-exit.o)
[...]
Memory Configuration

Name             Origin             Length             Attributes
FLASH            0x00000000         0x00040000         xr
RAM              0x20000000         0x00008000         xrw
*default*        0x00000000         0xffffffff

Linker script and memory map

LOAD c:/program files (x86)/gnu tools arm embedded/5.4 2016q3/bin/../lib/gcc/arm-none-eabi/5.4.1/armv6-m/crti.o
LOAD c:/program files (x86)/gnu tools arm embedded/5.4 2016q3/bin/../lib/gcc/arm-none-eabi/5.4.1/armv6-m/crtbegin.o
LOAD c:/program files (x86)/gnu tools arm embedded/5.4 2016q3/bin/../lib/gcc/arm-none-eabi/5.4.1/../../../../arm-none-eabi/lib/armv6-m/crt0.o
LOAD c:/program files (x86)/gnu tools arm embedded/5.4 2016q3/bin/../lib/gcc/arm-none-eabi/5.4.1/../../../../arm-none-eabi/lib/armv6-m\libc_nano.a
LOAD c:/program files (x86)/gnu tools arm embedded/5.4 2016q3/bin/../lib/gcc/arm-none-eabi/5.4.1/../../../../arm-none-eabi/lib/armv6-m\libnosys.a
LOAD _build/app_ble_gap_sec_keys.o
LOAD _build/app_ble_user_mem.o
LOAD _build/app_mw_ble.o
LOAD _build/app_mw_ble_gap.o
LOAD _build/app_mw_ble_gattc.o
LOAD _build/app_mw_ble_gatts.o
LOAD _build/app_mw_ble_l2cap.o
LOAD _build/app_mw_nrf_soc.o
LOAD _build/ble_enable.o
LOAD _build/ble_event.o
LOAD _build/ble_evt_tx_complete.o
LOAD _build/ble_evt_user_mem_release.o
LOAD _build/ble_evt_user_mem_request.o
LOAD _build/ble_gap_address_get.o
LOAD _build/ble_gap_address_set.o
LOAD _build/ble_gap_adv_data_set.o
LOAD _build/ble_gap_adv_start.o
LOAD _build/ble_gap_adv_stop.o
LOAD _build/ble_gap_appearance_get.o
LOAD _build/ble_gap_appearance_set.o
LOAD _build/ble_gap_auth_key_reply.o
LOAD _build/ble_gap_authenticate.o
LOAD _build/ble_gap_conn_param_update.o
LOAD _build/ble_gap_conn_sec_get.o
LOAD _build/ble_gap_connect.o
LOAD _build/ble_gap_connect_cancel.o
LOAD _build/ble_gap_device_name_get.o
LOAD _build/ble_gap_device_name_set.o
LOAD _build/ble_gap_disconnect.o
LOAD _build/ble_gap_encrypt.o
LOAD _build/ble_gap_evt_adv_report.o
LOAD _build/ble_gap_evt_auth_key_request.o
LOAD _build/ble_gap_evt_auth_status.o
LOAD _build/ble_gap_evt_conn_param_update.o
LOAD _build/ble_gap_evt_conn_param_update_request.o
LOAD _build/ble_gap_evt_conn_sec_update.o
LOAD _build/ble_gap_evt_connected.o
LOAD _build/ble_gap_evt_disconnected.o
LOAD _build/ble_gap_evt_passkey_display.o
LOAD _build/ble_gap_evt_rssi_changed.o
LOAD _build/ble_gap_evt_scan_req_report.o
LOAD _build/ble_gap_evt_sec_info_request.o
LOAD _build/ble_gap_evt_sec_params_request.o
LOAD _build/ble_gap_evt_sec_request.o
LOAD _build/ble_gap_evt_timeout.o
LOAD _build/ble_gap_ppcp_get.o
LOAD _build/ble_gap_ppcp_set.o
LOAD _build/ble_gap_rssi_get.o
LOAD _build/ble_gap_rssi_start.o
LOAD _build/ble_gap_rssi_stop.o
LOAD _build/ble_gap_scan_start.o
LOAD _build/ble_gap_scan_stop.o
LOAD _build/ble_gap_sec_info_reply.o
LOAD _build/ble_gap_sec_params_reply.o
LOAD _build/ble_gap_struct_serialization.o
LOAD _build/ble_gap_tx_power_set.o
LOAD _build/ble_gattc_char_value_by_uuid_read.o
LOAD _build/ble_gattc_char_values_read.o
LOAD _build/ble_gattc_characteristics_discover.o
LOAD _build/ble_gattc_descriptors_discover.o
LOAD _build/ble_gattc_evt_char_disc_rsp.o
LOAD _build/ble_gattc_evt_char_val_by_uuid_read_rsp.o
LOAD _build/ble_gattc_evt_char_vals_read_rsp.o
LOAD _build/ble_gattc_evt_desc_disc_rsp.o
LOAD _build/ble_gattc_evt_hvx.o
LOAD _build/ble_gattc_evt_prim_srvc_disc_rsp.o
LOAD _build/ble_gattc_evt_read_rsp.o
LOAD _build/ble_gattc_evt_rel_disc_rsp.o
LOAD _build/ble_gattc_evt_timeout.o
LOAD _build/ble_gattc_evt_write_rsp.o
LOAD _build/ble_gattc_hv_confirm.o
LOAD _build/ble_gattc_primary_services_discover.o
LOAD _build/ble_gattc_read.o
LOAD _build/ble_gattc_relationships_discover.o
LOAD _build/ble_gattc_struct_serialization.o
LOAD _build/ble_gattc_write.o
LOAD _build/ble_gatts_characteristic_add.o
LOAD _build/ble_gatts_descriptor_add.o
LOAD _build/ble_gatts_evt_hvc.o
LOAD _build/ble_gatts_evt_rw_authorize_request.o
LOAD _build/ble_gatts_evt_sc_confirm.o
LOAD _build/ble_gatts_evt_sys_attr_missing.o
LOAD _build/ble_gatts_evt_timeout.o
LOAD _build/ble_gatts_evt_write.o
LOAD _build/ble_gatts_hvx.o
LOAD _build/ble_gatts_include_add.o
LOAD _build/ble_gatts_rw_authorize_reply.o
LOAD _build/ble_gatts_service_add.o
LOAD _build/ble_gatts_service_changed.o
LOAD _build/ble_gatts_struct_serialization.o
LOAD _build/ble_gatts_sys_attr_get.o
LOAD _build/ble_gatts_sys_attr_set.o
LOAD _build/ble_gatts_value_get.o
LOAD _build/ble_gatts_value_set.o
LOAD _build/ble_l2cap_cid_register.o
LOAD _build/ble_l2cap_cid_unregister.o
LOAD _build/ble_l2cap_evt_rx.o
LOAD _build/ble_l2cap_tx.o
LOAD _build/ble_opt_get.o
LOAD _build/ble_opt_set.o
LOAD _build/ble_serialization.o
LOAD _build/ble_struct_serialization.o
LOAD _build/ble_tx_buffer_count_get.o
LOAD _build/ble_user_mem_reply.o
LOAD _build/ble_uuid_decode.o
LOAD _build/ble_uuid_encode.o
LOAD _build/ble_uuid_vs_add.o
LOAD _build/ble_version_get.o
LOAD _build/cond_field_serialization.o
LOAD _build/power_system_off.o
LOAD _build/ser_app_hal_nrf51.o
LOAD _build/ser_app_power_system_off.o
LOAD _build/ser_hal_transport.o
LOAD _build/ser_phy_nrf51_uart.o
LOAD _build/ser_sd_transport.o
LOAD _build/ser_softdevice_handler.o
LOAD _build/temp_get.o
LOAD _build/app_error.o
LOAD _build/app_mailbox.o
LOAD _build/app_scheduler.o
LOAD _build/app_timer.o
LOAD _build/app_util_platform.o
LOAD _build/nrf_assert.o
LOAD _build/app_uart.o
LOAD _build/ble_flash.o
LOAD _build/nrf_delay.o
LOAD _build/nrf_drv_common.o
LOAD _build/nrf_drv_uart.o
LOAD _build/nrf_soc.o
LOAD _build/pstorage_nosd.o
LOAD _build/client_handling.o
LOAD _build/main.o
LOAD _build/ble_advdata.o
LOAD _build/ble_conn_params.o
LOAD _build/ble_db_discovery.o
LOAD _build/ble_srv_common.o
LOAD _build/device_manager_central.o
LOAD _build/system_nrf51.o
LOAD _build/softdevice_handler.o
LOAD _build/gcc_startup_nrf51.o
START GROUP
LOAD c:/program files (x86)/gnu tools arm embedded/5.4 2016q3/bin/../lib/gcc/arm-none-eabi/5.4.1/armv6-m\libgcc.a
LOAD c:/program files (x86)/gnu tools arm embedded/5.4 2016q3/bin/../lib/gcc/arm-none-eabi/5.4.1/../../../../arm-none-eabi/lib/armv6-m\libc_nano.a
END GROUP
START GROUP
LOAD c:/program files (x86)/gnu tools arm embedded/5.4 2016q3/bin/../lib/gcc/arm-none-eabi/5.4.1/armv6-m\libgcc.a
LOAD c:/program files (x86)/gnu tools arm embedded/5.4 2016q3/bin/../lib/gcc/arm-none-eabi/5.4.1/../../../../arm-none-eabi/lib/armv6-m\libc_nano.a
END GROUP
LOAD c:/program files (x86)/gnu tools arm embedded/5.4 2016q3/bin/../lib/gcc/arm-none-eabi/5.4.1/armv6-m/crtend.o
LOAD c:/program files (x86)/gnu tools arm embedded/5.4 2016q3/bin/../lib/gcc/arm-none-eabi/5.4.1/armv6-m/crtn.o
START GROUP
LOAD c:/program files (x86)/gnu tools arm embedded/5.4 2016q3/bin/../lib/gcc/arm-none-eabi/5.4.1/armv6-m\libgcc.a
LOAD c:/program files (x86)/gnu tools arm embedded/5.4 2016q3/bin/../lib/gcc/arm-none-eabi/5.4.1/../../../../arm-none-eabi/lib/armv6-m\libc.a
LOAD c:/program files (x86)/gnu tools arm embedded/5.4 2016q3/bin/../lib/gcc/arm-none-eabi/5.4.1/../../../../arm-none-eabi/lib/armv6-m\libnosys.a
END GROUP

.fs_data_out    0x00000000        0x0
                [!provide]                PROVIDE (__start_fs_data, .)
 *(fs_data)
                [!provide]                PROVIDE (__stop_fs_data, .)

.text           0x00000000     0x8548
 *(.Vectors)
 .Vectors       0x00000000       0xc0 _build/gcc_startup_nrf51.o
                0x00000000                __Vectors
 *(.text*)
 .text          0x000000c0       0x60 c:/program files (x86)/gnu tools arm embedded/5.4 2016q3/bin/../lib/gcc/arm-none-eabi/5.4.1/armv6-m/crtbegin.o
 .text          0x00000120       0x78 c:/program files (x86)/gnu tools arm embedded/5.4 2016q3/bin/../lib/gcc/arm-none-eabi/5.4.1/../../../../arm-none-eabi/lib/armv6-m/crt0.o
                0x00000120                _start
                0x00000120                _mainCRTStartup
 .text.exit     0x00000198       0x2c c:/program files (x86)/gnu tools arm embedded/5.4 2016q3/bin/../lib/gcc/arm-none-eabi/5.4.1/../../../../arm-none-eabi/lib/armv6-m\libc_nano.a(lib_a-exit.o)
                0x00000198                exit
 .text.__libc_init_array
                0x000001c4       0x4c c:/program files (x86)/gnu tools arm embedded/5.4 2016q3/bin/../lib/gcc/arm-none-eabi/5.4.1/../../../../arm-none-eabi/lib/armv6-m\libc_nano.a(lib_a-init.o)
                0x000001c4                __libc_init_array
 .text.memset   0x00000210       0x10 c:/program files (x86)/gnu tools arm embedded/5.4 2016q3/bin/../lib/gcc/arm-none-eabi/5.4.1/../../../../arm-none-eabi/lib/armv6-m\libc_nano.a(lib_a-memset.o)
                0x00000210                memset
 .text._exit    0x00000220        0x4 c:/program files (x86)/gnu tools arm embedded/5.4 2016q3/bin/../lib/gcc/arm-none-eabi/5.4.1/../../../../arm-none-eabi/lib/armv6-m\libnosys.a(_exit.o)
                0x00000220                _exit
 .text.app_ble_gap_sec_context_create
                0x00000224       0x34 _build/app_ble_gap_sec_keys.o
                0x00000224                app_ble_gap_sec_context_create
 .text.app_ble_gap_sec_context_destroy
                0x00000258       0x30 _build/app_ble_gap_sec_keys.o
                0x00000258                app_ble_gap_sec_context_destroy
 .text.app_ble_gap_sec_context_find
                0x00000288       0x30 _build/app_ble_gap_sec_keys.o
                0x00000288                app_ble_gap_sec_context_find
 .text.app_ble_user_mem_context_destroy
                0x000002b8       0x18 _build/app_ble_user_mem.o
                0x000002b8                app_ble_user_mem_context_destroy
 .text.app_ble_user_mem_context_find
                0x000002d0       0x24 _build/app_ble_user_mem.o
                0x000002d0                app_ble_user_mem_context_find
 .text.uuid_vs_add_rsp_dec
                0x000002f4       0x24 _build/app_mw_ble.o
 .text.enable_rsp_dec
                0x00000318       0x1c _build/app_mw_ble.o
 .text.sd_ble_uuid_vs_add
                0x00000334       0x5c _build/app_mw_ble.o
                0x00000334                sd_ble_uuid_vs_add
 .text.sd_ble_enable
                0x00000390       0x58 _build/app_mw_ble.o
                0x00000390                sd_ble_enable
 .text.gap_sec_params_reply_rsp_dec
                0x000003e8       0x40 _build/app_mw_ble_gap.o
 .text.gap_authenticate_rsp_dec
                0x00000428       0x20 _build/app_mw_ble_gap.o
 .text.gap_scan_stop_rsp_dec
                0x00000448       0x20 _build/app_mw_ble_gap.o
 .text.gap_connect_rsp_dec
                0x00000468       0x20 _build/app_mw_ble_gap.o
 .text.gap_scan_start_rsp_dec
                0x00000488       0x20 _build/app_mw_ble_gap.o
 .text.gap_encrypt_rsp_dec
                0x000004a8       0x20 _build/app_mw_ble_gap.o
 .text.sd_ble_gap_sec_params_reply
                0x000004c8       0xa4 _build/app_mw_ble_gap.o
                0x000004c8                sd_ble_gap_sec_params_reply
 .text.sd_ble_gap_authenticate
                0x0000056c       0x58 _build/app_mw_ble_gap.o
                0x0000056c                sd_ble_gap_authenticate
 .text.sd_ble_gap_scan_stop
                0x000005c4       0x50 _build/app_mw_ble_gap.o
                0x000005c4                sd_ble_gap_scan_stop
 .text.sd_ble_gap_connect
                0x00000614       0x5c _build/app_mw_ble_gap.o
                0x00000614                sd_ble_gap_connect
 .text.sd_ble_gap_scan_start
                0x00000670       0x54 _build/app_mw_ble_gap.o
                0x00000670                sd_ble_gap_scan_start
 .text.sd_ble_gap_encrypt
                0x000006c4       0x5c _build/app_mw_ble_gap.o
                0x000006c4                sd_ble_gap_encrypt
 .text.gattc_primary_services_discover_rsp_dec
                0x00000720       0x1c _build/app_mw_ble_gattc.o
 .text.gattc_characteristics_discover_rsp_dec
                0x0000073c       0x1c _build/app_mw_ble_gattc.o
 .text.gattc_descriptors_discover_rsp_dec
                0x00000758       0x1c _build/app_mw_ble_gattc.o
 .text.gattc_write_rsp_dec
                0x00000774       0x1c _build/app_mw_ble_gattc.o
 .text.sd_ble_gattc_primary_services_discover
                0x00000790       0x5c _build/app_mw_ble_gattc.o
                0x00000790                sd_ble_gattc_primary_services_discover
 .text.sd_ble_gattc_characteristics_discover
                0x000007ec       0x58 _build/app_mw_ble_gattc.o
                0x000007ec                sd_ble_gattc_characteristics_discover
 .text.sd_ble_gattc_descriptors_discover
                0x00000844       0x58 _build/app_mw_ble_gattc.o
                0x00000844                sd_ble_gattc_descriptors_discover
 .text.sd_ble_gattc_write
                0x0000089c       0x58 _build/app_mw_ble_gattc.o
                0x0000089c                sd_ble_gattc_write
 .text.gatts_sys_attr_set_rsp_dec
                0x000008f4       0x1c _build/app_mw_ble_gatts.o
 .text.gatts_sys_attr_get_rsp_dec
                0x00000910       0x28 _build/app_mw_ble_gatts.o
 .text.sd_ble_gatts_sys_attr_set
                0x00000938       0x68 _build/app_mw_ble_gatts.o
                0x00000938                sd_ble_gatts_sys_attr_set
 .text.sd_ble_gatts_sys_attr_get
                0x000009a0       0x70 _build/app_mw_ble_gatts.o
                0x000009a0                sd_ble_gatts_sys_attr_get
 .text.ble_enable_req_enc
                0x00000a10       0x44 _build/ble_enable.o
                0x00000a10                ble_enable_req_enc
 .text.ble_enable_rsp_dec
                0x00000a54        0xc _build/ble_enable.o
                0x00000a54                ble_enable_rsp_dec
 .text.ble_event_dec
                0x00000a60      0x1e4 _build/ble_event.o
                0x00000a60                ble_event_dec
 .text.ble_evt_tx_complete_dec
                0x00000c44       0x60 _build/ble_evt_tx_complete.o
                0x00000c44                ble_evt_tx_complete_dec
 .text.ble_evt_user_mem_release_dec
                0x00000ca4       0xb0 _build/ble_evt_user_mem_release.o
                0x00000ca4                ble_evt_user_mem_release_dec
 .text.ble_evt_user_mem_request_dec
                0x00000d54       0x64 _build/ble_evt_user_mem_request.o
                0x00000d54                ble_evt_user_mem_request_dec
 .text.ble_gap_authenticate_req_enc
                0x00000db8       0x60 _build/ble_gap_authenticate.o
                0x00000db8                ble_gap_authenticate_req_enc
 .text.ble_gap_authenticate_rsp_dec
                0x00000e18        0xc _build/ble_gap_authenticate.o
                0x00000e18                ble_gap_authenticate_rsp_dec
 .text.ble_gap_connect_req_enc
                0x00000e24       0x94 _build/ble_gap_connect.o
                0x00000e24                ble_gap_connect_req_enc
 .text.ble_gap_connect_rsp_dec
                0x00000eb8        0xc _build/ble_gap_connect.o
                0x00000eb8                ble_gap_connect_rsp_dec
 .text.ble_gap_encrypt_req_enc
                0x00000ec4       0xa4 _build/ble_gap_encrypt.o
                0x00000ec4                ble_gap_encrypt_req_enc
 .text.ble_gap_encrypt_rsp_dec
                0x00000f68        0xc _build/ble_gap_encrypt.o
                0x00000f68                ble_gap_encrypt_rsp_dec
 .text.ble_gap_evt_adv_report_dec
                0x00000f74       0xd4 _build/ble_gap_evt_adv_report.o
                0x00000f74                ble_gap_evt_adv_report_dec
 .text.ble_gap_evt_auth_key_request_dec
                0x00001048       0x60 _build/ble_gap_evt_auth_key_request.o
                0x00001048                ble_gap_evt_auth_key_request_dec
 .text.ble_gap_evt_auth_status_dec
                0x000010a8       0x94 _build/ble_gap_evt_auth_status.o
                0x000010a8                ble_gap_evt_auth_status_dec
 .text.ble_gap_evt_conn_param_update_dec
                0x0000113c       0x88 _build/ble_gap_evt_conn_param_update.o
                0x0000113c                ble_gap_evt_conn_param_update_dec
 .text.ble_gap_evt_conn_param_update_request_dec
                0x000011c4       0x88 _build/ble_gap_evt_conn_param_update_request.o
                0x000011c4                ble_gap_evt_conn_param_update_request_dec
 .text.ble_gap_evt_conn_sec_update_dec
                0x0000124c       0x88 _build/ble_gap_evt_conn_sec_update.o
                0x0000124c                ble_gap_evt_conn_sec_update_dec
 .text.ble_gap_evt_connected_dec
                0x000012d4       0x60 _build/ble_gap_evt_connected.o
                0x000012d4                ble_gap_evt_connected_dec
 .text.ble_gap_evt_disconnected_dec
                0x00001334       0x60 _build/ble_gap_evt_disconnected.o
                0x00001334                ble_gap_evt_disconnected_dec
 .text.ble_gap_evt_passkey_display_dec
                0x00001394       0x60 _build/ble_gap_evt_passkey_display.o
                0x00001394                ble_gap_evt_passkey_display_dec
 .text.ble_gap_evt_rssi_changed_dec
                0x000013f4       0x60 _build/ble_gap_evt_rssi_changed.o
                0x000013f4                ble_gap_evt_rssi_changed_dec
 .text.ble_gap_evt_scan_req_report_dec
                0x00001454       0x74 _build/ble_gap_evt_scan_req_report.o
                0x00001454                ble_gap_evt_scan_req_report_dec
 .text.ble_gap_evt_sec_info_request_dec
                0x000014c8       0x64 _build/ble_gap_evt_sec_info_request.o
                0x000014c8                ble_gap_evt_sec_info_request_dec
 .text.ble_gap_evt_sec_params_request_dec
                0x0000152c       0x68 _build/ble_gap_evt_sec_params_request.o
                0x0000152c                ble_gap_evt_sec_params_request_dec
 .text.ble_gap_evt_sec_request_dec
                0x00001594       0x60 _build/ble_gap_evt_sec_request.o
                0x00001594                ble_gap_evt_sec_request_dec
 .text.ble_gap_evt_timeout_dec
                0x000015f4       0x5c _build/ble_gap_evt_timeout.o
                0x000015f4                ble_gap_evt_timeout_dec
 .text.ble_gap_scan_start_req_enc
                0x00001650       0x50 _build/ble_gap_scan_start.o
                0x00001650                ble_gap_scan_start_req_enc
 .text.ble_gap_scan_start_rsp_dec
                0x000016a0        0xc _build/ble_gap_scan_start.o
                0x000016a0                ble_gap_scan_start_rsp_dec
 .text.ble_gap_scan_stop_req_enc
                0x000016ac       0x34 _build/ble_gap_scan_stop.o
                0x000016ac                ble_gap_scan_stop_req_enc
 .text.ble_gap_scan_stop_rsp_dec
                0x000016e0        0xc _build/ble_gap_scan_stop.o
                0x000016e0                ble_gap_scan_stop_rsp_dec
 .text.ble_gap_sec_params_reply_req_enc
                0x000016ec       0xa8 _build/ble_gap_sec_params_reply.o
                0x000016ec                ble_gap_sec_params_reply_req_enc
 .text.ble_gap_sec_params_reply_rsp_dec
                0x00001794       0x64 _build/ble_gap_sec_params_reply.o
                0x00001794                ble_gap_sec_params_reply_rsp_dec
 .text.ble_gap_irk_enc
                0x000017f8       0x28 _build/ble_gap_struct_serialization.o
                0x000017f8                ble_gap_irk_enc
 .text.ble_gap_addr_enc
                0x00001820       0x34 _build/ble_gap_struct_serialization.o
                0x00001820                ble_gap_addr_enc
 .text.ble_gap_addr_dec
                0x00001854       0x30 _build/ble_gap_struct_serialization.o
                0x00001854                ble_gap_addr_dec
 .text.ble_gap_sign_info_enc
                0x00001884       0x28 _build/ble_gap_struct_serialization.o
                0x00001884                ble_gap_sign_info_enc
 .text.ble_gap_sign_info_dec
                0x000018ac       0x28 _build/ble_gap_struct_serialization.o
                0x000018ac                ble_gap_sign_info_dec
 .text.ble_gap_whitelist_t_enc
                0x000018d4       0xd8 _build/ble_gap_struct_serialization.o
                0x000018d4                ble_gap_whitelist_t_enc
 .text.ble_gap_enc_key_t_enc
                0x000019ac       0x84 _build/ble_gap_struct_serialization.o
                0x000019ac                ble_gap_enc_key_t_enc
 .text.ble_gap_id_key_t_dec
                0x00001a30       0x58 _build/ble_gap_struct_serialization.o
                0x00001a30                ble_gap_id_key_t_dec
 .text.ble_gap_id_key_t_enc
                0x00001a88       0x58 _build/ble_gap_struct_serialization.o
                0x00001a88                ble_gap_id_key_t_enc
 .text.ble_gap_enc_key_t_dec
                0x00001ae0       0x98 _build/ble_gap_struct_serialization.o
                0x00001ae0                ble_gap_enc_key_t_dec
 .text.ble_gap_evt_auth_status_t_dec
                0x00001b78      0x1a0 _build/ble_gap_struct_serialization.o
                0x00001b78                ble_gap_evt_auth_status_t_dec
 .text.ble_gap_evt_sec_info_request_t_dec
                0x00001d18       0xa4 _build/ble_gap_struct_serialization.o
                0x00001d18                ble_gap_evt_sec_info_request_t_dec
 .text.ble_gap_evt_connected_t_dec
                0x00001dbc      0x10c _build/ble_gap_struct_serialization.o
                0x00001dbc                ble_gap_evt_connected_t_dec
 .text.ble_gap_sec_params_t_enc
                0x00001ec8       0xe4 _build/ble_gap_struct_serialization.o
                0x00001ec8                ble_gap_sec_params_t_enc
 .text.ble_gap_evt_sec_params_request_t_dec
                0x00001fac      0x124 _build/ble_gap_struct_serialization.o
                0x00001fac                ble_gap_evt_sec_params_request_t_dec
 .text.ble_gap_conn_params_t_enc
                0x000020d0       0x44 _build/ble_gap_struct_serialization.o
                0x000020d0                ble_gap_conn_params_t_enc
 .text.ble_gap_scan_params_t_enc
                0x00002114       0x90 _build/ble_gap_struct_serialization.o
                0x00002114                ble_gap_scan_params_t_enc
 .text.ble_gap_sec_keyset_t_enc
                0x000021a4       0xb0 _build/ble_gap_struct_serialization.o
                0x000021a4                ble_gap_sec_keyset_t_enc
 .text.ble_gap_sec_keyset_t_dec
                0x00002254       0xb8 _build/ble_gap_struct_serialization.o
                0x00002254                ble_gap_sec_keyset_t_dec
 .text.ble_gap_evt_sec_request_t_dec
                0x0000230c       0x44 _build/ble_gap_struct_serialization.o
                0x0000230c                ble_gap_evt_sec_request_t_dec
 .text.ble_gattc_characteristics_discover_req_enc
                0x00002350       0x58 _build/ble_gattc_characteristics_discover.o
                0x00002350                ble_gattc_characteristics_discover_req_enc
 .text.ble_gattc_characteristics_discover_rsp_dec
                0x000023a8        0xc _build/ble_gattc_characteristics_discover.o
                0x000023a8                ble_gattc_characteristics_discover_rsp_dec
 .text.ble_gattc_descriptors_discover_req_enc
                0x000023b4       0x50 _build/ble_gattc_descriptors_discover.o
                0x000023b4                ble_gattc_descriptors_discover_req_enc
 .text.ble_gattc_descriptors_discover_rsp_dec
                0x00002404        0xc _build/ble_gattc_descriptors_discover.o
                0x00002404                ble_gattc_descriptors_discover_rsp_dec
 .text.ble_gattc_evt_char_disc_rsp_dec
                0x00002410      0x1bc _build/ble_gattc_evt_char_disc_rsp.o
                0x00002410                ble_gattc_evt_char_disc_rsp_dec
 .text.ble_gattc_evt_char_val_by_uuid_read_rsp_dec
                0x000025cc       0xb8 _build/ble_gattc_evt_char_val_by_uuid_read_rsp.o
                0x000025cc                ble_gattc_evt_char_val_by_uuid_read_rsp_dec
 .text.ble_gattc_evt_char_vals_read_rsp_dec
                0x00002684       0x84 _build/ble_gattc_evt_char_vals_read_rsp.o
                0x00002684                ble_gattc_evt_char_vals_read_rsp_dec
 .text.ble_gattc_evt_desc_disc_rsp_dec
                0x00002708      0x10c _build/ble_gattc_evt_desc_disc_rsp.o
                0x00002708                ble_gattc_evt_desc_disc_rsp_dec
 .text.ble_gattc_evt_hvx_dec
                0x00002814       0xd4 _build/ble_gattc_evt_hvx.o
                0x00002814                ble_gattc_evt_hvx_dec
 .text.ble_gattc_evt_prim_srvc_disc_rsp_dec
                0x000028e8      0x110 _build/ble_gattc_evt_prim_srvc_disc_rsp.o
                0x000028e8                ble_gattc_evt_prim_srvc_disc_rsp_dec
 .text.ble_gattc_evt_read_rsp_dec
                0x000029f8       0xd4 _build/ble_gattc_evt_read_rsp.o
                0x000029f8                ble_gattc_evt_read_rsp_dec
 .text.ble_gattc_evt_rel_disc_rsp_dec
                0x00002acc       0x98 _build/ble_gattc_evt_rel_disc_rsp.o
                0x00002acc                ble_gattc_evt_rel_disc_rsp_dec
 .text.ble_gattc_evt_timeout_dec
                0x00002b64       0x60 _build/ble_gattc_evt_timeout.o
                0x00002b64                ble_gattc_evt_timeout_dec
 .text.ble_gattc_evt_write_rsp_dec
                0x00002bc4       0xe4 _build/ble_gattc_evt_write_rsp.o
                0x00002bc4                ble_gattc_evt_write_rsp_dec
 .text.ble_gattc_primary_services_discover_req_enc
                0x00002ca8       0x5c _build/ble_gattc_primary_services_discover.o
                0x00002ca8                ble_gattc_primary_services_discover_req_enc
 .text.ble_gattc_primary_services_discover_rsp_dec
                0x00002d04        0xc _build/ble_gattc_primary_services_discover.o
                0x00002d04                ble_gattc_primary_services_discover_rsp_dec
 .text.ble_gattc_evt_char_val_by_uuid_read_rsp_t_dec
                0x00002d10       0xec _build/ble_gattc_struct_serialization.o
                0x00002d10                ble_gattc_evt_char_val_by_uuid_read_rsp_t_dec
 .text.ble_gattc_evt_char_vals_read_rsp_t_dec
                0x00002dfc       0x3c _build/ble_gattc_struct_serialization.o
                0x00002dfc                ble_gattc_evt_char_vals_read_rsp_t_dec
 .text.ble_gattc_evt_rel_disc_rsp_t_dec
                0x00002e38       0x88 _build/ble_gattc_struct_serialization.o
                0x00002e38                ble_gattc_evt_rel_disc_rsp_t_dec
 .text.ble_gattc_write_req_enc
                0x00002ec0       0x98 _build/ble_gattc_write.o
                0x00002ec0                ble_gattc_write_req_enc
 .text.ble_gattc_write_rsp_dec
                0x00002f58        0xc _build/ble_gattc_write.o
                0x00002f58                ble_gattc_write_rsp_dec
 .text.ble_gatts_evt_hvc_dec
                0x00002f64       0x60 _build/ble_gatts_evt_hvc.o
                0x00002f64                ble_gatts_evt_hvc_dec
 .text.ble_gatts_evt_rw_authorize_request_dec
                0x00002fc4       0xc8 _build/ble_gatts_evt_rw_authorize_request.o
                0x00002fc4                ble_gatts_evt_rw_authorize_request_dec
 .text.ble_gatts_evt_sc_confirm_dec
                0x0000308c       0x50 _build/ble_gatts_evt_sc_confirm.o
                0x0000308c                ble_gatts_evt_sc_confirm_dec
 .text.ble_gatts_evt_sys_attr_missing_dec
                0x000030dc       0x60 _build/ble_gatts_evt_sys_attr_missing.o
                0x000030dc                ble_gatts_evt_sys_attr_missing_dec
 .text.ble_gatts_evt_timeout_dec
                0x0000313c       0x60 _build/ble_gatts_evt_timeout.o
                0x0000313c                ble_gatts_evt_timeout_dec
 .text.ble_gatts_evt_write_dec
                0x0000319c       0xc0 _build/ble_gatts_evt_write.o
                0x0000319c                ble_gatts_evt_write_dec
 .text.ble_gatts_evt_write_t_dec
                0x0000325c      0x13c _build/ble_gatts_struct_serialization.o
                0x0000325c                ble_gatts_evt_write_t_dec
 .text.ble_gatts_evt_rw_authorize_request_t_dec
                0x00003398      0x264 _build/ble_gatts_struct_serialization.o
                0x00003398                ble_gatts_evt_rw_authorize_request_t_dec
 .text.ble_gatts_enable_params_t_enc
                0x000035fc       0x34 _build/ble_gatts_struct_serialization.o
                0x000035fc                ble_gatts_enable_params_t_enc
 .text.ble_gatts_sys_attr_get_req_enc
                0x00003630       0x78 _build/ble_gatts_sys_attr_get.o
                0x00003630                ble_gatts_sys_attr_get_req_enc
 .text.ble_gatts_sys_attr_get_rsp_dec
                0x000036a8       0xa8 _build/ble_gatts_sys_attr_get.o
                0x000036a8                ble_gatts_sys_attr_get_rsp_dec
 .text.ble_gatts_sys_attr_set_req_enc
                0x00003750       0x8c _build/ble_gatts_sys_attr_set.o
                0x00003750                ble_gatts_sys_attr_set_req_enc
 .text.ble_gatts_sys_attr_set_rsp_dec
                0x000037dc        0xc _build/ble_gatts_sys_attr_set.o
                0x000037dc                ble_gatts_sys_attr_set_rsp_dec
 .text.ble_l2cap_evt_rx_dec
                0x000037e8       0x84 _build/ble_l2cap_evt_rx.o
                0x000037e8                ble_l2cap_evt_rx_dec
 .text.ser_ble_cmd_rsp_result_code_dec
                0x0000386c       0x4c _build/ble_serialization.o
                0x0000386c                ser_ble_cmd_rsp_result_code_dec
 .text.ser_ble_cmd_rsp_dec
                0x000038b8       0x44 _build/ble_serialization.o
                0x000038b8                ser_ble_cmd_rsp_dec
 .text.uint32_t_enc
                0x000038fc       0x3c _build/ble_serialization.o
                0x000038fc                uint32_t_enc
 .text.uint16_t_enc
                0x00003938       0x24 _build/ble_serialization.o
                0x00003938                uint16_t_enc
 .text.uint16_t_dec
                0x0000395c       0x24 _build/ble_serialization.o
                0x0000395c                uint16_t_dec
 .text.uint16_dec
                0x00003980       0x20 _build/ble_serialization.o
                0x00003980                uint16_dec
 .text.uint8_t_enc
                0x000039a0       0x1c _build/ble_serialization.o
                0x000039a0                uint8_t_enc
 .text.uint8_t_dec
                0x000039bc       0x1c _build/ble_serialization.o
                0x000039bc                uint8_t_dec
 .text.uint8_dec
                0x000039d8       0x18 _build/ble_serialization.o
                0x000039d8                uint8_dec
 .text.int8_dec
                0x000039f0       0x18 _build/ble_serialization.o
                0x000039f0                int8_dec
 .text.len16data_dec
                0x00003a08       0x7c _build/ble_serialization.o
                0x00003a08                len16data_dec
 .text.uint8_vector_dec
                0x00003a84       0x34 _build/ble_serialization.o
                0x00003a84                uint8_vector_dec
 .text.ble_uuid_t_dec
                0x00003ab8       0x30 _build/ble_struct_serialization.o
                0x00003ab8                ble_uuid_t_dec
 .text.ble_uuid128_t_enc
                0x00003ae8       0x28 _build/ble_struct_serialization.o
                0x00003ae8                ble_uuid128_t_enc
 .text.ble_l2cap_evt_rx_t_dec
                0x00003b10       0xa4 _build/ble_struct_serialization.o
                0x00003b10                ble_l2cap_evt_rx_t_dec
 .text.ble_enable_params_t_enc
                0x00003bb4       0x1c _build/ble_struct_serialization.o
                0x00003bb4                ble_enable_params_t_enc
 .text.ble_uuid_vs_add_req_enc
                0x00003bd0       0x70 _build/ble_uuid_vs_add.o
                0x00003bd0                ble_uuid_vs_add_req_enc
 .text.ble_uuid_vs_add_rsp_dec
                0x00003c40       0x60 _build/ble_uuid_vs_add.o
                0x00003c40                ble_uuid_vs_add_rsp_dec
 .text.cond_field_enc
                0x00003ca0       0x30 _build/cond_field_serialization.o
                0x00003ca0                cond_field_enc
 .text.cond_field_dec
                0x00003cd0       0x68 _build/cond_field_serialization.o
                0x00003cd0                cond_field_dec
 .text.ser_app_hal_hw_init
                0x00003d38       0x38 _build/ser_app_hal_nrf51.o
                0x00003d38                ser_app_hal_hw_init
 .text.ser_app_hal_delay
                0x00003d70        0x8 _build/ser_app_hal_nrf51.o
                0x00003d70                ser_app_hal_delay
 .text.ser_app_hal_nrf_reset_pin_clear
                0x00003d78       0x14 _build/ser_app_hal_nrf51.o
                0x00003d78                ser_app_hal_nrf_reset_pin_clear
 .text.ser_app_hal_nrf_reset_pin_set
                0x00003d8c       0x10 _build/ser_app_hal_nrf51.o
                0x00003d8c                ser_app_hal_nrf_reset_pin_set
 .text.ser_app_hal_nrf_evt_irq_priority_set
                0x00003d9c       0x20 _build/ser_app_hal_nrf51.o
                0x00003d9c                ser_app_hal_nrf_evt_irq_priority_set
 .text.ser_app_hal_nrf_evt_pending
                0x00003dbc       0x14 _build/ser_app_hal_nrf51.o
                0x00003dbc                ser_app_hal_nrf_evt_pending
 .text.ser_app_power_system_off_get
                0x00003dd0        0xc _build/ser_app_power_system_off.o
                0x00003dd0                ser_app_power_system_off_get
 .text.ser_app_power_system_off_enter
                0x00003ddc       0x10 _build/ser_app_power_system_off.o
                0x00003ddc                ser_app_power_system_off_enter
 .text.phy_events_handler
                0x00003dec      0x224 _build/ser_hal_transport.o
 .text.ser_hal_transport_open
                0x00004010       0x50 _build/ser_hal_transport.o
                0x00004010                ser_hal_transport_open
 .text.ser_hal_transport_rx_pkt_free
                0x00004060       0x58 _build/ser_hal_transport.o
                0x00004060                ser_hal_transport_rx_pkt_free
 .text.ser_hal_transport_tx_pkt_alloc
                0x000040b8       0x3c _build/ser_hal_transport.o
                0x000040b8                ser_hal_transport_tx_pkt_alloc
 .text.ser_hal_transport_tx_pkt_send
                0x000040f4       0x60 _build/ser_hal_transport.o
                0x000040f4                ser_hal_transport_tx_pkt_send
 .text.ser_phy_uart_tx
                0x00004154       0x9c _build/ser_phy_nrf51_uart.o
 .text.ser_phy_uart_evt_callback
                0x000041f0      0x19c _build/ser_phy_nrf51_uart.o
 .text.ser_phy_open
                0x0000438c       0x3c _build/ser_phy_nrf51_uart.o
                0x0000438c                ser_phy_open
 .text.ser_phy_tx_pkt_send
                0x000043c8       0x54 _build/ser_phy_nrf51_uart.o
                0x000043c8                ser_phy_tx_pkt_send
 .text.ser_phy_rx_buf_set
                0x0000441c       0x38 _build/ser_phy_nrf51_uart.o
                0x0000441c                ser_phy_rx_buf_set
 .text.ser_phy_interrupts_enable
                0x00004454        0xc _build/ser_phy_nrf51_uart.o
                0x00004454                ser_phy_interrupts_enable
 .text.ser_phy_interrupts_disable
                0x00004460       0x10 _build/ser_phy_nrf51_uart.o
                0x00004460                ser_phy_interrupts_disable
 .text.ser_sd_transport_hal_handler
                0x00004470       0xd4 _build/ser_sd_transport.o
 .text.ser_sd_transport_open
                0x00004544       0x40 _build/ser_sd_transport.o
                0x00004544                ser_sd_transport_open
 .text.ser_sd_transport_is_busy
                0x00004584        0xc _build/ser_sd_transport.o
                0x00004584                ser_sd_transport_is_busy
 .text.ser_sd_transport_tx_alloc
                0x00004590       0x1c _build/ser_sd_transport.o
                0x00004590                ser_sd_transport_tx_alloc
 .text.ser_sd_transport_rx_free
                0x000045ac        0xc _build/ser_sd_transport.o
                0x000045ac                ser_sd_transport_rx_free
 .text.ser_sd_transport_cmd_write
                0x000045b8       0x58 _build/ser_sd_transport.o
                0x000045b8                ser_sd_transport_cmd_write
 .text.os_rsp_set_handler
                0x00004610        0x4 _build/ser_softdevice_handler.o
                0x00004610                os_rsp_set_handler
 .text.ser_sd_rsp_wait
                0x00004614       0x10 _build/ser_softdevice_handler.o
 .text.ser_softdevice_evt_handler
                0x00004624       0x54 _build/ser_softdevice_handler.o
 .text.sd_evt_get
                0x00004678        0x4 _build/ser_softdevice_handler.o
                0x00004678                sd_evt_get
 .text.sd_ble_evt_get
                0x0000467c       0x2c _build/ser_softdevice_handler.o
                0x0000467c                sd_ble_evt_get
 .text.sd_softdevice_enable
                0x000046a8       0x58 _build/ser_softdevice_handler.o
                0x000046a8                sd_softdevice_enable
 .text.app_error_handler
                0x00004700       0x18 _build/app_error.o
                0x00004700                app_error_handler
 .text.app_mailbox_create
                0x00004718       0x18 _build/app_mailbox.o
                0x00004718                app_mailbox_create
 .text.app_mailbox_put
                0x00004730       0x84 _build/app_mailbox.o
                0x00004730                app_mailbox_put
 .text.app_mailbox_get
                0x000047b4       0x5c _build/app_mailbox.o
                0x000047b4                app_mailbox_get
 .text.rtc1_stop
                0x00004810       0x78 _build/app_timer.o
 .text.RTC1_IRQHandler
                0x00004888       0xe0 _build/app_timer.o
                0x00004888                RTC1_IRQHandler
 .text.SWI0_IRQHandler
                0x00004968      0x4c0 _build/app_timer.o
                0x00004968                SWI0_IRQHandler
 .text.critical_region_enter
                0x00004e28       0x10 _build/app_util_platform.o
                0x00004e28                critical_region_enter
 .text.critical_region_exit
                0x00004e38       0x14 _build/app_util_platform.o
                0x00004e38                critical_region_exit
 .text.uart_event_handler
                0x00004e4c       0x70 _build/app_uart.o
                0x00004e4c                uart_event_handler
 .text.app_uart_init
                0x00004ebc       0x8c _build/app_uart.o
                0x00004ebc                app_uart_init
 .text.app_uart_put
                0x00004f48       0x28 _build/app_uart.o
                0x00004f48                app_uart_put
 .text.ble_flash_block_write
                0x00004f70       0x90 _build/ble_flash.o
                0x00004f70                ble_flash_block_write
 .text.ble_flash_page_erase
                0x00005000       0x54 _build/ble_flash.o
                0x00005000                ble_flash_page_erase
 .text.nrf_delay_ms
                0x00005054       0x3c _build/nrf_delay.o
                0x00005054                nrf_delay_ms
 .text.nrf_drv_common_irq_enable
                0x00005090       0x7c _build/nrf_drv_common.o
                0x00005090                nrf_drv_common_irq_enable
 .text.nrf_drv_uart_init
                0x0000510c      0x110 _build/nrf_drv_uart.o
                0x0000510c                nrf_drv_uart_init
 .text.nrf_drv_uart_tx
                0x0000521c       0xb4 _build/nrf_drv_uart.o
                0x0000521c                nrf_drv_uart_tx
 .text.nrf_drv_uart_rx
                0x000052d0       0xf0 _build/nrf_drv_uart.o
                0x000052d0                nrf_drv_uart_rx
 .text.nrf_drv_uart_rx_enable
                0x000053c0       0x2c _build/nrf_drv_uart.o
                0x000053c0                nrf_drv_uart_rx_enable
 .text.UART0_IRQHandler
                0x000053ec      0x16c _build/nrf_drv_uart.o
                0x000053ec                UART0_IRQHandler
 .text.sd_nvic_EnableIRQ
                0x00005558       0x14 _build/nrf_soc.o
                0x00005558                sd_nvic_EnableIRQ
 .text.sd_app_evt_wait
                0x0000556c        0x8 _build/nrf_soc.o
                0x0000556c                sd_app_evt_wait
 .text.pstorage_init
                0x00005574       0x54 _build/pstorage_nosd.o
                0x00005574                pstorage_init
 .text.pstorage_register
                0x000055c8       0xd8 _build/pstorage_nosd.o
                0x000055c8                pstorage_register
 .text.pstorage_block_identifier_get
                0x000056a0       0x50 _build/pstorage_nosd.o
                0x000056a0                pstorage_block_identifier_get
 .text.pstorage_store
                0x000056f0       0x9c _build/pstorage_nosd.o
                0x000056f0                pstorage_store
 .text.pstorage_update
                0x0000578c      0x1a8 _build/pstorage_nosd.o
                0x0000578c                pstorage_update
 .text.pstorage_load
                0x00005934       0xa8 _build/pstorage_nosd.o
                0x00005934                pstorage_load
 .text.pstorage_clear
                0x000059dc       0xac _build/pstorage_nosd.o
                0x000059dc                pstorage_clear
 .text.pstorage_sys_event_handler
                0x00005a88        0x4 _build/pstorage_nosd.o
                0x00005a88                pstorage_sys_event_handler
 .text.pstorage_access_status_get
                0x00005a8c        0xc _build/pstorage_nosd.o
                0x00005a8c                pstorage_access_status_get
 .text.db_discovery_evt_handler
                0x00005a98      0x120 _build/client_handling.o
 .text.client_handling_dm_event_handler
                0x00005bb8       0x6c _build/client_handling.o
                0x00005bb8                client_handling_dm_event_handler
 .text.client_handling_ble_evt_handler
                0x00005c24      0x1ac _build/client_handling.o
                0x00005c24                client_handling_ble_evt_handler
 .text.client_handling_init
                0x00005dd0       0xb0 _build/client_handling.o
                0x00005dd0                client_handling_init
 .text.client_handling_create
                0x00005e80       0x70 _build/client_handling.o
                0x00005e80                client_handling_create
 .text.client_handling_destroy
                0x00005ef0       0x70 _build/client_handling.o
                0x00005ef0                client_handling_destroy
 .text.ble_evt_dispatch
                0x00005f60       0x9c _build/main.o
 .text.sys_evt_dispatch
                0x00005ffc       0x5c _build/main.o
 .text.device_manager_event_handler
                0x00006058      0x124 _build/main.o
 .text.assert_nrf_callback
                0x0000617c       0x14 _build/main.o
                0x0000617c                assert_nrf_callback
 .text.startup.main
                0x00006190      0x1a8 _build/main.o
                0x00006190                main
 .text.discovery_complete_evt_trigger
                0x00006338       0xfc _build/ble_db_discovery.o
 .text.descriptors_discover
                0x00006434       0xb0 _build/ble_db_discovery.o
 .text.on_srv_disc_completion.part.4
                0x000064e4      0x108 _build/ble_db_discovery.o
 .text.ble_db_discovery_init
                0x000065ec       0x20 _build/ble_db_discovery.o
                0x000065ec                ble_db_discovery_init
 .text.ble_db_discovery_evt_register
                0x0000660c       0x54 _build/ble_db_discovery.o
                0x0000660c                ble_db_discovery_evt_register
 .text.ble_db_discovery_start
                0x00006660       0x6c _build/ble_db_discovery.o
                0x00006660                ble_db_discovery_start
 .text.ble_db_discovery_on_ble_evt
                0x000066cc      0x698 _build/ble_db_discovery.o
                0x000066cc                ble_db_discovery_on_ble_evt
 .text.storage_operation_dummy_handler
                0x00006d64        0x4 _build/device_manager_central.o
 .text.gattc_context_load
                0x00006d68        0x4 _build/device_manager_central.o
 .text.gattc_context_apply
                0x00006d6c        0x4 _build/device_manager_central.o
 .text.gatts_context_apply
                0x00006d70       0x58 _build/device_manager_central.o
 .text.gatts_context_store
                0x00006dc8       0xbc _build/device_manager_central.o
 .text.gatts_context_load
                0x00006e84       0x38 _build/device_manager_central.o
 .text.dm_pstorage_cb_handler
                0x00006ebc      0x150 _build/device_manager_central.o
 .text.no_service_context_load
                0x0000700c        0x4 _build/device_manager_central.o
 .text.no_service_context_store
                0x00007010        0x4 _build/device_manager_central.o
 .text.gattc_context_store
                0x00007014        0x4 _build/device_manager_central.o
 .text.no_service_context_apply
                0x00007018        0x4 _build/device_manager_central.o
 .text.gattsc_context_load
                0x0000701c       0x38 _build/device_manager_central.o
 .text.gattsc_context_apply
                0x00007054       0x58 _build/device_manager_central.o
 .text.gattsc_context_store
                0x000070ac       0xbc _build/device_manager_central.o
 .text.initiate_security_request
                0x00007168       0x68 _build/device_manager_central.o
                0x00007168                initiate_security_request
 .text.dm_init  0x000071d0      0x12c _build/device_manager_central.o
                0x000071d0                dm_init
 .text.dm_register
                0x000072fc       0x5c _build/device_manager_central.o
                0x000072fc                dm_register
 .text.dm_security_setup_req
                0x00007358      0x168 _build/device_manager_central.o
                0x00007358                dm_security_setup_req
 .text.dm_ble_evt_handler
                0x000074c0      0x750 _build/device_manager_central.o
                0x000074c0                dm_ble_evt_handler
 .text.SystemInit
                0x00007c10       0x94 _build/system_nrf51.o
                0x00007c10                SystemInit
 .text.softdevice_assertion_handler
                0x00007ca4        0xc _build/softdevice_handler.o
                0x00007ca4                softdevice_assertion_handler
 .text.intern_softdevice_events_execute.part.0
                0x00007cb0       0xe8 _build/softdevice_handler.o
 .text.softdevice_handler_init
                0x00007d98       0x4c _build/softdevice_handler.o
                0x00007d98                softdevice_handler_init
 .text.softdevice_ble_evt_handler_set
                0x00007de4       0x14 _build/softdevice_handler.o
                0x00007de4                softdevice_ble_evt_handler_set
 .text.softdevice_sys_evt_handler_set
                0x00007df8       0x14 _build/softdevice_handler.o
                0x00007df8                softdevice_sys_evt_handler_set
 .text.SWI2_IRQHandler
                0x00007e0c       0x34 _build/softdevice_handler.o
                0x00007e0c                SWI2_IRQHandler
 .text          0x00007e40       0x54 _build/gcc_startup_nrf51.o
                0x00007e40                Reset_Handler
                0x00007e88                NMI_Handler
                0x00007e8a                HardFault_Handler
                0x00007e8c                SVC_Handler
                0x00007e8e                PendSV_Handler
                0x00007e90                SysTick_Handler
                0x00007e92                GPIOTE_IRQHandler
                0x00007e92                RTC0_IRQHandler
                0x00007e92                SPI0_TWI0_IRQHandler
                0x00007e92                RADIO_IRQHandler
                0x00007e92                LPCOMP_IRQHandler
                0x00007e92                SWI4_IRQHandler
                0x00007e92                TEMP_IRQHandler
                0x00007e92                QDEC_IRQHandler
                0x00007e92                SWI5_IRQHandler
                0x00007e92                TIMER0_IRQHandler
                0x00007e92                POWER_CLOCK_IRQHandler
                0x00007e92                TIMER1_IRQHandler
                0x00007e92                ECB_IRQHandler
                0x00007e92                Default_Handler
                0x00007e92                ADC_IRQHandler
                0x00007e92                SWI3_IRQHandler
                0x00007e92                CCM_AAR_IRQHandler
                0x00007e92                WDT_IRQHandler
                0x00007e92                TIMER2_IRQHandler
                0x00007e92                RNG_IRQHandler
                0x00007e92                SPI1_TWI1_IRQHandler
                0x00007e92                SWI1_IRQHandler
 .text          0x00007e94      0x114 c:/program files (x86)/gnu tools arm embedded/5.4 2016q3/bin/../lib/gcc/arm-none-eabi/5.4.1/armv6-m\libgcc.a(_udivsi3.o)
                0x00007e94                __aeabi_uidiv
                0x00007e94                __udivsi3
                0x00007fa0                __aeabi_uidivmod
 .text          0x00007fa8        0x4 c:/program files (x86)/gnu tools arm embedded/5.4 2016q3/bin/../lib/gcc/arm-none-eabi/5.4.1/armv6-m\libgcc.a(_dvmd_tls.o)
                0x00007fa8                __aeabi_idiv0
                0x00007fa8                __aeabi_ldiv0
 .text.memcmp   0x00007fac       0x1e c:/program files (x86)/gnu tools arm embedded/5.4 2016q3/bin/../lib/gcc/arm-none-eabi/5.4.1/../../../../arm-none-eabi/lib/armv6-m\libc_nano.a(lib_a-memcmp.o)
                0x00007fac                memcmp
 .text.memcpy   0x00007fca       0x12 c:/program files (x86)/gnu tools arm embedded/5.4 2016q3/bin/../lib/gcc/arm-none-eabi/5.4.1/../../../../arm-none-eabi/lib/armv6-m\libc_nano.a(lib_a-memcpy-stub.o)
                0x00007fca                memcpy
 *(.init)
 .init          0x00007fdc        0x4 c:/program files (x86)/gnu tools arm embedded/5.4 2016q3/bin/../lib/gcc/arm-none-eabi/5.4.1/armv6-m/crti.o
                0x00007fdc                _init
 .init          0x00007fe0        0x8 c:/program files (x86)/gnu tools arm embedded/5.4 2016q3/bin/../lib/gcc/arm-none-eabi/5.4.1/armv6-m/crtn.o
 *(.fini)
 .fini          0x00007fe8        0x4 c:/program files (x86)/gnu tools arm embedded/5.4 2016q3/bin/../lib/gcc/arm-none-eabi/5.4.1/armv6-m/crti.o
                0x00007fe8                _fini
 .fini          0x00007fec        0x8 c:/program files (x86)/gnu tools arm embedded/5.4 2016q3/bin/../lib/gcc/arm-none-eabi/5.4.1/armv6-m/crtn.o
 *crtbegin.o(.ctors)
 *crtbegin?.o(.ctors)
 *(EXCLUDE_FILE(*crtend.o *crtend?.o) .ctors)
 *(SORT(.ctors.*))
 *(.ctors)
 *crtbegin.o(.dtors)
 *crtbegin?.o(.dtors)
 *(EXCLUDE_FILE(*crtend.o *crtend?.o) .dtors)
 *(SORT(.dtors.*))
 *(.dtors)
 *(.rodata*)
 .rodata._global_impure_ptr
                0x00007ff4        0x4 c:/program files (x86)/gnu tools arm embedded/5.4 2016q3/bin/../lib/gcc/arm-none-eabi/5.4.1/../../../../arm-none-eabi/lib/armv6-m\libc_nano.a(lib_a-impure.o)
                0x00007ff4                _global_impure_ptr
 .rodata.ble_event_dec
                0x00007ff8      0x388 _build/ble_event.o
 .rodata.phy_events_handler
                0x00008380       0x1c _build/ser_hal_transport.o
 .rodata.comm_params
                0x0000839c        0xc _build/ser_phy_nrf51_uart.o
 .rodata.sd_ble_evt_mailbox
                0x000083a8        0xc _build/ser_softdevice_handler.o
                0x000083a8                sd_ble_evt_mailbox
 .rodata        0x000083b4       0x20 _build/app_uart.o
 .rodata.m_default_config
                0x000083d4       0x20 _build/nrf_drv_uart.o
 .rodata        0x000083f4       0x24 _build/client_handling.o
 .rodata.device_manager_event_handler
                0x00008418       0x4c _build/main.o
 .rodata.m_connection_param
                0x00008464        0x8 _build/main.o
 .rodata.str1.4
                0x0000846c        0xc _build/main.o
                                  0xa (size before relaxing)
 .rodata.m_scan_param
                0x00008478       0x10 _build/main.o
 .rodata.ble_db_discovery_on_ble_evt
                0x00008488       0x90 _build/ble_db_discovery.o
 .rodata.m_service_context_apply
                0x00008518       0x10 _build/device_manager_central.o
                0x00008518                m_service_context_apply
 .rodata.m_service_context_store
                0x00008528       0x10 _build/device_manager_central.o
                0x00008528                m_service_context_store
 .rodata.m_service_context_load
                0x00008538       0x10 _build/device_manager_central.o
                0x00008538                m_service_context_load
 *(.eh_frame*)
 .eh_frame      0x00008548        0x0 c:/program files (x86)/gnu tools arm embedded/5.4 2016q3/bin/../lib/gcc/arm-none-eabi/5.4.1/armv6-m/crtbegin.o
                0x00008548                . = ALIGN (0x4)

.glue_7         0x00008548        0x0
 .glue_7        0x00008548        0x0 linker stubs

.glue_7t        0x00008548        0x0
 .glue_7t       0x00008548        0x0 linker stubs

.vfp11_veneer   0x00008548        0x0
 .vfp11_veneer  0x00008548        0x0 linker stubs

.v4_bx          0x00008548        0x0
 .v4_bx         0x00008548        0x0 linker stubs

.iplt           0x00008548        0x0
 .iplt          0x00008548        0x0 c:/program files (x86)/gnu tools arm embedded/5.4 2016q3/bin/../lib/gcc/arm-none-eabi/5.4.1/armv6-m/crtbegin.o

.ARM.extab      0x00008548        0x0
 *(.ARM.extab* .gnu.linkonce.armextab.*)
                0x00008548                . = ALIGN (0x4)
                0x00008548                __exidx_start = .

.ARM.exidx      0x00008548        0x8
 *(.ARM.exidx* .gnu.linkonce.armexidx.*)
 .ARM.exidx     0x00008548        0x8 c:/program files (x86)/gnu tools arm embedded/5.4 2016q3/bin/../lib/gcc/arm-none-eabi/5.4.1/../../../../arm-none-eabi/lib/armv6-m/crt0.o
 .ARM.exidx     0x00008550        0x0 _build/gcc_startup_nrf51.o
                                  0x8 (size before relaxing)
                0x00008550                . = ALIGN (0x4)
                0x00008550                __exidx_end = .
                0x00008550                __etext = .

.rel.dyn        0x00008550        0x0
 .rel.iplt      0x00008550        0x0 c:/program files (x86)/gnu tools arm embedded/5.4 2016q3/bin/../lib/gcc/arm-none-eabi/5.4.1/armv6-m/crtbegin.o

.data           0x20000000       0x68 load address 0x00008550
                0x20000000                __data_start__ = .
 *(vtable)
 *(.data*)
 .data.impure_data
                0x20000000       0x60 c:/program files (x86)/gnu tools arm embedded/5.4 2016q3/bin/../lib/gcc/arm-none-eabi/5.4.1/../../../../arm-none-eabi/lib/armv6-m\libc_nano.a(lib_a-impure.o)
                0x20000060                . = ALIGN (0x4)
                0x20000060                PROVIDE (__preinit_array_start, .)
 *(.preinit_array)
                0x20000060                PROVIDE (__preinit_array_end, .)
                0x20000060                . = ALIGN (0x4)
                0x20000060                PROVIDE (__init_array_start, .)
 *(SORT(.init_array.*))
 *(.init_array)
 .init_array    0x20000060        0x4 c:/program files (x86)/gnu tools arm embedded/5.4 2016q3/bin/../lib/gcc/arm-none-eabi/5.4.1/armv6-m/crtbegin.o
                0x20000064                PROVIDE (__init_array_end, .)
                0x20000064                . = ALIGN (0x4)
                [!provide]                PROVIDE (__fini_array_start, .)
 *(SORT(.fini_array.*))
 *(.fini_array)
 .fini_array    0x20000064        0x4 c:/program files (x86)/gnu tools arm embedded/5.4 2016q3/bin/../lib/gcc/arm-none-eabi/5.4.1/armv6-m/crtbegin.o
                [!provide]                PROVIDE (__fini_array_end, .)
 *(.jcr)
 .jcr           0x20000068        0x0 c:/program files (x86)/gnu tools arm embedded/5.4 2016q3/bin/../lib/gcc/arm-none-eabi/5.4.1/armv6-m/crtbegin.o
                0x20000068                . = ALIGN (0x4)
                0x20000068                __data_end__ = .

.igot.plt       0x20000068        0x0 load address 0x000085b8
 .igot.plt      0x20000068        0x0 c:/program files (x86)/gnu tools arm embedded/5.4 2016q3/bin/../lib/gcc/arm-none-eabi/5.4.1/armv6-m/crtbegin.o

.bss            0x20000068      0xd68 load address 0x000085b8
                0x20000068                . = ALIGN (0x4)
                0x20000068                __bss_start__ = .
 *(.bss*)
 .bss           0x20000068       0x1c c:/program files (x86)/gnu tools arm embedded/5.4 2016q3/bin/../lib/gcc/arm-none-eabi/5.4.1/armv6-m/crtbegin.o
 .bss.mp_out_params
                0x20000084        0xc _build/app_mw_ble.o
 .bss.m_output_params
                0x20000090        0x8 _build/app_mw_ble_gap.o
 .bss.mp_out_params
                0x20000098        0xc _build/app_mw_ble_gatts.o
 .bss.m_power_system_off
                0x200000a4        0x1 _build/ser_app_power_system_off.o
 *fill*         0x200000a5        0x3 
 .bss.m_events_handler
                0x200000a8        0x4 _build/ser_hal_transport.o
 .bss.m_rx_state
                0x200000ac        0x1 _build/ser_hal_transport.o
 *fill*         0x200000ad        0x3 
 .bss.m_tx_buffer
                0x200000b0      0x180 _build/ser_hal_transport.o
 .bss.m_rx_buffer
                0x20000230      0x180 _build/ser_hal_transport.o
 .bss.m_tx_state
                0x200003b0        0x1 _build/ser_hal_transport.o
 *fill*         0x200003b1        0x1 
 .bss.m_rx_stream_index
                0x200003b2        0x2 _build/ser_phy_nrf51_uart.o
 .bss.m_ser_phy_event_handler
                0x200003b4        0x4 _build/ser_phy_nrf51_uart.o
 .bss.m_rx_length_buf
                0x200003b8        0x2 _build/ser_phy_nrf51_uart.o
 .bss.m_other_side_active
                0x200003ba        0x1 _build/ser_phy_nrf51_uart.o
 *fill*         0x200003bb        0x1 
 .bss.mp_tx_stream
                0x200003bc        0x4 _build/ser_phy_nrf51_uart.o
 .bss.m_tx_stream_index
                0x200003c0        0x2 _build/ser_phy_nrf51_uart.o
 *fill*         0x200003c2        0x2 
 .bss.mp_rx_stream
                0x200003c4        0x4 _build/ser_phy_nrf51_uart.o
 .bss.m_rx_stream_length
                0x200003c8        0x2 _build/ser_phy_nrf51_uart.o
 *fill*         0x200003ca        0x2 
 .bss.m_ser_phy_rx_event
                0x200003cc        0xc _build/ser_phy_nrf51_uart.o
 .bss.m_tx_stream_length
                0x200003d8        0x2 _build/ser_phy_nrf51_uart.o
 *fill*         0x200003da        0x2 
 .bss.m_rx_drop_buf
                0x200003dc        0x1 _build/ser_phy_nrf51_uart.o
 *fill*         0x200003dd        0x3 
 .bss.m_tx_length_buf
                0x200003e0        0x2 _build/ser_phy_nrf51_uart.o
 *fill*         0x200003e2        0x2 
 .bss.m_ser_phy_tx_event
                0x200003e4        0xc _build/ser_phy_nrf51_uart.o
 .bss.m_rsp_wait
                0x200003f0        0x1 _build/ser_sd_transport.o
 *fill*         0x200003f1        0x3 
 .bss.m_os_rsp_wait_handler
                0x200003f4        0x4 _build/ser_sd_transport.o
 .bss.m_rsp_dec_handler
                0x200003f8        0x4 _build/ser_sd_transport.o
 .bss.m_evt_handler
                0x200003fc        0x4 _build/ser_sd_transport.o
 .bss.m_os_rsp_set_handler
                0x20000400        0x4 _build/ser_sd_transport.o
 .bss.m_rx_notify_handler
                0x20000404        0x4 _build/ser_sd_transport.o
 .bss.m_return_value
                0x20000408        0x4 _build/ser_sd_transport.o
 .bss.m_ot_rsp_wait_handler
                0x2000040c        0x4 _build/ser_sd_transport.o
 .bss.mailbox_items_sd_ble_evt_mailbox
                0x20000410      0x17c _build/ser_softdevice_handler.o
 .bss.mailbox_cb_sd_ble_evt_mailbox
                0x2000058c        0x4 _build/ser_softdevice_handler.o
 .bss.m_ticks_latest
                0x20000590        0x4 _build/app_timer.o
 .bss.mp_timer_id_head
                0x20000594        0x4 _build/app_timer.o
 .bss.m_evt_schedule_func
                0x20000598        0x4 _build/app_timer.o
 .bss.m_user_array_size
                0x2000059c        0x1 _build/app_timer.o
 *fill*         0x2000059d        0x3 
 .bss.mp_users  0x200005a0        0x4 _build/app_timer.o
 .bss.m_ticks_elapsed_q_read_ind
                0x200005a4        0x1 _build/app_timer.o
 .bss.m_ticks_elapsed_q_write_ind
                0x200005a5        0x1 _build/app_timer.o
 .bss.m_rtc1_reset
                0x200005a6        0x1 _build/app_timer.o
 *fill*         0x200005a7        0x1 
 .bss.m_ticks_elapsed
                0x200005a8        0x8 _build/app_timer.o
 .bss.m_rtc1_running
                0x200005b0        0x1 _build/app_timer.o
 *fill*         0x200005b1        0x3 
 .bss.m_in_critical_region
                0x200005b4        0x4 _build/app_util_platform.o
 .bss.tx_buffer
                0x200005b8        0x1 _build/app_uart.o
 *fill*         0x200005b9        0x3 
 .bss.m_event_handler
                0x200005bc        0x4 _build/app_uart.o
 .bss.rx_buffer
                0x200005c0        0x1 _build/app_uart.o
 .bss.rx_done   0x200005c1        0x1 _build/app_uart.o
 .bss.m_radio_active
                0x200005c2        0x1 _build/ble_flash.o
 *fill*         0x200005c3        0x1 
 .bss.m_cb      0x200005c4       0x18 _build/nrf_drv_uart.o
 .bss.m_app_table
                0x200005dc       0x10 _build/pstorage_nosd.o
 .bss.m_next_app_instance
                0x200005ec        0x4 _build/pstorage_nosd.o
 .bss.m_module_initialized
                0x200005f0        0x1 _build/pstorage_nosd.o
 *fill*         0x200005f1        0x3 
 .bss.m_next_page_addr
                0x200005f4        0x4 _build/pstorage_nosd.o
 .bss.m_base_uuid_type
                0x200005f8        0x1 _build/client_handling.o
 .bss.m_client_count
                0x200005f9        0x1 _build/client_handling.o
 *fill*         0x200005fa        0x2 
 .bss.m_client  0x200005fc      0x410 _build/client_handling.o
 .bss.BLE_EVT_BUFFER.8006
                0x20000a0c       0x48 _build/main.o
 .bss.m_dm_app_id
                0x20000a54        0x1 _build/main.o
 .bss.m_peer_count
                0x20000a55        0x1 _build/main.o
 .bss.m_memory_access_in_progress
                0x20000a56        0x1 _build/main.o
 *fill*         0x20000a57        0x1 
 .bss.m_pending_user_evts
                0x20000a58       0x88 _build/ble_db_discovery.o
 .bss.m_pending_usr_evt_index
                0x20000ae0        0x4 _build/ble_db_discovery.o
 .bss.m_registered_handlers
                0x20000ae4       0x10 _build/ble_db_discovery.o
 .bss.m_initialized
                0x20000af4        0x1 _build/ble_db_discovery.o
 *fill*         0x20000af5        0x3 
 .bss.m_num_of_handlers_reg
                0x20000af8        0x4 _build/ble_db_discovery.o
 .bss.m_module_initialized
                0x20000afc        0x1 _build/device_manager_central.o
 *fill*         0x20000afd        0x3 
 .bss.m_connection_table
                0x20000b00       0x60 _build/device_manager_central.o
 .bss.m_peer_table
                0x20000b60       0xc0 _build/device_manager_central.o
 .bss.m_storage_handle
                0x20000c20        0x8 _build/device_manager_central.o
 .bss.m_bond_table
                0x20000c28       0xe0 _build/device_manager_central.o
 .bss.m_gatts_table
                0x20000d08       0x60 _build/device_manager_central.o
 .bss.m_peer_addr_update
                0x20000d68        0x4 _build/device_manager_central.o
 .bss.m_application_table
                0x20000d6c        0xc _build/device_manager_central.o
 .bss.m_softdevice_enabled
                0x20000d78        0x1 _build/softdevice_handler.o
 *fill*         0x20000d79        0x1 
 .bss.m_ble_evt_buffer_size
                0x20000d7a        0x2 _build/softdevice_handler.o
 .bss.mp_ble_evt_buffer
                0x20000d7c        0x4 _build/softdevice_handler.o
 .bss.m_sys_evt_handler
                0x20000d80        0x4 _build/softdevice_handler.o
 .bss.m_ble_evt_handler
                0x20000d84        0x4 _build/softdevice_handler.o
 .bss.m_evt_schedule_func
                0x20000d88        0x4 _build/softdevice_handler.o
 *(COMMON)
 COMMON         0x20000d8c       0x38 _build/app_ble_gap_sec_keys.o
                0x20000d8c                m_app_keys_table
 COMMON         0x20000dc4        0xc _build/app_ble_user_mem.o
                0x20000dc4                m_app_user_mem_table
                0x20000dd0                . = ALIGN (0x4)
                0x20000dd0                __bss_end__ = .

.heap           0x20000dd0      0x800
                0x20000dd0                __end__ = .
                0x20000dd0                end = __end__
 *(.heap*)
 .heap          0x20000dd0      0x800 _build/gcc_startup_nrf51.o
                0x20000dd0                __HeapBase
                0x200015d0                __HeapLimit = .

.stack_dummy    0x20000dd0      0x800
 *(.stack*)
 .stack         0x20000dd0      0x800 _build/gcc_startup_nrf51.o
                0x20008000                __StackTop = (ORIGIN (RAM) + LENGTH (RAM))
                0x20007800                __StackLimit = (__StackTop - SIZEOF (.stack_dummy))
                0x20008000                PROVIDE (__stack, __StackTop)
                0x00000001                ASSERT ((__StackLimit >= __HeapLimit), region RAM overflowed with stack)
OUTPUT(_build/nrf51422_xxac_s130.out elf32-littlearm)

.ARM.attributes
                0x00000000       0x28
 .ARM.attributes
                0x00000000       0x1e c:/program files (x86)/gnu tools arm embedded/5.4 2016q3/bin/../lib/gcc/arm-none-eabi/5.4.1/armv6-m/crti.o
 .ARM.attributes
                0x0000001e       0x2c c:/program files (x86)/gnu tools arm embedded/5.4 2016q3/bin/../lib/gcc/arm-none-eabi/5.4.1/armv6-m/crtbegin.o
 .ARM.attributes
                0x0000004a       0x1b c:/program files (x86)/gnu tools arm embedded/5.4 2016q3/bin/../lib/gcc/arm-none-eabi/5.4.1/../../../../arm-none-eabi/lib/armv6-m/crt0.o
 .ARM.attributes
                0x00000065       0x2c c:/program files (x86)/gnu tools arm embedded/5.4 2016q3/bin/../lib/gcc/arm-none-eabi/5.4.1/../../../../arm-none-eabi/lib/armv6-m\libc_nano.a(lib_a-exit.o)
 .ARM.attributes
                0x00000091       0x2c c:/program files (x86)/gnu tools arm embedded/5.4 2016q3/bin/../lib/gcc/arm-none-eabi/5.4.1/../../../../arm-none-eabi/lib/armv6-m\libc_nano.a(lib_a-impure.o)
 .ARM.attributes
                0x000000bd       0x2c c:/program files (x86)/gnu tools arm embedded/5.4 2016q3/bin/../lib/gcc/arm-none-eabi/5.4.1/../../../../arm-none-eabi/lib/armv6-m\libc_nano.a(lib_a-init.o)
 .ARM.attributes
                0x000000e9       0x2c c:/program files (x86)/gnu tools arm embedded/5.4 2016q3/bin/../lib/gcc/arm-none-eabi/5.4.1/../../../../arm-none-eabi/lib/armv6-m\libc_nano.a(lib_a-memset.o)
 .ARM.attributes
                0x00000115       0x2c c:/program files (x86)/gnu tools arm embedded/5.4 2016q3/bin/../lib/gcc/arm-none-eabi/5.4.1/../../../../arm-none-eabi/lib/armv6-m\libnosys.a(_exit.o)
 .ARM.attributes
                0x00000141       0x31 _build/app_ble_gap_sec_keys.o
 .ARM.attributes
                0x00000172       0x31 _build/app_ble_user_mem.o
 .ARM.attributes
                0x000001a3       0x31 _build/app_mw_ble.o
 .ARM.attributes
                0x000001d4       0x31 _build/app_mw_ble_gap.o
 .ARM.attributes
                0x00000205       0x31 _build/app_mw_ble_gattc.o
 .ARM.attributes
                0x00000236       0x31 _build/app_mw_ble_gatts.o
 .ARM.attributes
                0x00000267       0x31 _build/ble_enable.o
 .ARM.attributes
                0x00000298       0x31 _build/ble_event.o
 .ARM.attributes
                0x000002c9       0x31 _build/ble_evt_tx_complete.o
 .ARM.attributes
                0x000002fa       0x31 _build/ble_evt_user_mem_release.o
 .ARM.attributes
                0x0000032b       0x31 _build/ble_evt_user_mem_request.o
 .ARM.attributes
                0x0000035c       0x31 _build/ble_gap_authenticate.o
 .ARM.attributes
                0x0000038d       0x31 _build/ble_gap_connect.o
 .ARM.attributes
                0x000003be       0x31 _build/ble_gap_encrypt.o
 .ARM.attributes
                0x000003ef       0x31 _build/ble_gap_evt_adv_report.o
 .ARM.attributes
                0x00000420       0x31 _build/ble_gap_evt_auth_key_request.o
 .ARM.attributes
                0x00000451       0x31 _build/ble_gap_evt_auth_status.o
 .ARM.attributes
                0x00000482       0x31 _build/ble_gap_evt_conn_param_update.o
 .ARM.attributes
                0x000004b3       0x31 _build/ble_gap_evt_conn_param_update_request.o
 .ARM.attributes
                0x000004e4       0x31 _build/ble_gap_evt_conn_sec_update.o
 .ARM.attributes
                0x00000515       0x31 _build/ble_gap_evt_connected.o
 .ARM.attributes
                0x00000546       0x31 _build/ble_gap_evt_disconnected.o
 .ARM.attributes
                0x00000577       0x31 _build/ble_gap_evt_passkey_display.o
 .ARM.attributes
                0x000005a8       0x31 _build/ble_gap_evt_rssi_changed.o
 .ARM.attributes
                0x000005d9       0x31 _build/ble_gap_evt_scan_req_report.o
 .ARM.attributes
                0x0000060a       0x31 _build/ble_gap_evt_sec_info_request.o
 .ARM.attributes
                0x0000063b       0x31 _build/ble_gap_evt_sec_params_request.o
 .ARM.attributes
                0x0000066c       0x31 _build/ble_gap_evt_sec_request.o
 .ARM.attributes
                0x0000069d       0x31 _build/ble_gap_evt_timeout.o
 .ARM.attributes
                0x000006ce       0x31 _build/ble_gap_scan_start.o
 .ARM.attributes
                0x000006ff       0x31 _build/ble_gap_scan_stop.o
 .ARM.attributes
                0x00000730       0x31 _build/ble_gap_sec_params_reply.o
 .ARM.attributes
                0x00000761       0x31 _build/ble_gap_struct_serialization.o
 .ARM.attributes
                0x00000792       0x31 _build/ble_gattc_characteristics_discover.o
 .ARM.attributes
                0x000007c3       0x31 _build/ble_gattc_descriptors_discover.o
 .ARM.attributes
                0x000007f4       0x31 _build/ble_gattc_evt_char_disc_rsp.o
 .ARM.attributes
                0x00000825       0x31 _build/ble_gattc_evt_char_val_by_uuid_read_rsp.o
 .ARM.attributes
                0x00000856       0x31 _build/ble_gattc_evt_char_vals_read_rsp.o
 .ARM.attributes
                0x00000887       0x31 _build/ble_gattc_evt_desc_disc_rsp.o
 .ARM.attributes
                0x000008b8       0x31 _build/ble_gattc_evt_hvx.o
 .ARM.attributes
                0x000008e9       0x31 _build/ble_gattc_evt_prim_srvc_disc_rsp.o
 .ARM.attributes
                0x0000091a       0x31 _build/ble_gattc_evt_read_rsp.o
 .ARM.attributes
                0x0000094b       0x31 _build/ble_gattc_evt_rel_disc_rsp.o
 .ARM.attributes
                0x0000097c       0x31 _build/ble_gattc_evt_timeout.o
 .ARM.attributes
                0x000009ad       0x31 _build/ble_gattc_evt_write_rsp.o
 .ARM.attributes
                0x000009de       0x31 _build/ble_gattc_primary_services_discover.o
 .ARM.attributes
                0x00000a0f       0x31 _build/ble_gattc_struct_serialization.o
 .ARM.attributes
                0x00000a40       0x31 _build/ble_gattc_write.o
 .ARM.attributes
                0x00000a71       0x31 _build/ble_gatts_evt_hvc.o
 .ARM.attributes
                0x00000aa2       0x31 _build/ble_gatts_evt_rw_authorize_request.o
 .ARM.attributes
                0x00000ad3       0x31 _build/ble_gatts_evt_sc_confirm.o
 .ARM.attributes
                0x00000b04       0x31 _build/ble_gatts_evt_sys_attr_missing.o
 .ARM.attributes
                0x00000b35       0x31 _build/ble_gatts_evt_timeout.o
 .ARM.attributes
                0x00000b66       0x31 _build/ble_gatts_evt_write.o
 .ARM.attributes
                0x00000b97       0x31 _build/ble_gatts_struct_serialization.o
 .ARM.attributes
                0x00000bc8       0x31 _build/ble_gatts_sys_attr_get.o
 .ARM.attributes
                0x00000bf9       0x31 _build/ble_gatts_sys_attr_set.o
 .ARM.attributes
                0x00000c2a       0x31 _build/ble_l2cap_evt_rx.o
 .ARM.attributes
                0x00000c5b       0x31 _build/ble_serialization.o
 .ARM.attributes
                0x00000c8c       0x31 _build/ble_struct_serialization.o
 .ARM.attributes
                0x00000cbd       0x31 _build/ble_uuid_vs_add.o
 .ARM.attributes
                0x00000cee       0x31 _build/cond_field_serialization.o
 .ARM.attributes
                0x00000d1f       0x31 _build/ser_app_hal_nrf51.o
 .ARM.attributes
                0x00000d50       0x31 _build/ser_app_power_system_off.o
 .ARM.attributes
                0x00000d81       0x31 _build/ser_hal_transport.o
 .ARM.attributes
                0x00000db2       0x31 _build/ser_phy_nrf51_uart.o
 .ARM.attributes
                0x00000de3       0x31 _build/ser_sd_transport.o
 .ARM.attributes
                0x00000e14       0x31 _build/ser_softdevice_handler.o
 .ARM.attributes
                0x00000e45       0x31 _build/app_error.o
 .ARM.attributes
                0x00000e76       0x31 _build/app_mailbox.o
 .ARM.attributes
                0x00000ea7       0x31 _build/app_timer.o
 .ARM.attributes
                0x00000ed8       0x31 _build/app_util_platform.o
 .ARM.attributes
                0x00000f09       0x31 _build/app_uart.o
 .ARM.attributes
                0x00000f3a       0x31 _build/ble_flash.o
 .ARM.attributes
                0x00000f6b       0x31 _build/nrf_delay.o
 .ARM.attributes
                0x00000f9c       0x31 _build/nrf_drv_common.o
 .ARM.attributes
                0x00000fcd       0x31 _build/nrf_drv_uart.o
 .ARM.attributes
                0x00000ffe       0x31 _build/nrf_soc.o
 .ARM.attributes
                0x0000102f       0x31 _build/pstorage_nosd.o
 .ARM.attributes
                0x00001060       0x31 _build/client_handling.o
 .ARM.attributes
                0x00001091       0x31 _build/main.o
 .ARM.attributes
                0x000010c2       0x31 _build/ble_db_discovery.o
 .ARM.attributes
                0x000010f3       0x31 _build/device_manager_central.o
 .ARM.attributes
                0x00001124       0x31 _build/system_nrf51.o
 .ARM.attributes
                0x00001155       0x31 _build/softdevice_handler.o
 .ARM.attributes
                0x00001186       0x1b _build/gcc_startup_nrf51.o
 .ARM.attributes
                0x000011a1       0x1e c:/program files (x86)/gnu tools arm embedded/5.4 2016q3/bin/../lib/gcc/arm-none-eabi/5.4.1/armv6-m\libgcc.a(_udivsi3.o)
 .ARM.attributes
                0x000011bf       0x1e c:/program files (x86)/gnu tools arm embedded/5.4 2016q3/bin/../lib/gcc/arm-none-eabi/5.4.1/armv6-m\libgcc.a(_dvmd_tls.o)
 .ARM.attributes
                0x000011dd       0x2c c:/program files (x86)/gnu tools arm embedded/5.4 2016q3/bin/../lib/gcc/arm-none-eabi/5.4.1/../../../../arm-none-eabi/lib/armv6-m\libc_nano.a(lib_a-memcmp.o)
 .ARM.attributes
                0x00001209       0x2c c:/program files (x86)/gnu tools arm embedded/5.4 2016q3/bin/../lib/gcc/arm-none-eabi/5.4.1/../../../../arm-none-eabi/lib/armv6-m\libc_nano.a(lib_a-memcpy-stub.o)
 .ARM.attributes
                0x00001235       0x1e c:/program files (x86)/gnu tools arm embedded/5.4 2016q3/bin/../lib/gcc/arm-none-eabi/5.4.1/armv6-m/crtn.o

.comment        0x00000000       0x6e
 .comment       0x00000000       0x6e _build/app_ble_gap_sec_keys.o
                                 0x6f (size before relaxing)
 .comment       0x0000006e       0x6f _build/app_ble_user_mem.o
 .comment       0x0000006e       0x6f _build/app_mw_ble.o
 .comment       0x0000006e       0x6f _build/app_mw_ble_gap.o
 .comment       0x0000006e       0x6f _build/app_mw_ble_gattc.o
 .comment       0x0000006e       0x6f _build/app_mw_ble_gatts.o
 .comment       0x0000006e       0x6f _build/ble_enable.o
 .comment       0x0000006e       0x6f _build/ble_event.o
 .comment       0x0000006e       0x6f _build/ble_evt_tx_complete.o
 .comment       0x0000006e       0x6f _build/ble_evt_user_mem_release.o
 .comment       0x0000006e       0x6f _build/ble_evt_user_mem_request.o
 .comment       0x0000006e       0x6f _build/ble_gap_authenticate.o
 .comment       0x0000006e       0x6f _build/ble_gap_connect.o
 .comment       0x0000006e       0x6f _build/ble_gap_encrypt.o
 .comment       0x0000006e       0x6f _build/ble_gap_evt_adv_report.o
 .comment       0x0000006e       0x6f _build/ble_gap_evt_auth_key_request.o
 .comment       0x0000006e       0x6f _build/ble_gap_evt_auth_status.o
 .comment       0x0000006e       0x6f _build/ble_gap_evt_conn_param_update.o
 .comment       0x0000006e       0x6f _build/ble_gap_evt_conn_param_update_request.o
 .comment       0x0000006e       0x6f _build/ble_gap_evt_conn_sec_update.o
 .comment       0x0000006e       0x6f _build/ble_gap_evt_connected.o
 .comment       0x0000006e       0x6f _build/ble_gap_evt_disconnected.o
 .comment       0x0000006e       0x6f _build/ble_gap_evt_passkey_display.o
 .comment       0x0000006e       0x6f _build/ble_gap_evt_rssi_changed.o
 .comment       0x0000006e       0x6f _build/ble_gap_evt_scan_req_report.o
 .comment       0x0000006e       0x6f _build/ble_gap_evt_sec_info_request.o
 .comment       0x0000006e       0x6f _build/ble_gap_evt_sec_params_request.o
 .comment       0x0000006e       0x6f _build/ble_gap_evt_sec_request.o
 .comment       0x0000006e       0x6f _build/ble_gap_evt_timeout.o
 .comment       0x0000006e       0x6f _build/ble_gap_scan_start.o
 .comment       0x0000006e       0x6f _build/ble_gap_scan_stop.o
 .comment       0x0000006e       0x6f _build/ble_gap_sec_params_reply.o
 .comment       0x0000006e       0x6f _build/ble_gap_struct_serialization.o
 .comment       0x0000006e       0x6f _build/ble_gattc_characteristics_discover.o
 .comment       0x0000006e       0x6f _build/ble_gattc_descriptors_discover.o
 .comment       0x0000006e       0x6f _build/ble_gattc_evt_char_disc_rsp.o
 .comment       0x0000006e       0x6f _build/ble_gattc_evt_char_val_by_uuid_read_rsp.o
 .comment       0x0000006e       0x6f _build/ble_gattc_evt_char_vals_read_rsp.o
 .comment       0x0000006e       0x6f _build/ble_gattc_evt_desc_disc_rsp.o
 .comment       0x0000006e       0x6f _build/ble_gattc_evt_hvx.o
 .comment       0x0000006e       0x6f _build/ble_gattc_evt_prim_srvc_disc_rsp.o
 .comment       0x0000006e       0x6f _build/ble_gattc_evt_read_rsp.o
 .comment       0x0000006e       0x6f _build/ble_gattc_evt_rel_disc_rsp.o
 .comment       0x0000006e       0x6f _build/ble_gattc_evt_timeout.o
 .comment       0x0000006e       0x6f _build/ble_gattc_evt_write_rsp.o
 .comment       0x0000006e       0x6f _build/ble_gattc_primary_services_discover.o
 .comment       0x0000006e       0x6f _build/ble_gattc_struct_serialization.o
 .comment       0x0000006e       0x6f _build/ble_gattc_write.o
 .comment       0x0000006e       0x6f _build/ble_gatts_evt_hvc.o
 .comment       0x0000006e       0x6f _build/ble_gatts_evt_rw_authorize_request.o
 .comment       0x0000006e       0x6f _build/ble_gatts_evt_sc_confirm.o
 .comment       0x0000006e       0x6f _build/ble_gatts_evt_sys_attr_missing.o
 .comment       0x0000006e       0x6f _build/ble_gatts_evt_timeout.o
 .comment       0x0000006e       0x6f _build/ble_gatts_evt_write.o
 .comment       0x0000006e       0x6f _build/ble_gatts_struct_serialization.o
 .comment       0x0000006e       0x6f _build/ble_gatts_sys_attr_get.o
 .comment       0x0000006e       0x6f _build/ble_gatts_sys_attr_set.o
 .comment       0x0000006e       0x6f _build/ble_l2cap_evt_rx.o
 .comment       0x0000006e       0x6f _build/ble_serialization.o
 .comment       0x0000006e       0x6f _build/ble_struct_serialization.o
 .comment       0x0000006e       0x6f _build/ble_uuid_vs_add.o
 .comment       0x0000006e       0x6f _build/cond_field_serialization.o
 .comment       0x0000006e       0x6f _build/ser_app_hal_nrf51.o
 .comment       0x0000006e       0x6f _build/ser_app_power_system_off.o
 .comment       0x0000006e       0x6f _build/ser_hal_transport.o
 .comment       0x0000006e       0x6f _build/ser_phy_nrf51_uart.o
 .comment       0x0000006e       0x6f _build/ser_sd_transport.o
 .comment       0x0000006e       0x6f _build/ser_softdevice_handler.o
 .comment       0x0000006e       0x6f _build/app_error.o
 .comment       0x0000006e       0x6f _build/app_mailbox.o
 .comment       0x0000006e       0x6f _build/app_timer.o
 .comment       0x0000006e       0x6f _build/app_util_platform.o
 .comment       0x0000006e       0x6f _build/app_uart.o
 .comment       0x0000006e       0x6f _build/ble_flash.o
 .comment       0x0000006e       0x6f _build/nrf_delay.o
 .comment       0x0000006e       0x6f _build/nrf_drv_common.o
 .comment       0x0000006e       0x6f _build/nrf_drv_uart.o
 .comment       0x0000006e       0x6f _build/nrf_soc.o
 .comment       0x0000006e       0x6f _build/pstorage_nosd.o
 .comment       0x0000006e       0x6f _build/client_handling.o
 .comment       0x0000006e       0x6f _build/main.o
 .comment       0x0000006e       0x6f _build/ble_db_discovery.o
 .comment       0x0000006e       0x6f _build/device_manager_central.o
 .comment       0x0000006e       0x6f _build/system_nrf51.o
 .comment       0x0000006e       0x6f _build/softdevice_handler.o

.debug_frame    0x00000000      0x108
 .debug_frame   0x00000000       0x28 c:/program files (x86)/gnu tools arm embedded/5.4 2016q3/bin/../lib/gcc/arm-none-eabi/5.4.1/../../../../arm-none-eabi/lib/armv6-m\libc_nano.a(lib_a-exit.o)
 .debug_frame   0x00000028       0x2c c:/program files (x86)/gnu tools arm embedded/5.4 2016q3/bin/../lib/gcc/arm-none-eabi/5.4.1/../../../../arm-none-eabi/lib/armv6-m\libc_nano.a(lib_a-init.o)
 .debug_frame   0x00000054       0x20 c:/program files (x86)/gnu tools arm embedded/5.4 2016q3/bin/../lib/gcc/arm-none-eabi/5.4.1/../../../../arm-none-eabi/lib/armv6-m\libc_nano.a(lib_a-memset.o)
 .debug_frame   0x00000074       0x20 c:/program files (x86)/gnu tools arm embedded/5.4 2016q3/bin/../lib/gcc/arm-none-eabi/5.4.1/../../../../arm-none-eabi/lib/armv6-m\libnosys.a(_exit.o)
 .debug_frame   0x00000094       0x20 c:/program files (x86)/gnu tools arm embedded/5.4 2016q3/bin/../lib/gcc/arm-none-eabi/5.4.1/armv6-m\libgcc.a(_udivsi3.o)
 .debug_frame   0x000000b4       0x2c c:/program files (x86)/gnu tools arm embedded/5.4 2016q3/bin/../lib/gcc/arm-none-eabi/5.4.1/../../../../arm-none-eabi/lib/armv6-m\libc_nano.a(lib_a-memcmp.o)
 .debug_frame   0x000000e0       0x28 c:/program files (x86)/gnu tools arm embedded/5.4 2016q3/bin/../lib/gcc/arm-none-eabi/5.4.1/../../../../arm-none-eabi/lib/armv6-m\libc_nano.a(lib_a-memcpy-stub.o)
